2025-12-08 11:13:53.796893: I tensorflow/core/platform/cpu_feature_guard.cc:210] This TensorFlow binary is optimized to use available CPU instructions in performance-critical operations.
To enable the following instructions: AVX2 FMA, in other operations, rebuild TensorFlow with the appropriate compiler flags.
/home/zekun/Programs/miniconda3/envs/orb-turbo/lib/python3.11/site-packages/seekpath/hpkot/__init__.py:172: DeprecationWarning: dict interface is deprecated. Use attribute interface instead
  conv_lattice = dataset["std_lattice"]
2025-12-08 11:18:19.946534: E external/local_xla/xla/stream_executor/cuda/cuda_platform.cc:51] failed call to cuInit: INTERNAL: CUDA error: Failed call to cuInit: CUDA_ERROR_NO_DEVICE: no CUDA-capable device is detected
2025-12-08 11:18:19.946576: I external/local_xla/xla/stream_executor/cuda/cuda_diagnostics.cc:160] env: CUDA_VISIBLE_DEVICES=""
2025-12-08 11:18:19.946583: I external/local_xla/xla/stream_executor/cuda/cuda_diagnostics.cc:163] CUDA_VISIBLE_DEVICES is set to an empty string - this hides all GPUs from CUDA
2025-12-08 11:18:19.946589: I external/local_xla/xla/stream_executor/cuda/cuda_diagnostics.cc:171] verbose logging is disabled. Rerun with verbose logging (usually --v=1 or --vmodule=cuda_diagnostics=1) to get more diagnostic output from this module
2025-12-08 11:18:19.946597: I external/local_xla/xla/stream_executor/cuda/cuda_diagnostics.cc:176] retrieving CUDA diagnostic information for host: lambda-ryzen
2025-12-08 11:18:19.946602: I external/local_xla/xla/stream_executor/cuda/cuda_diagnostics.cc:183] hostname: lambda-ryzen
2025-12-08 11:18:19.946783: I external/local_xla/xla/stream_executor/cuda/cuda_diagnostics.cc:190] libcuda reported version is: 580.95.5
2025-12-08 11:18:19.946802: I external/local_xla/xla/stream_executor/cuda/cuda_diagnostics.cc:194] kernel reported version is: 580.95.5
2025-12-08 11:18:19.946807: I external/local_xla/xla/stream_executor/cuda/cuda_diagnostics.cc:284] kernel version seems to match DSO: 580.95.5
2025-12-08 11:18:23,062 - kaldo - INFO - ALD_CsPbBr3_NEP/12_12_12/_eigensystem not found in numpy format, calculating _eigensystem
2025-12-08 11:18:26,086 - kaldo - INFO - ALD_CsPbBr3_NEP/12_12_12/_eigensystem stored
2025-12-08 11:18:26,087 - kaldo - INFO - ALD_CsPbBr3_NEP/12_12_12/physical_mode not found in numpy format, calculating physical_mode
2025-12-08 11:18:26,105 - kaldo - INFO - ALD_CsPbBr3_NEP/12_12_12/frequency not found in numpy format, calculating frequency
2025-12-08 11:18:28,275 - kaldo - INFO - ALD_CsPbBr3_NEP/12_12_12/frequency stored
2025-12-08 11:18:28,276 - kaldo - INFO - ALD_CsPbBr3_NEP/12_12_12/physical_mode stored
2025-12-08 11:18:28,942 - kaldo - INFO - Loading ALD_CsPbBr3_NEP/12_12_12/_eigensystem
2025-12-08 11:18:28,942 - kaldo - INFO - Loading ALD_CsPbBr3_NEP/12_12_12/physical_mode
2025-12-08 11:18:29,077 - kaldo - INFO - Loading ALD_CsPbBr3_NEP/12_12_12/_eigensystem
2025-12-08 11:18:29,078 - kaldo - INFO - Loading ALD_CsPbBr3_NEP/12_12_12/physical_mode
2025-12-08 11:18:29,213 - kaldo - INFO - Loading ALD_CsPbBr3_NEP/12_12_12/_eigensystem
2025-12-08 11:18:29,214 - kaldo - INFO - Loading ALD_CsPbBr3_NEP/12_12_12/physical_mode


2025-12-08 11:18:29,534 - kaldo - INFO - ALD_CsPbBr3_NEP/12_12_12/qhgk/500/quantum/conductivity not found in formatted format, calculating conductivity
2025-12-08 11:18:29,534 - kaldo - INFO - Loading ALD_CsPbBr3_NEP/12_12_12/frequency
2025-12-08 11:18:29,535 - kaldo - INFO - Loading ALD_CsPbBr3_NEP/12_12_12/physical_mode
2025-12-08 11:18:29,535 - kaldo - INFO - Using Lorentzian diffusivity_shape
2025-12-08 11:18:29,535 - kaldo - INFO - ALD_CsPbBr3_NEP/12_12_12/500/quantum/bandwidth not found in numpy format, calculating bandwidth
2025-12-08 11:18:29,535 - kaldo - INFO - ALD_CsPbBr3_NEP/12_12_12/500/quantum/anharmonic_bandwidth not found in numpy format, calculating anharmonic_bandwidth
2025-12-08 11:18:29,535 - kaldo - INFO - ALD_CsPbBr3_NEP/12_12_12/500/quantum/_ps_and_gamma not found in numpy format, calculating _ps_and_gamma
2025-12-08 11:18:29,535 - kaldo - INFO - ALD_CsPbBr3_NEP/12_12_12/500/quantum/population not found in numpy format, calculating population
2025-12-08 11:18:31,789 - kaldo - INFO - ALD_CsPbBr3_NEP/12_12_12/500/quantum/population stored
2025-12-08 11:18:31,790 - kaldo - INFO - ALD_CsPbBr3_NEP/12_12_12/_sparse_phase_and_potential not found in numpy format, calculating _sparse_phase_and_potential
2025-12-08 11:18:38,974 - kaldo - INFO - Loading ALD_CsPbBr3_NEP/12_12_12/_eigensystem
2025-12-08 11:18:38,982 - kaldo - INFO - Projection started
2025-12-08 11:18:38,983 - kaldo - INFO - Loading ALD_CsPbBr3_NEP/12_12_12/physical_mode
2025-12-08 11:18:38,983 - kaldo - INFO - Loading ALD_CsPbBr3_NEP/12_12_12/frequency
2025-12-08 11:18:38,983 - kaldo - INFO - ALD_CsPbBr3_NEP/12_12_12/velocity not found in numpy format, calculating velocity
2025-12-08 11:19:01,258 - kaldo - INFO - ALD_CsPbBr3_NEP/12_12_12/velocity stored
2025-12-08 11:19:01,258 - kaldo - INFO - calculating third 0: 0.00%
2025-12-08 11:25:15,952 - kaldo - INFO - calculating third 200: 0.77%
2025-12-08 11:31:37,466 - kaldo - INFO - calculating third 400: 1.54%
2025-12-08 11:37:59,329 - kaldo - INFO - calculating third 600: 2.31%
2025-12-08 11:44:20,143 - kaldo - INFO - calculating third 800: 3.09%
2025-12-08 11:50:40,062 - kaldo - INFO - calculating third 1000: 3.86%
2025-12-08 11:56:57,096 - kaldo - INFO - calculating third 1200: 4.63%
2025-12-08 12:03:16,352 - kaldo - INFO - calculating third 1400: 5.40%
2025-12-08 12:09:38,421 - kaldo - INFO - calculating third 1600: 6.17%
2025-12-08 12:15:59,681 - kaldo - INFO - calculating third 1800: 6.94%
2025-12-08 12:22:20,561 - kaldo - INFO - calculating third 2000: 7.72%
2025-12-08 12:28:41,512 - kaldo - INFO - calculating third 2200: 8.49%
2025-12-08 12:35:02,117 - kaldo - INFO - calculating third 2400: 9.26%
2025-12-08 12:41:22,428 - kaldo - INFO - calculating third 2600: 10.03%
2025-12-08 12:47:44,105 - kaldo - INFO - calculating third 2800: 10.80%
2025-12-08 12:54:04,921 - kaldo - INFO - calculating third 3000: 11.57%
2025-12-08 13:00:25,353 - kaldo - INFO - calculating third 3200: 12.35%
2025-12-08 13:06:43,072 - kaldo - INFO - calculating third 3400: 13.12%
2025-12-08 13:13:02,217 - kaldo - INFO - calculating third 3600: 13.89%
2025-12-08 13:19:23,060 - kaldo - INFO - calculating third 3800: 14.66%
2025-12-08 13:25:43,311 - kaldo - INFO - calculating third 4000: 15.43%
2025-12-08 13:32:03,479 - kaldo - INFO - calculating third 4200: 16.20%
2025-12-08 13:38:24,069 - kaldo - INFO - calculating third 4400: 16.98%
2025-12-08 13:44:44,146 - kaldo - INFO - calculating third 4600: 17.75%
2025-12-08 13:51:04,247 - kaldo - INFO - calculating third 4800: 18.52%
2025-12-08 13:57:24,542 - kaldo - INFO - calculating third 5000: 19.29%
2025-12-08 14:03:45,049 - kaldo - INFO - calculating third 5200: 20.06%
2025-12-08 14:10:05,561 - kaldo - INFO - calculating third 5400: 20.83%
2025-12-08 14:16:25,333 - kaldo - INFO - calculating third 5600: 21.60%
2025-12-08 14:22:45,361 - kaldo - INFO - calculating third 5800: 22.38%
2025-12-08 14:29:05,477 - kaldo - INFO - calculating third 6000: 23.15%
2025-12-08 14:35:25,422 - kaldo - INFO - calculating third 6200: 23.92%
2025-12-08 14:41:45,187 - kaldo - INFO - calculating third 6400: 24.69%
2025-12-08 14:48:05,019 - kaldo - INFO - calculating third 6600: 25.46%
2025-12-08 14:54:25,075 - kaldo - INFO - calculating third 6800: 26.23%
2025-12-08 15:00:45,142 - kaldo - INFO - calculating third 7000: 27.01%
2025-12-08 15:07:01,241 - kaldo - INFO - calculating third 7200: 27.78%
2025-12-08 15:13:21,299 - kaldo - INFO - calculating third 7400: 28.55%
2025-12-08 15:19:41,119 - kaldo - INFO - calculating third 7600: 29.32%
2025-12-08 15:25:57,497 - kaldo - INFO - calculating third 7800: 30.09%
2025-12-08 15:32:17,139 - kaldo - INFO - calculating third 8000: 30.86%
2025-12-08 15:38:34,831 - kaldo - INFO - calculating third 8200: 31.64%
2025-12-08 15:44:52,272 - kaldo - INFO - calculating third 8400: 32.41%
2025-12-08 15:51:11,300 - kaldo - INFO - calculating third 8600: 33.18%
2025-12-08 15:57:31,322 - kaldo - INFO - calculating third 8800: 33.95%
2025-12-08 16:03:50,752 - kaldo - INFO - calculating third 9000: 34.72%
2025-12-08 16:10:10,768 - kaldo - INFO - calculating third 9200: 35.49%
2025-12-08 16:16:30,508 - kaldo - INFO - calculating third 9400: 36.27%
2025-12-08 16:22:48,566 - kaldo - INFO - calculating third 9600: 37.04%
2025-12-08 16:29:05,771 - kaldo - INFO - calculating third 9800: 37.81%
2025-12-08 16:35:21,213 - kaldo - INFO - calculating third 10000: 38.58%
2025-12-08 16:41:37,437 - kaldo - INFO - calculating third 10200: 39.35%
2025-12-08 16:47:55,849 - kaldo - INFO - calculating third 10400: 40.12%
2025-12-08 16:54:14,588 - kaldo - INFO - calculating third 10600: 40.90%
2025-12-08 17:00:31,857 - kaldo - INFO - calculating third 10800: 41.67%
2025-12-08 17:06:45,747 - kaldo - INFO - calculating third 11000: 42.44%
2025-12-08 17:13:01,803 - kaldo - INFO - calculating third 11200: 43.21%
2025-12-08 17:19:19,018 - kaldo - INFO - calculating third 11400: 43.98%
2025-12-08 17:25:35,736 - kaldo - INFO - calculating third 11600: 44.75%
2025-12-08 17:31:46,910 - kaldo - INFO - calculating third 11800: 45.52%
2025-12-08 17:37:55,026 - kaldo - INFO - calculating third 12000: 46.30%
2025-12-08 17:44:04,556 - kaldo - INFO - calculating third 12200: 47.07%
2025-12-08 17:50:18,827 - kaldo - INFO - calculating third 12400: 47.84%
2025-12-08 17:56:36,124 - kaldo - INFO - calculating third 12600: 48.61%
2025-12-08 18:02:53,388 - kaldo - INFO - calculating third 12800: 49.38%
2025-12-08 18:09:09,078 - kaldo - INFO - calculating third 13000: 50.15%
2025-12-08 18:15:22,847 - kaldo - INFO - calculating third 13200: 50.93%
2025-12-08 18:21:36,110 - kaldo - INFO - calculating third 13400: 51.70%
2025-12-08 18:27:49,696 - kaldo - INFO - calculating third 13600: 52.47%
2025-12-08 18:34:01,198 - kaldo - INFO - calculating third 13800: 53.24%
2025-12-08 18:40:10,379 - kaldo - INFO - calculating third 14000: 54.01%
2025-12-08 18:46:13,503 - kaldo - INFO - calculating third 14200: 54.78%
2025-12-08 18:52:18,898 - kaldo - INFO - calculating third 14400: 55.56%
2025-12-08 18:58:32,231 - kaldo - INFO - calculating third 14600: 56.33%
2025-12-08 19:04:44,941 - kaldo - INFO - calculating third 14800: 57.10%
2025-12-08 19:11:00,552 - kaldo - INFO - calculating third 15000: 57.87%
2025-12-08 19:17:13,263 - kaldo - INFO - calculating third 15200: 58.64%
2025-12-08 19:23:26,810 - kaldo - INFO - calculating third 15400: 59.41%
2025-12-08 19:29:42,205 - kaldo - INFO - calculating third 15600: 60.19%
2025-12-08 19:35:58,548 - kaldo - INFO - calculating third 15800: 60.96%
2025-12-08 19:42:12,056 - kaldo - INFO - calculating third 16000: 61.73%
2025-12-08 19:48:22,308 - kaldo - INFO - calculating third 16200: 62.50%
2025-12-08 19:54:29,059 - kaldo - INFO - calculating third 16400: 63.27%
2025-12-08 20:00:41,524 - kaldo - INFO - calculating third 16600: 64.04%
2025-12-08 20:06:55,553 - kaldo - INFO - calculating third 16800: 64.81%
2025-12-08 20:13:12,167 - kaldo - INFO - calculating third 17000: 65.59%
2025-12-08 20:19:28,453 - kaldo - INFO - calculating third 17200: 66.36%
2025-12-08 20:25:43,329 - kaldo - INFO - calculating third 17400: 67.13%
2025-12-08 20:31:59,819 - kaldo - INFO - calculating third 17600: 67.90%
2025-12-08 20:38:15,064 - kaldo - INFO - calculating third 17800: 68.67%
2025-12-08 20:44:31,521 - kaldo - INFO - calculating third 18000: 69.44%
2025-12-08 20:50:46,463 - kaldo - INFO - calculating third 18200: 70.22%
2025-12-08 20:56:59,741 - kaldo - INFO - calculating third 18400: 70.99%
2025-12-08 21:03:11,856 - kaldo - INFO - calculating third 18600: 71.76%
2025-12-08 21:09:24,371 - kaldo - INFO - calculating third 18800: 72.53%
2025-12-08 21:15:39,411 - kaldo - INFO - calculating third 19000: 73.30%
2025-12-08 21:21:55,112 - kaldo - INFO - calculating third 19200: 74.07%
2025-12-08 21:28:11,253 - kaldo - INFO - calculating third 19400: 74.85%
2025-12-08 21:34:27,285 - kaldo - INFO - calculating third 19600: 75.62%
2025-12-08 21:40:43,196 - kaldo - INFO - calculating third 19800: 76.39%
2025-12-08 21:46:58,821 - kaldo - INFO - calculating third 20000: 77.16%
2025-12-08 21:53:10,707 - kaldo - INFO - calculating third 20200: 77.93%
2025-12-08 21:59:26,636 - kaldo - INFO - calculating third 20400: 78.70%
2025-12-08 22:05:42,646 - kaldo - INFO - calculating third 20600: 79.48%
2025-12-08 22:11:55,375 - kaldo - INFO - calculating third 20800: 80.25%
2025-12-08 22:18:11,388 - kaldo - INFO - calculating third 21000: 81.02%
2025-12-08 22:24:23,830 - kaldo - INFO - calculating third 21200: 81.79%
2025-12-08 22:30:38,963 - kaldo - INFO - calculating third 21400: 82.56%
2025-12-08 22:36:53,124 - kaldo - INFO - calculating third 21600: 83.33%
2025-12-08 22:43:07,930 - kaldo - INFO - calculating third 21800: 84.10%
2025-12-08 22:49:22,100 - kaldo - INFO - calculating third 22000: 84.88%
2025-12-08 22:55:36,558 - kaldo - INFO - calculating third 22200: 85.65%
2025-12-08 23:01:50,630 - kaldo - INFO - calculating third 22400: 86.42%
2025-12-08 23:08:04,534 - kaldo - INFO - calculating third 22600: 87.19%
2025-12-08 23:14:17,640 - kaldo - INFO - calculating third 22800: 87.96%
2025-12-08 23:20:31,809 - kaldo - INFO - calculating third 23000: 88.73%
2025-12-08 23:26:45,940 - kaldo - INFO - calculating third 23200: 89.51%
2025-12-08 23:32:59,902 - kaldo - INFO - calculating third 23400: 90.28%
2025-12-08 23:39:13,517 - kaldo - INFO - calculating third 23600: 91.05%
2025-12-08 23:45:27,585 - kaldo - INFO - calculating third 23800: 91.82%
2025-12-08 23:51:41,863 - kaldo - INFO - calculating third 24000: 92.59%
2025-12-08 23:57:56,130 - kaldo - INFO - calculating third 24200: 93.36%
2025-12-09 00:04:10,546 - kaldo - INFO - calculating third 24400: 94.14%
2025-12-09 00:10:25,978 - kaldo - INFO - calculating third 24600: 94.91%
2025-12-09 00:16:38,842 - kaldo - INFO - calculating third 24800: 95.68%
2025-12-09 00:22:51,164 - kaldo - INFO - calculating third 25000: 96.45%
2025-12-09 00:29:04,476 - kaldo - INFO - calculating third 25200: 97.22%
2025-12-09 00:35:19,243 - kaldo - INFO - calculating third 25400: 97.99%
2025-12-09 00:41:33,540 - kaldo - INFO - calculating third 25600: 98.77%
2025-12-09 00:47:48,046 - kaldo - INFO - calculating third 25800: 99.54%
2025-12-09 00:51:33,377 - kaldo - INFO - '_project_crystal'  48781.59 s
2025-12-09 00:52:01,183 - kaldo - INFO - ALD_CsPbBr3_NEP/12_12_12/_sparse_phase_and_potential stored as 25917 per-mu arrays
2025-12-09 00:52:45,335 - kaldo - INFO - Loading ALD_CsPbBr3_NEP/12_12_12/_sparse_phase_and_potential
2025-12-09 00:54:34,447 - kaldo - INFO - ALD_CsPbBr3_NEP/12_12_12/500/quantum/_ps_and_gamma stored
2025-12-09 00:54:34,947 - kaldo - INFO - ALD_CsPbBr3_NEP/12_12_12/500/quantum/anharmonic_bandwidth stored
2025-12-09 00:54:38,537 - kaldo - INFO - ALD_CsPbBr3_NEP/12_12_12/500/quantum/bandwidth stored
2025-12-09 00:54:42,923 - kaldo - INFO - Start calculation diffusivity
/home/zekun/Programs/miniconda3/envs/orb-turbo/lib/python3.11/site-packages/kaldo/controllers/dirac_kernel.py:26: RuntimeWarning: invalid value encountered in divide
  lorentzian = 1 / np.pi * 1 / 2 * sigma / (delta_omega ** 2 + (sigma / 2) ** 2)
2025-12-09 00:57:28,569 - kaldo - INFO - Conductivity calculated
kappa from QHGK (W/mK) along x: 0.406
kappa from QHGK (W/mK) along y: 0.406
kappa from QHGK (W/mK) along z: 0.405


2025-12-09 00:57:28,922 - kaldo - INFO - ALD_CsPbBr3_NEP/12_12_12/inverse/500/quantum/conductivity not found in formatted format, calculating conductivity
2025-12-09 00:57:28,922 - kaldo - INFO - ALD_CsPbBr3_NEP/12_12_12/inverse/500/quantum/mean_free_path not found in formatted format, calculating mean_free_path
2025-12-09 00:57:28,922 - kaldo - INFO - Loading ALD_CsPbBr3_NEP/12_12_12/physical_mode
2025-12-09 00:57:28,923 - kaldo - INFO - Loading ALD_CsPbBr3_NEP/12_12_12/velocity
2025-12-09 00:57:28,924 - kaldo - INFO - Loading ALD_CsPbBr3_NEP/12_12_12/physical_mode
2025-12-09 00:57:28,925 - kaldo - INFO - Loading ALD_CsPbBr3_NEP/12_12_12/frequency
2025-12-09 00:57:28,925 - kaldo - INFO - ALD_CsPbBr3_NEP/12_12_12/500/quantum/_ps_gamma_and_gamma_tensor not found in numpy format, calculating _ps_gamma_and_gamma_tensor
2025-12-09 00:57:28,926 - kaldo - INFO - Loading ALD_CsPbBr3_NEP/12_12_12/500/quantum/population
2025-12-09 00:57:52,581 - kaldo - INFO - Loading ALD_CsPbBr3_NEP/12_12_12/_sparse_phase_and_potential
2025-12-09 00:59:01,633 - kaldo - INFO - Loading ALD_CsPbBr3_NEP/12_12_12/_sparse_phase_and_potential
2025-12-09 00:59:03,877 - kaldo - INFO - scattering_tensor: [25920 25922] * <class 'float'>
2025-12-09 00:59:04,117 - kaldo - INFO - Memory needed: 5375 MB, available: 150451 / 270102 MB
2025-12-09 01:17:27,991 - kaldo - INFO - ALD_CsPbBr3_NEP/12_12_12/500/quantum/_ps_gamma_and_gamma_tensor stored
2025-12-09 01:17:48,995 - kaldo - INFO - _scattering_matrix: [25917 25917] * <class 'float'>
2025-12-09 01:17:48,995 - kaldo - INFO - Memory needed: 5373 MB, available: 144997 / 270102 MB
2025-12-09 01:17:49,623 - kaldo - INFO - Loading ALD_CsPbBr3_NEP/12_12_12/500/quantum/bandwidth
2025-12-09 01:19:06,809 - kaldo - INFO - Loading ALD_CsPbBr3_NEP/12_12_12/physical_mode
2025-12-09 01:19:06,810 - kaldo - INFO - Loading ALD_CsPbBr3_NEP/12_12_12/frequency
2025-12-09 01:19:07,571 - kaldo - INFO - Loading ALD_CsPbBr3_NEP/12_12_12/500/quantum/_ps_gamma_and_gamma_tensor
2025-12-09 01:19:09,995 - kaldo - INFO - _scattering_matrix: [25917 25917] * <class 'float'>
2025-12-09 01:19:09,995 - kaldo - INFO - Memory needed: 5373 MB, available: 144150 / 270102 MB
2025-12-09 01:19:10,615 - kaldo - INFO - Loading ALD_CsPbBr3_NEP/12_12_12/500/quantum/bandwidth
2025-12-09 01:20:18,572 - kaldo - INFO - Loading ALD_CsPbBr3_NEP/12_12_12/physical_mode
2025-12-09 01:20:18,572 - kaldo - INFO - Loading ALD_CsPbBr3_NEP/12_12_12/frequency
2025-12-09 01:20:19,334 - kaldo - INFO - Loading ALD_CsPbBr3_NEP/12_12_12/500/quantum/_ps_gamma_and_gamma_tensor
2025-12-09 01:20:21,771 - kaldo - INFO - _scattering_matrix: [25917 25917] * <class 'float'>
2025-12-09 01:20:21,771 - kaldo - INFO - Memory needed: 5373 MB, available: 144725 / 270102 MB
2025-12-09 01:20:22,401 - kaldo - INFO - Loading ALD_CsPbBr3_NEP/12_12_12/500/quantum/bandwidth
2025-12-09 01:21:29,633 - kaldo - INFO - ALD_CsPbBr3_NEP/12_12_12/500/quantum/heat_capacity not found in numpy format, calculating heat_capacity
2025-12-09 01:21:43,673 - kaldo - INFO - ALD_CsPbBr3_NEP/12_12_12/500/quantum/heat_capacity stored
2025-12-09 01:21:43,674 - kaldo - INFO - Loading ALD_CsPbBr3_NEP/12_12_12/velocity
2025-12-09 01:21:43,674 - kaldo - INFO - Loading ALD_CsPbBr3_NEP/12_12_12/physical_mode
2025-12-09 01:21:43,698 - kaldo - INFO - Conductivity calculated
kappa from inverseion (W/mK) along x: 0.337
kappa from inverseion (W/mK) along y: 0.335
kappa from inverseion (W/mK) along z : 0.336


2025-12-09 01:21:44,048 - kaldo - WARNING - rta method is specified, but n_iterations is not specified to be 0. Please check your setup. Now, n_iterations is reset to 0.
2025-12-09 01:21:44,050 - kaldo - INFO - ALD_CsPbBr3_NEP/12_12_12/rta/500/quantum/conductivity not found in formatted format, calculating conductivity
2025-12-09 01:21:44,051 - kaldo - INFO - ALD_CsPbBr3_NEP/12_12_12/rta/500/quantum/mean_free_path not found in formatted format, calculating mean_free_path
2025-12-09 01:21:44,052 - kaldo - INFO - Loading ALD_CsPbBr3_NEP/12_12_12/velocity
2025-12-09 01:21:44,052 - kaldo - INFO - Loading ALD_CsPbBr3_NEP/12_12_12/physical_mode
2025-12-09 01:21:44,053 - kaldo - INFO - Loading ALD_CsPbBr3_NEP/12_12_12/500/quantum/bandwidth
2025-12-09 01:21:44,181 - kaldo - INFO - Loading ALD_CsPbBr3_NEP/12_12_12/500/quantum/heat_capacity
2025-12-09 01:21:44,182 - kaldo - INFO - Loading ALD_CsPbBr3_NEP/12_12_12/velocity
2025-12-09 01:21:44,182 - kaldo - INFO - Loading ALD_CsPbBr3_NEP/12_12_12/physical_mode
2025-12-09 01:21:44,245 - kaldo - INFO - Conductivity calculated
kappa from RTA (W/mK) along x: 0.320
kappa from RTA (W/mK) along y: 0.319
kappa from RTA (W/mK) along z: 0.319


kappa full QHGK (W/mK) along x: 0.423
kappa full QHGK (W/mK) along y: 0.422
kappa full QHGK (W/mK) along z: 0.422
