0.0916753 0.0507635 0.0464223 0.0311375 0.0746566 0.00818285 0.0749569 0.0686681 0.0418622 0.0476148 0.0480725 0.0195764
0.0378181 0.0319226 0.0214762 0.0965893 0.0932978 0.005262 0.0232127 0.0347991 0.0436459 0.10645 0.0848411 0.00371906
-0.0170533 0.00704866 0.00900101 -0.00195107 -0.0277314 0.123931 -0.00909172 0.0135664 0.00861234 0.00515641 -0.00716891 0.0898416
0.0141804 -0.00363777 -0.0125759 -0.0447577 0.0602409 -0.0412548 -0.00753234 0.0269986 -0.030355 -0.045863 0.0362631 -0.0400042
-0.0353399 -0.0392223 0.00998043 -0.0123886 0.0283465 0.0998186 -0.0292947 -0.0166498 0.0162814 -0.00141734 0.0169 0.0923564
0.00126053 -0.0126264 -0.0406705 0.0941426 0.0608319 0.026097 0.0014 -0.00113766 -0.0363481 0.0791425 0.0379234 0.0252948
0.0244266 0.00533411 0.0583923 0.0167975 -0.0468611 -0.0927428 0.0315678 0.00311234 0.0582223 0.00267594 -0.0545564 -0.0808295
0.069425 0.0122935 0.0765951 0.0497649 -0.0558593 0.0314933 0.068747 0.0187247 0.0671119 0.0522952 -0.0443478 0.0341119
0.0713411 -0.0145139 0.00542234 -0.0107879 0.016553 -0.0147557 0.0614583 -0.00322937 0.00534406 -0.0109106 0.00943922 -0.0206689
0.0278156 0.0305208 -0.0154627 -0.0947595 0.0435019 0.0754203 0.025373 0.0431152 -0.00818281 -0.0792355 0.031778 0.0604917
-0.0159034 -0.0219688 0.0209007 -0.0725786 -0.0910281 -0.0757482 -0.0177878 -0.00928578 0.023602 -0.0611191 -0.080503 -0.0709713
-0.0452303 -0.0374959 -0.0201788 -0.109602 -0.0529805 -0.10934 -0.0362355 -0.04698 -0.0105534 -0.0810277 -0.0455375 -0.0920989
0.0667934 0.050607 0.0717471 -0.0467065 -0.00490574 0.0019041 0.0562433 0.0591892 0.0605425 -0.0389864 -0.00204531 -0.00047
0.00530979 0.0518387 0.0212465 0.107881 -0.0467321 0.0897993 0.00769188 0.0367705 0.0287975 0.0901578 -0.0477516 0.0723556
0.0550973 0.0474811 0.0769216 -0.0699261 -0.00721345 -0.0582059 0.0512191 0.0644156 0.0842725 -0.0466969 -0.0145192 -0.0378827
-0.0274213 -0.00685988 0.0179321 0.000400104 -0.0348406 -0.0600476 -0.0321284 -0.00933734 0.0151366 -0.00297078 -0.031255 -0.0410672
0.0121076 0.00254553 0.0325493 0.0376506 -0.0466009 -0.0300874 0.00495891 0.0220802 0.0304634 0.0481703 -0.035552 -0.020787
0.00923671 -0.00386346 -0.0299357 -0.0130826 -0.0505753 0.0745665 0.00718953 0.00607203 -0.0134691 -0.00213625 -0.0507375 0.0854161
0.0321993 0.0392538 0.00158489 -0.00333184 0.0528179 0.108437 0.0195436 0.0520145 0.0278808 0.0227945 0.0495175 0.0843155
-0.0576529 -0.000440992 -0.0083395 -0.00847037 -0.0797096 0.0167141 -0.0395253 -0.0132761 -0.0116591 -0.000111719 -0.0547292 0.00472656
-0.00769897 0.0291146 -0.00518002 -0.140631 -0.0699284 0.12034 -0.0208708 0.0375911 0.0109964 -0.128698 -0.0570508 0.0982383
0.0127811 0.0580207 0.0102594 0.0203877 0.000381759 0.160854 0.0163345 0.0826222 0.0219009 0.0258969 -0.0124109 0.142028
-0.0258034 -0.0244569 -0.0445748 -0.0630903 0.0688991 0.135345 -0.0297686 -0.0165369 -0.0226006 -0.03719 0.0472734 0.110901
0.0390782 -0.0240846 0.0199586 0.0520746 -0.0717255 0.0370604 0.0358542 -0.00384578 0.0196336 0.0395372 -0.0652292 0.0160053
-0.0189063 -0.0150193 -0.0168617 -0.110342 0.0776982 -0.0875945 -0.0100305 -0.000945156 -0.0138722 -0.10835 0.0565333 -0.0733369
0.0416606 -0.0117875 0.0115593 -0.0217885 0.0395762 0.0435006 0.0150367 -0.00490344 0.00841016 -0.0168359 0.0246625 0.0321136
-0.025702 -0.0243551 -0.0342185 -0.0472413 -0.0032219 0.130141 -0.0313998 -0.0141458 -0.0279794 -0.0383519 -0.00436953 0.106569
0.0600752 0.043608 0.0401979 -0.121532 0.12307 -0.0442861 0.0580161 0.0626745 0.0442187 -0.115079 0.120097 -0.0517695
-0.0245758 -0.0758864 -0.0312749 0.109912 -0.156241 -0.0561942 -0.0170964 -0.0550855 -0.0185134 0.0944269 -0.145532 -0.0345294
0.0421613 0.0723851 0.0421939 -0.0878049 0.141787 -0.0318665 0.0469667 0.0660933 0.0255819 -0.0660014 0.1194 -0.0155863
0.0511859 0.0125441 0.0237976 0.0431296 -0.11321 0.112389 0.0389155 0.00913391 0.0188531 0.0516934 -0.0972853 0.0753964
0.0488838 0.043882 0.0503832 0.0072388 -0.00491483 0.00654958 0.0313887 0.0489953 0.043562 0.0147056 0.00046625 0.000524062
-0.0258799 -0.0233695 0.0510626 0.0145675 0.0876951 -0.0134823 -0.0201031 -0.00982844 0.0651152 0.0300109 0.075453 -0.00830859
0.0533738 0.0680138 0.0923356 0.0360421 -0.0253389 -0.00709234 0.0418237 0.0718581 0.0690494 0.0238178 -0.032667 -0.000225625
0.0404026 -0.0344891 0.0130793 -0.0291707 0.0487167 0.0240461 0.0367456 -0.00485281 0.00864406 -0.0165666 0.0335956 0.000904062
0.0535334 0.0185883 0.0509818 0.124941 -0.102605 0.0139912 0.0534209 0.0265045 0.0568047 0.103106 -0.0992147 0.00860969
0.0469574 -0.000746928 0.0560594 0.0118012 -0.0645032 0.0216086 0.0418856 0.00799953 0.060168 0.00353188 -0.0445773 0.0109694
-0.0251595 -0.0630972 0.0257267 0.104809 -0.0820828 -0.0867047 -0.0289606 -0.051075 0.0254567 0.0840572 -0.0972342 -0.0815727
-0.0121583 -0.0335456 0.0277839 -0.0513112 0.0457977 0.0627078 -0.0138391 -0.0362814 0.0362359 -0.0395908 0.0269041 0.0495358
-0.048732 0.0106473 0.00277261 0.0254429 -0.0472391 -0.133555 -0.043083 0.00788344 0.0181052 0.0184019 -0.0566056 -0.112264
-0.0354715 -0.00940779 0.00515066 0.00787787 0.0359426 -0.0114161 -0.0255995 0.00297 0.014047 0.015795 0.0315103 -0.0288339
0.0283427 0.0570677 0.0655243 -0.0159882 -0.0959131 0.0641943 0.0320084 0.0613647 0.0551305 -0.020757 -0.0699519 0.0692231
-0.00837392 0.013343 0.0179972 -0.0666835 0.117818 -0.0509761 -0.00677672 0.01189 0.0146584 -0.0638169 0.0973816 -0.0383039
-0.0516281 -0.0323889 -0.0118687 0.0914664 0.0315179 -0.109451 -0.0564292 -0.0259559 -0.0139781 0.0820405 0.0359566 -0.0978177
0.0659582 -0.00158945 -0.0367351 -0.0810199 0.0611281 0.0522356 0.0435164 0.0149189 -0.0249256 -0.0512858 0.0509155 0.0503306
-0.400666 -0.327272 -0.311958 -0.0289459 -0.0352772 -0.05427 -0.395668 -0.329737 -0.295974 -0.0742052 -0.0473697 -0.0622177
0.0477491 0.0198885 -0.0365946 0.0795895 -0.0382941 0.0271584 0.0545489 0.0263667 -0.0321547 0.0649536 -0.0270319 0.0398456
0.0150401 0.0296398 -0.0198855 -0.0103933 0.0175797 0.0379646 0.0233003 0.0364688 -0.00721484 0.00624641 0.0164314 0.0358091
-0.118445 0.0283829 -0.00615153 -0.0425105 0.086416 0.0108003 -0.113645 0.0442283 -0.00949391 -0.046128 0.070533 0.00308859
0.00578769 0.0391781 0.0650021 -0.0603241 0.0137098 -0.0290097 0.0208906 0.0349538 0.0519888 -0.0498027 0.00297281 -0.0214959
0.0350762 0.0325036 0.0265928 0.000377057 0.0406952 0.0150106 0.0288586 0.0236188 0.02634 -0.000544063 0.03363 0.00317406
0.0457681 0.0428084 0.0966429 -0.0288114 0.0383227 -0.0788983 0.0426331 0.0590634 0.0995395 -0.0225628 0.0317208 -0.0561886
-0.229151 -0.176044 -0.132184 0.0133465 -0.00862092 0.0232659 -0.210336 -0.159144 -0.119002 -0.00767781 0.0102769 0.00597844
0.0633895 -0.0138325 0.00700996 0.00138336 -0.0668018 0.1056 0.0540272 0.00345953 0.0116427 -0.00525875 -0.0698811 0.0736897
0.0594887 0.0831332 0.0766903 -0.0350661 -0.175194 0.0397004 0.0465136 0.0840305 0.0732425 -0.0236852 -0.15751 0.0429059
0.064466 0.0569418 0.0603171 -0.0345275 0.0964865 -0.0870096 0.0451569 0.05418 0.0540544 -0.0231414 0.0732633 -0.0749369
-0.0729131 -0.0115205 -0.0295017 0.0599351 -0.0862555 0.0539034 -0.0446723 -0.0232575 -0.0242475 0.0484703 -0.067217 0.0455641
-0.0407732 -0.0511639 -0.0265599 -0.0330658 0.0748419 -0.0185834 -0.0369989 -0.0380434 -0.0313878 -0.0259056 0.0610142 -0.0195695
-0.0490314 -0.0154527 0.0186897 0.0805691 0.0270429 0.0582113 -0.0339942 -0.0280642 0.0132595 0.0787867 0.0170063 0.0430398
-0.0213544 -0.00999033 -0.00426064 -0.0609533 0.0410487 -0.0523195 -0.0112003 -0.0197997 0.000287812 -0.0663048 0.0235481 -0.0317452
0.0634258 0.0628999 0.0450539 -0.0455625 -0.0760852 -0.053996 0.0434931 0.079607 0.0367453 -0.0367225 -0.0684978 -0.0292642
-0.113134 -0.0492957 -0.0780457 -0.0308982 -0.050307 -0.00938978 -0.122279 -0.0580397 -0.0743952 -0.00674187 -0.0217898 -0.0295789
0.101693 0.088463 0.0995071 0.0419204 -0.0402878 -0.114043 0.093452 0.08645 0.0876483 0.0534806 -0.0289384 -0.0933084
0.0342463 0.00403277 0.0538023 0.0448835 -0.0649248 0.0884995 0.00702188 0.0360509 0.0581583 0.0499172 -0.05329 0.0486731
-0.0101702 0.0116216 -0.0468332 -0.00663772 0.0390825 0.0642181 -0.0234659 0.0136008 -0.0436814 -0.000628125 0.0312506 0.0600308
0.0695838 0.0638016 0.0137432 0.0363669 0.0761622 0.0733712 0.0734492 0.0585169 0.0145897 0.0272569 0.0641511 0.0660569
0.103892 0.0344919 0.046503 -0.149987 0.0530757 0.0519937 0.08756 0.0482983 0.0633353 -0.0998389 0.0323491 0.0345183
0.00117731 -0.0157428 -0.0445436 0.0256125 0.0303467 -0.0401555 -0.00518109 -0.00818469 -0.0374473 0.0327542 0.0330872 -0.0330361
0.0732262 -0.0165562 -0.00515387 0.0292825 -0.0432955 0.0692384 0.0652433 -0.00294625 -0.00028875 0.027588 -0.0464187 0.077125
-0.00917446 -0.00390759 0.0184216 0.0669504 0.221323 0.0126159 -0.00528594 0.0184113 0.0271528 0.0817639 0.192784 0.0362367
-0.0224889 -0.0404575 -0.0734343 0.0263127 -0.0251914 -0.078817 -0.0254608 -0.0351748 -0.0522408 0.019647 -0.0444997 -0.0563212
-0.0212515 0.00439021 -0.0432227 0.00255259 -0.0550376 0.0934457 -0.039342 0.0115494 -0.0493595 -0.00116422 -0.057402 0.067118
0.0207961 0.0588534 0.0171094 0.0135183 0.0557843 0.0443208 0.00516781 0.0370425 0.025507 0.0349041 0.0579131 0.0272933
0.0442657 0.051724 0.0649323 0.0109179 0.0118753 -0.0682924 0.0352495 0.0510736 0.0619939 0.0211162 0.00532703 -0.0517281
-0.061384 -0.0774516 0.00525321 0.0293515 -0.0788201 0.0684563 -0.0440194 -0.0699259 0.011907 0.0205752 -0.0800967 0.0591606
0.0166445 0.0177421 0.00742656 -0.0652184 0.0388856 0.0182389 0.00922703 0.0156723 0.00151484 -0.0340683 0.0404886 0.00958016
-0.102104 -0.0207085 -0.00620958 -0.0118708 0.00916247 -0.0975518 -0.0811445 -0.00415578 -0.0220758 -0.017613 0.0360641 -0.0818061
0.0359361 0.0115241 -0.081532 0.0447571 -0.0179344 0.0537497 0.0335514 0.0219789 -0.0639259 0.0359587 -0.018605 0.0355848
0.055439 0.0441516 -0.00869698 0.071887 0.0193805 0.105754 0.0449866 0.044828 0.0108023 0.0713644 0.0180647 0.0936598
0.0577404 -0.014528 -0.00913065 -0.000556016 0.0772358 0.0212436 0.0524264 -0.00531547 -0.0184736 0.00634516 0.058165 0.0298363
0.0445858 -0.0109272 -0.0454328 -0.0579586 0.0226677 -0.0472215 0.0239152 -0.00146609 -0.0316244 -0.0546342 0.0235761 -0.0421739
-0.0888693 -0.113196 -0.0902493 0.0053415 -0.00270046 -0.0637652 -0.078992 -0.100695 -0.0713244 0.00163406 -0.0188486 -0.0640512
-0.00479404 0.0590094 -0.0377893 0.104888 -0.0610221 -0.0796681 -0.0206091 0.071628 -0.0192492 0.0697044 -0.0648464 -0.059725
0.0413284 -0.0445204 -0.00308665 -0.080573 -0.0432035 -0.012095 0.0135291 -0.0199303 -0.00781016 -0.0792864 -0.0330503 -0.0241431
-0.0630985 -0.039492 -0.0225112 -0.00381602 -0.03276 -0.000212117 -0.0615562 -0.0372094 -0.0218927 -0.0102605 -0.0259925 -0.0101455
0.0645674 -0.0328963 0.0263114 0.0595248 0.0326256 0.0798172 0.0398823 -0.0234797 0.0409698 0.0544242 0.0217691 0.0588378
0.000152352 0.00335862 0.00632811 0.00266848 0.00553317 0.0323684 -0.000799062 0.0111741 0.00941766 0.00299609 0.00423453 0.0500638
-0.108821 -0.0469858 -0.0278302 0.0392749 0.0831756 0.046737 -0.0556553 -0.0582984 -0.0246489 0.0306964 0.0900614 0.0325647
-0.0020526 0.00060834 -0.023265 0.0698951 0.111183 -0.0526285 0.00654828 -0.00519266 -0.0482155 0.0509666 0.0994505 -0.0383759
0.0723114 0.0139646 0.0391473 -0.0396882 -0.00339912 -0.0387434 0.0779637 0.0193355 0.0377227 -0.0352353 -0.00324531 -0.0222956
-0.0168388 0.00110529 0.0330985 0.00685353 -0.0961436 0.0282286 -0.0204458 -0.00389313 0.040905 0.0135481 -0.0920084 0.0189903
-0.00978465 -0.0883506 0.0221448 -0.0104659 -0.0986065 0.0304097 -0.00637391 -0.0659581 0.0216125 -0.00568281 -0.087395 0.0293159
0.0618259 -0.0293825 0.0293478 -0.0247619 0.0472219 -0.0884056 0.0507323 -0.00334406 0.0443103 0.00217234 0.0406494 -0.0657341
0.0687421 0.00976936 0.0679619 0.0429147 -0.108703 0.141189 0.0598398 0.0297505 0.0479572 0.0321289 -0.101182 0.116756
0.0460138 0.0405907 0.0748904 -0.0286565 -0.0392146 0.03995 0.0280903 0.0647033 0.0609084 -0.0325847 -0.0396684 0.0343489
0.00596431 0.0636896 -0.0234131 0.0815211 0.0687971 0.0331778 0.0211514 0.0750209 -0.0171236 0.0819914 0.0522259 0.0434353
0.0449996 0.0379189 -0.023295 0.0923936 -0.0747481 0.0539606 0.0494898 0.0340359 -0.0232695 0.0735417 -0.0540156 0.041317
-0.0452057 0.0129768 -0.0494509 0.0204838 0.0459624 -0.0972112 -0.0248469 0.00538953 -0.0373666 0.016957 0.0366269 -0.0835983
0.0672869 0.0239798 0.0276528 0.0569552 -0.0490309 0.0664116 0.0576253 0.0319388 0.0210791 0.0522506 -0.0407439 0.0430964
0.115679 -0.00475524 0.0327283 0.0777296 -0.0480979 0.0453452 0.101119 -0.00705547 0.0177123 0.06422 -0.0626819 0.0307619
0.105857 0.375653 0.192575 -0.489382 -0.360337 0.253536 0.01469 0.456134 0.187314 -0.51207 -0.368931 0.298993
0.236474 0.111975 0.377793 -0.263614 -0.0152817 -0.542 0.171615 0.0767063 0.435659 -0.289065 0.0759737 -0.397659
0.789271 0.710395 0.795328 -0.148702 -0.082894 -0.32067 0.801096 0.678564 0.738975 -0.2313 -0.145763 -0.285521
0.158787 0.066094 0.184823 0.403684 -0.0803813 0.323154 0.172505 -0.00421875 0.221359 0.399911 -0.0275437 0.364079
0.821033 0.830062 0.805581 -0.339377 0.0485973 -0.321634 0.824697 0.838548 0.734856 -0.375224 0.0460688 -0.31674
1.26172 1.28929 1.33279 -0.344569 -0.178771 -0.824639 1.20986 1.29542 1.31786 -0.269411 -0.200274 -0.713911
0.573308 0.690331 0.756366 -0.0629055 0.144383 -0.743425 0.459796 0.786201 0.765899 -0.05811 0.207855 -0.729725
0.345233 0.25646 0.409521 -0.103892 0.181662 0.0329804 0.356566 0.17645 0.449429 -0.0869225 0.134677 0.0518788
0.139535 0.256645 0.133756 -0.0673418 0.0633106 -0.320397 0.0593 0.311839 0.137387 0.0035775 0.03611 -0.3715
0.090324 0.188103 0.210423 0.211714 0.266856 -0.35877 0.0410975 0.197949 0.211964 0.224734 0.238442 -0.300817
0.181862 0.128724 0.37359 0.0130471 -0.0786063 -0.19798 0.124585 0.0558013 0.474206 0.0377875 -0.136857 -0.274612
-0.178778 -0.328266 0.0521928 -0.126355 0.247252 0.651008 -0.225167 -0.37509 0.143316 -0.160506 0.125255 0.585899
0.0608934 0.302676 0.351395 0.0169072 -0.24029 -0.169793 -0.0625 0.329 0.419505 -0.0286663 -0.221178 -0.20633
-0.236514 -0.0468163 -0.0696231 -0.035642 -0.011865 -0.1007 -0.308011 -0.0089825 -0.04092 -0.0756225 0.01007 -0.0860512
0.624686 0.634163 0.672709 0.08791 0.0608121 0.135993 0.585441 0.649944 0.629914 0.0275162 0.0239863 0.199135
0.209345 0.319774 0.333068 0.219258 0.224245 0.0271011 0.113115 0.352331 0.3729 0.251678 0.275549 -0.04426
0.400933 0.205622 0.0725706 -0.0194683 0.0767937 -0.405968 0.52054 0.261569 -0.081185 0.00501125 0.0945537 -0.34304
-0.151925 -0.0485675 -0.204162 -0.190533 0.312686 -0.139243 -0.160715 0.00499625 -0.248618 -0.269721 0.27946 -0.0910062
-0.244286 0.0135294 0.129554 -0.313935 0.815482 -0.341744 -0.332426 0.0219925 0.176061 -0.234073 0.758144 -0.232619
0.131332 -0.15469 0.182082 0.0556307 0.0244586 0.144897 0.186609 -0.282996 0.275503 0.070265 0.0414125 0.143
-0.300263 -0.146954 -0.208981 -0.491382 0.340506 0.29127 -0.364075 -0.116491 -0.189624 -0.485544 0.390436 0.31489
-0.132886 0.0626132 0.277976 -0.236379 0.216683 0.326803 -0.244813 0.0497313 0.380476 -0.271812 0.219271 0.372009
-0.328357 -0.376978 -0.32021 0.203508 0.584432 0.39196 -0.291393 -0.404779 -0.356921 0.299405 0.575666 0.420758
0.140091 0.242104 0.069674 0.00526845 -0.200368 -0.120437 0.126986 0.288565 0.0143063 -0.00344125 -0.242138 -0.136726
-0.0697133 -0.211567 -0.0296704 -0.140881 -0.124895 -0.193019 -0.0660912 -0.271691 0.0345563 -0.190907 -0.165426 -0.110026
0.655962 0.484392 0.590089 -0.477242 -0.205573 0.23298 0.718311 0.352974 0.62356 -0.421851 -0.212508 0.300413
0.0257636 0.171033 -0.09502 -0.178982 0.209837 0.240667 0.0361413 0.265495 -0.198905 -0.164455 0.188999 0.268061
0.107967 0.158118 0.112953 -0.125467 0.161742 0.515207 0.09045 0.168498 0.0870887 -0.0819625 0.0871125 0.487246
0.393049 0.515384 0.0963158 -0.00201793 0.0890362 -0.0590921 0.443455 0.607249 -0.10463 -0.100291 0.188801 -0.0744175
-0.167727 0.124474 0.00934353 0.214266 0.361399 0.451135 -0.240205 0.177253 -0.00358375 0.135581 0.237496 0.465841
0.312973 0.416079 0.296379 0.516121 0.367379 -0.555915 0.304735 0.474541 0.205726 0.505811 0.409069 -0.557139
0.139692 0.120725 -0.0737756 -0.0717547 0.0444552 -0.369606 0.169158 0.18593 -0.17271 -0.108791 0.0650025 -0.292405
0.359583 0.605711 0.594815 -0.0710373 0.385639 0.453453 0.194896 0.687376 0.636644 -0.127276 0.413109 0.468605
0.531029 0.365337 0.214344 0.158262 -0.0875392 -0.206997 0.628185 0.367126 0.0886713 0.151885 -0.0112225 -0.26485
-0.438268 -0.374865 -0.145895 -0.156863 0.047278 0.383745 -0.508054 -0.406171 -0.0306625 -0.124539 0.0419562 0.401194
-0.123373 0.0177206 0.160504 0.64052 -0.0935903 0.149245 -0.22976 -0.039135 0.320278 0.639235 -0.164136 0.213604
-0.466721 -0.337533 -0.589285 -0.460833 0.166631 0.0469364 -0.522329 -0.317209 -0.632655 -0.380843 0.158296 0.120381
0.836161 0.76164 0.800735 0.189361 0.420805 0.602694 0.832704 0.765131 0.775694 0.299766 0.512293 0.61512
0.656885 0.540505 0.492483 0.779512 -0.074985 -0.102894 0.689499 0.472096 0.463728 0.742344 -0.098975 -0.0376975
0.128241 0.365801 0.347188 -0.213913 -0.00827877 -0.0563439 0.00422 0.42637 0.401389 -0.172597 -0.0183637 -0.0696713
0.335955 0.127977 0.395535 -0.423903 -0.644326 -0.0542987 0.46461 -0.0482025 0.429586 -0.487444 -0.582722 -0.158595
-0.376669 -0.323611 -0.155441 -0.152843 0.209936 0.316768 -0.43498 -0.346505 -0.100054 -0.212378 0.267792 0.368288
-0.281266 -0.397174 -0.354993 -0.404878 -0.151824 0.155694 -0.239514 -0.446724 -0.348148 -0.456573 -0.217707 0.193789
0.0561475 0.494541 0.400435 0.377539 -0.142789 0.166264 -0.133298 0.592365 0.500199 0.394432 -0.0284138 0.1455
0.28235 0.0192084 0.0281539 0.154798 -0.165241 -0.245671 0.39999 -0.0526025 -0.02545 0.190176 -0.103489 -0.271221
-0.13613 -0.131046 -0.370011 -0.00784106 -0.0499755 -0.00595861 -0.113152 -0.0750737 -0.453185 0.0359638 -0.156023 0.0388012
0.854522 0.715387 0.639505 -0.38271 -0.29127 0.228496 0.895435 0.660021 0.582088 -0.276706 -0.250229 0.266328
0.355159 0.124997 0.378721 0.18813 0.236967 0.392572 0.387996 0.0134687 0.417787 0.185331 0.210461 0.332195
0.477485 0.624422 0.592791 0.184937 0.261067 0.170212 0.381079 0.651074 0.605304 0.150633 0.259801 0.167865
0.0676973 0.281888 0.0428362 0.455724 -0.093377 0.151928 0.0388713 0.391494 -0.0597075 0.47251 0.0225262 0.186306
0.101217 0.0993902 0.100784 -0.00218206 0.0359764 0.0121898 0.098832 0.0966086 0.0985222 -0.00172328 0.0293019 0.00964828
-0.0168781 -0.0195259 -0.0154953 0.00901653 -0.0243259 0.00243989 -0.0103209 -0.0131423 -0.00939953 0.00803563 -0.0203434 0.00130125
-0.00236875 0.000895772 -0.00291729 0.017859 -0.0474321 -0.00863948 -0.00038375 0.006125 0.0012475 0.0151272 -0.0392961 -0.00663594
-0.0188116 -0.017455 -0.0115675 -0.0148613 0.0355953 0.0204249 -0.0136641 -0.0124962 -0.00667797 -0.01267 0.0290031 0.0162727
-0.0166116 -0.0210687 -0.0218794 -0.00778155 0.0127806 0.0178702 -0.0111269 -0.0145691 -0.0146134 -0.00464219 0.0103847 0.0148094
-0.0179794 -0.0129283 -0.0127047 0.00802491 -0.0130459 -0.00270985 -0.0167014 -0.010647 -0.0108461 0.00740203 -0.0117334 -0.00593578
-0.00665322 -0.00715308 -0.00735465 0.000780585 0.0359919 0.0191265 -0.000340156 -0.00286203 -0.00261641 0.00173031 0.0285903 0.0159447
-0.0247502 -0.0259123 -0.0209648 -0.00708575 0.00736218 -0.0153047 -0.0194703 -0.0207863 -0.015393 -0.00315125 0.00678859 -0.0105753
0.0259096 0.0212356 0.0208867 -0.000516544 0.0186687 0.0216981 0.0270014 0.0250623 0.024177 -0.000764531 0.0134762 0.0157792
-0.0244958 -0.0245283 -0.0226695 0.00558314 -0.0392607 -0.0235993 -0.0187766 -0.0194497 -0.0171083 0.00587031 -0.0312733 -0.0222938
0.102254 0.106422 0.110528 0.00586911 0.0510972 -0.00666939 0.0972328 0.10211 0.10545 0.00731984 0.0399478 -0.00575125
-0.0172105 -0.0174216 -0.0159602 0.021239 -0.0592049 0.0010141 -0.0143472 -0.013408 -0.0171305 0.0151755 -0.0469634 0.000637031
-0.0202289 -0.0303396 -0.0181037 -0.0125036 -0.0460221 0.0175631 -0.0198436 -0.0246497 -0.0176388 -0.00756922 -0.0373031 0.0173731
-0.00670192 -0.0175636 -0.00603459 -0.00473802 0.0441758 0.00779648 -0.00409391 -0.0147998 -0.00479875 -0.00479703 0.0394652 0.0106455
-0.0254399 -0.0349236 -0.041474 -0.00893365 0.081701 -0.00966748 -0.0198256 -0.0313667 -0.0372358 -0.00768781 0.0729403 -0.00342453
-0.000975916 -0.011327 -0.013573 -0.0325818 -0.0052589 -0.00254062 0.00371406 -0.00930594 -0.0122814 -0.0262605 -0.00347125 0.0004475
-0.0136081 -0.0229574 -0.0119264 -0.00776298 0.0574145 -0.00421965 -0.0133942 -0.0199811 -0.0125128 -0.00599484 0.0478264 -0.00298
0.0268045 0.0197654 0.0340907 0.00562838 -0.0466883 -0.00265454 0.0228428 0.0225097 0.0337828 0.0119447 -0.0384966 0.00376672
-0.0299728 -0.0289073 -0.0228669 -0.0406729 0.0386141 0.0151095 -0.021248 -0.0253717 -0.0202392 -0.0331128 0.035187 0.0147214
-0.023337 -0.0348767 -0.0209618 0.0356056 -0.0432964 0.000933754 -0.0248198 -0.0313037 -0.0222811 0.0337086 -0.0378072 0.00264437
-0.00438062 -0.0228596 -0.0247488 -0.0725298 0.0633919 -0.0285813 -0.00506188 -0.0181195 -0.0231759 -0.0636886 0.0530339 -0.0240873
0.110718 0.121685 0.109977 -0.0173672 0.0675572 0.007614 0.103883 0.114918 0.102928 -0.0171942 0.0558581 0.00735609
-0.0392571 -0.0211977 -0.0300128 0.0654669 -0.0707912 0.0660778 -0.0396047 -0.0224875 -0.0315462 0.0538678 -0.0568666 0.0513559
-0.0108496 -0.00821305 0.0012792 0.03954 -0.0691432 0.0326645 -0.013893 -0.00838938 -0.000829531 0.0319219 -0.0576553 0.0267798
0.0338355 0.0318073 0.0314337 0.0694998 -0.0742177 0.0638755 0.0285638 0.0321581 0.0300338 0.0541816 -0.0655603 0.0531709
-0.0175271 -0.0251676 -0.021569 0.0486893 -0.0257759 0.00404127 -0.023122 -0.0241872 -0.0196887 0.0365802 -0.0167736 0.00833906
-0.0249572 -0.0277563 -0.0443138 -0.0758974 0.0645695 -0.029366 -0.0265625 -0.0243781 -0.0420309 -0.0640039 0.0495058 -0.0252156
-0.0321082 -0.0274294 -0.0327634 0.0501664 -0.0643614 0.0136935 -0.032115 -0.0256611 -0.0307759 0.0442633 -0.0564522 0.0121398
-0.0347501 -0.0403197 -0.0283594 -0.0189487 0.0557135 -0.0407857 -0.0338122 -0.0389422 -0.0307341 -0.0157667 0.0450275 -0.0364384
-0.0028139 0.00663989 -0.0129538 -0.0382116 0.0502903 -0.000826136 -0.00826109 0.00695453 -0.0135553 -0.0345398 0.0388189 -0.00710313
0.0356196 0.00481135 0.0210143 0.0585352 0.0272845 0.0980083 0.0324805 0.00450063 0.0185775 0.0433487 0.0241669 0.0707508
-0.0426197 -0.0647687 -0.0319559 0.00353753 0.0312296 -0.0692891 -0.0389339 -0.0627159 -0.0364813 -0.00273188 0.0287189 -0.060292
-0.0233563 -0.0440614 -0.0163471 -0.0931744 0.00580851 -0.0883436 -0.0301069 -0.038628 -0.0203203 -0.0819602 0.00541859 -0.0788231
-0.0151797 -0.0219685 0.00291647 0.0705697 0.0376327 0.116926 -0.0174009 -0.025295 -0.00555813 0.0618078 0.0298781 0.0981098
-0.0200775 -0.0224767 -0.00803752 -0.103005 0.0065459 -0.0868105 -0.0261689 -0.0205278 -0.0136792 -0.0873098 0.0134933 -0.0758581
-0.0376966 -0.0487233 -0.0280859 -0.112757 -0.0256481 0.0219513 -0.0445373 -0.0475092 -0.0307134 -0.0936642 -0.0141519 0.0186286
-0.0495434 -0.0577756 -0.0377464 0.0349417 0.0661596 -0.0628346 -0.0519487 -0.0509947 -0.0386589 0.027648 0.0586011 -0.055902
-0.0413204 -0.0378044 -0.0438879 -0.0439966 -0.0176735 0.0939572 -0.0367889 -0.0349595 -0.0475552 -0.0346069 -0.0127498 0.0773475
-0.0213598 -0.0328074 -0.0226414 0.140819 0.000883394 0.0285414 -0.0200303 -0.0267239 -0.026825 0.111358 0.00151672 0.0209781
0.112069 0.126857 0.123857 -0.1316 -0.112634 -0.0569055 0.103809 0.117817 0.114971 -0.107672 -0.0897522 -0.0459208
-0.0101459 -0.0325702 -0.00367225 0.0232206 -0.070176 -0.0961183 -0.00953141 -0.0318444 -0.0076775 0.020268 -0.052068 -0.0827053
-0.0253468 -0.0468422 -0.0166495 0.0367856 -0.00876511 0.0584974 -0.0320055 -0.0473806 -0.023237 0.0259637 -0.00326234 0.0477389
-0.0290163 -0.0242847 0.0105126 0.0424914 -0.0107684 -0.011195 -0.0237931 -0.0229162 0.00135234 0.0374889 0.00149609 -0.00944453
0.0290623 0.00021802 0.0278875 -0.0739237 -0.0593925 0.00453988 0.0307077 0.0149158 0.0210392 -0.0678067 -0.0478212 0.00177266
-0.0491726 -0.0824926 -0.0414093 0.0106215 -0.0489784 -0.0485803 -0.0508948 -0.0766636 -0.0509864 0.0104523 -0.0351805 -0.0477214
-0.0413464 -0.0493348 -0.0335208 -0.023029 -0.0138728 -0.0798454 -0.0434233 -0.0483534 -0.0410914 -0.0195988 -0.00189328 -0.0692452
-0.0360633 -0.049182 -0.0269198 -0.0844093 0.049636 -0.0290372 -0.0426327 -0.041548 -0.0276 -0.0673073 0.0428342 -0.0260109
-0.0410307 -0.0459761 -0.030612 -0.00085146 0.0135727 0.100288 -0.0394166 -0.0408078 -0.0413112 0.000618437 0.0228453 0.0819811
-0.0427046 -0.0464607 -0.0157726 -0.0221294 -0.0301062 0.10652 -0.0356441 -0.042365 -0.0197764 -0.0137247 -0.0258991 0.0805933
0.119879 0.120206 0.12515 0.0586433 0.113729 0.0550693 0.115774 0.115994 0.114974 0.0485297 0.0941847 0.0475356
-0.047182 -0.0385903 -0.0430295 -0.0337179 0.0570856 0.049289 -0.0506498 -0.0327414 -0.0421197 -0.0238153 0.0432912 0.027112
-0.0361563 -0.0330091 -0.0547713 -0.000641538 -0.0322769 -0.000815821 -0.0395189 -0.0355939 -0.0576125 0.00874406 -0.03524 -0.00461
-0.0570429 -0.076508 -0.0543991 0.0254129 -0.0550972 -0.00326736 -0.0570478 -0.0782816 -0.0516659 0.0128995 -0.0365202 -0.0131597
0.169713 0.117287 0.14805 -0.0295346 0.0913335 -0.0681027 0.160881 0.114131 0.137509 -0.0220752 0.0770886 -0.062928
0.0202777 0.0303654 0.0339709 0.0846427 -0.11752 0.0193732 0.0212059 0.0278177 0.0314406 0.0656048 -0.0985019 0.00805281
-0.0540097 -0.0336599 -0.0582453 -0.066422 0.0184851 0.0101978 -0.0525758 -0.0400708 -0.0551309 -0.0504458 0.00718094 0.00794172
-0.0457615 -0.0331421 -0.057358 -0.0061956 0.0062762 -0.0250056 -0.0531166 -0.0449142 -0.0557714 -0.0181442 0.00854297 -0.00998828
-0.0357911 -0.0533254 -0.0336323 -0.027565 0.0522858 -0.0674604 -0.0458459 -0.0422313 -0.0303133 -0.0356875 0.0464766 -0.0672722
-0.0295809 -0.0577698 -0.0621355 -0.0736236 0.0761715 -0.00787452 -0.0285309 -0.0575547 -0.0535878 -0.0751112 0.0647733 -0.00863141
-0.0574699 -0.00965364 -0.0524017 -0.0222088 0.0328332 -0.00402304 -0.0631322 -0.0142625 -0.0437213 -0.0137234 0.024518 -0.00410109
-0.0618333 -0.022548 -0.0374245 0.0163814 0.0234106 -0.0613915 -0.0580989 -0.0234012 -0.0456812 0.00618219 0.0183808 -0.0555728
-0.0659802 -0.082109 -0.0584976 0.0426064 0.0814121 -0.103207 -0.0716273 -0.0835239 -0.049965 0.029555 0.0663834 -0.0807136
-0.0406701 -0.13183 -0.0640254 0.0103972 -0.0317642 0.0192891 -0.0461856 -0.112956 -0.0693211 0.00678625 -0.0291302 0.022268
-0.0468473 -0.0749588 -0.0450633 -0.00120433 0.0591345 -0.0215386 -0.0528267 -0.0704722 -0.0441173 0.00488422 0.0525997 -0.0176584
-0.0495584 -0.0779865 -0.0145618 -0.0100984 -0.150549 0.0571848 -0.0480692 -0.0752005 -0.0180369 -0.00431234 -0.12049 0.0544567
0.0274901 0.00652757 0.0172682 0.0893032 -0.0457954 -0.0248428 0.0262141 0.00620266 0.0231473 0.0755072 -0.0381953 -0.0247872
0.105383 0.13508 0.134992 -0.154284 0.00520388 -0.0308622 0.105521 0.132748 0.132267 -0.116806 0.00243938 -0.0209413
-0.0596772 -0.0625578 -0.0497208 -0.126625 -0.0119767 0.0259301 -0.0594308 -0.0630609 -0.0554591 -0.0920519 -0.0142061 0.0306206
-0.0398355 -0.062895 -0.0245099 0.0743333 0.0545094 -0.0445208 -0.0350683 -0.0636108 -0.0176827 0.0599466 0.0435286 -0.0264189
-0.0621746 -0.121469 -0.0929968 0.0274213 0.122797 0.000902736 -0.0598575 -0.117414 -0.0943705 0.0155545 0.10685 -0.00254781
-0.0804491 -0.0766207 -0.0879948 -0.121216 -0.0844451 0.00766586 -0.0772464 -0.0781242 -0.083538 -0.0975119 -0.0708336 0.00992984
0.00213427 -0.0409633 -0.0527301 0.0288376 -0.00897174 0.0901048 -0.00233281 -0.0382577 -0.0559339 0.0196864 -0.0134163 0.0843631
-0.0696831 -0.0567407 -0.0376942 0.0236308 0.110129 -0.0346417 -0.0701125 -0.0603578 -0.0414723 0.0100042 0.0846684 -0.0309292
-0.0892748 -0.0625096 -0.0120452 -0.0371156 0.140095 -0.12424 -0.0888648 -0.0625673 -0.0135752 -0.031267 0.116421 -0.0990089
0.00111875 0.0182818 0.0495699 -0.0665077 -0.031213 -0.0994977 0.00204734 0.0174719 0.0520233 -0.0582241 -0.0277469 -0.0882836
-0.082489 -0.0859439 -0.0476416 0.0739636 0.00806125 0.0448895 -0.0670998 -0.0837978 -0.0479064 0.0654286 0.0123381 0.0463595
-0.0489843 -0.042192 -0.0621745 -0.0210438 -0.00248513 0.0674501 -0.050482 -0.0415648 -0.0649552 -0.0170313 -0.00453328 0.0555016
-0.0557925 -0.0786232 -0.0842501 -0.0822795 -0.0159008 -0.0266467 -0.0589634 -0.0892675 -0.0911894 -0.0716533 -0.0141014 -0.0204381
-0.0474755 -0.0262598 -0.0477323 0.132142 -0.0241809 -0.0585474 -0.041443 -0.0348878 -0.0435886 0.107001 -0.0292211 -0.0581413
0.078181 0.0891485 0.0812865 0.0412884 0.0733429 0.0306041 0.0951923 0.0955334 0.0842884 0.0371253 0.0681336 0.0212855
-0.0627923 -0.108581 -0.0691175 0.0434483 -0.0558586 -0.0435238 -0.0724848 -0.101679 -0.0725464 0.0298931 -0.0464064 -0.0393748
0.0239716 0.111998 0.0408418 0.121679 -0.00285206 -0.0519012 0.0356744 0.137163 0.0564184 0.111295 -0.0107608 -0.0409973
-0.0569434 -0.0591429 -0.0540187 0.0295495 -0.165079 -0.0448316 -0.0446008 -0.0612073 -0.0643361 0.0356427 -0.147142 -0.0388533
-0.064592 -0.0592831 -0.0810897 -0.0332308 -0.0732243 -0.0735317 -0.0648958 -0.0648898 -0.0826569 -0.0280888 -0.0537222 -0.0679033
-0.0810818 -0.0906966 -0.0626608 -0.0430195 0.08521 0.0118423 -0.0626327 -0.0920519 -0.0708883 -0.0231675 0.0726573 0.00443953
-0.0375321 -0.0670044 -0.0473874 -0.0685552 -0.0328441 -0.0915721 -0.0400402 -0.0756009 -0.0646012 -0.0561162 -0.0359855 -0.0741241
-0.106918 -0.0775373 -0.0835785 -0.0343143 0.00181832 0.0943511 -0.113355 -0.0629977 -0.0831895 -0.0335347 -0.00293266 0.0606337
-0.0641785 -0.0786265 -0.0609859 -0.0650884 0.0772982 0.072063 -0.0648661 -0.0619252 -0.0746641 -0.0543392 0.0577827 0.0691308
0.0607566 0.0168906 0.0417543 0.0347738 0.0115412 0.0890241 0.0709559 0.025102 0.0435362 0.0283719 -0.00394937 0.0634
-0.077314 -0.0510083 -0.0903559 0.00176073 -0.00116793 0.0111686 -0.0895997 -0.0694873 -0.0794333 0.0123731 0.000512031 0.0179545
-0.0252504 -0.0194042 -0.0298424 -0.129245 0.0335271 -0.0315954 -0.0274363 -0.0147691 -0.024887 -0.10906 0.0276859 -0.0301858
-0.0230174 -0.0815489 -0.0010858 -0.121413 -0.00213122 -0.0933369 -0.0491314 -0.0944042 -0.00587141 -0.101008 -0.00669859 -0.0536273
-0.104667 -0.0348532 -0.118795 -0.0442181 -0.043862 0.00992303 -0.0958753 -0.0339936 -0.114747 -0.0441844 -0.0412884 0.00525859
-0.0884187 -0.127096 -0.183862 -0.0106309 0.092789 0.0722374 -0.0702972 -0.115198 -0.169847 -0.00515406 0.0819041 0.0714255
-0.138897 -0.132456 -0.122841 0.113427 0.0775907 0.0533438 -0.133471 -0.11705 -0.117351 0.0932073 0.0501142 0.0572353
0.0446441 0.0641163 0.0413484 -0.0622336 -0.131033 -0.0491031 0.0625602 0.0865972 0.0545455 -0.0642731 -0.110247 -0.0503231
-0.0538163 -0.101933 -0.0475329 -0.0455119 -0.0487242 -0.0640763 -0.0612886 -0.0995389 -0.0577934 -0.0285431 -0.0212986 -0.0479805
-0.13518 -0.144501 -0.104962 -0.0422769 0.0107111 0.0417332 -0.115907 -0.126087 -0.111427 -0.0460686 -0.00376734 0.0279731
-0.0924822 -0.112725 -0.109924 -0.0387953 -0.038381 0.043257 -0.0814742 -0.0973792 -0.121344 -0.0348814 -0.0327498 0.0520622
-0.0990813 -0.0863783 -0.0694051 -0.0378069 0.0955335 -0.0167899 -0.118945 -0.104162 -0.0803966 -0.032193 0.0665428 -0.0171722
-0.0159556 -0.0178697 -0.0189764 -0.00512764 -0.00592495 -0.00431301 -0.0181139 -0.0179466 -0.0200198 -0.00399266 -0.00473438 -0.00397719
-0.0224623 -0.0244031 -0.0209354 -0.0155792 0.0227585 0.0036911 -0.0160237 -0.0185567 -0.0146922 -0.0119208 0.0185497 0.00408094
-0.0159125 -0.00941243 -0.0138391 -0.00160386 -0.00543443 -0.00052337 -0.022528 -0.0148277 -0.0204038 -0.000909375 -0.00334563 -0.00137859
-0.0132208 -0.0140945 -0.012246 -0.00342587 0.0036499 0.000423316 -0.0179558 -0.0196903 -0.0174917 -0.00281016 0.00218563 0.000229844
-0.0137064 -0.0100728 -0.00898347 0.0110953 -0.0018044 0.000930911 -0.0219433 -0.0171758 -0.0166952 0.00948516 -0.00115203 -0.000647344
-0.0115422 -0.0120406 -0.00984253 -0.00219454 0.00202733 -0.00170294 -0.0207809 -0.0211587 -0.0188252 -0.000325469 0.000502188 0.00030375
-0.00910864 -0.0182941 -0.0100672 0.000191985 -0.00381626 -0.00616174 -0.0157617 -0.0243312 -0.0186284 -0.000313125 -0.00265891 -0.00231391
-0.0113301 -0.00707763 -0.0163345 -0.00756004 0.00815613 0.00215986 -0.0190395 -0.0149291 -0.0235028 -0.00473781 0.00750484 0.000764375
-0.0112725 -0.0119297 -0.0133144 -0.00463255 0.00223018 -0.00824285 -0.0180366 -0.0188767 -0.0192289 -0.00290844 0.00104969 -0.00635641
-0.012923 -0.00832384 -0.0148522 -0.00200506 0.000381566 0.000848637 -0.0191131 -0.0153475 -0.0224916 -0.000856563 5.29687e-05 -0.000120781
-0.00433656 -0.0243437 -0.0146848 0.00452121 0.0221446 0.00798076 -0.0294278 -0.046445 -0.029338 0.00196453 0.0205152 0.00594672
-0.0180063 -0.0192867 -0.0247494 -0.0362395 -0.0183314 0.0201512 -0.0174552 -0.016252 -0.0241458 -0.0306586 -0.0137805 0.019643
-0.0263741 -0.0246584 0.00721216 -0.011445 0.00459649 0.00498576 -0.0316484 -0.0437636 -0.0273203 -0.00888047 0.00491219 0.00408266
-0.0204039 -0.016247 -0.0246412 -0.00761697 -0.0164771 0.00445704 -0.0356878 -0.038793 -0.0444652 -0.00795938 -0.0152173 0.00442594
-0.00676329 -0.0226345 -0.012763 -0.00651355 0.0131242 -0.0226113 -0.0292189 -0.0424044 -0.0299823 -0.00627562 0.00907719 -0.0186028
0.00108758 -0.00789555 -0.0188018 0.00576844 -0.0136308 -0.0101693 -0.0245764 -0.0224942 -0.0434995 0.00507984 -0.0146045 -0.00752078
-0.0140814 -0.0117066 -0.0164099 0.012356 -0.0109811 0.00956598 -0.0305427 -0.0384758 -0.0288987 0.0103045 -0.0108989 0.00673594
-0.0151468 -0.0176227 -0.000275657 -0.0132618 0.00987079 -0.0165816 -0.0307775 -0.0352466 -0.02537 -0.00903078 0.00746094 -0.0139284
-0.00877631 -0.00924646 -0.0258978 -0.011362 0.000507171 -0.0172866 -0.0279672 -0.0340889 -0.0381052 -0.00872047 0.00206891 -0.0165758
-0.0281353 -0.00148463 -0.0202314 -0.00321765 0.00495663 0.00535001 -0.0303881 -0.0278953 -0.03776 -0.00138906 0.00383547 0.00314391
-0.0137362 -0.0195602 -0.0315829 -0.0243442 0.00737669 0.00681525 -0.0346427 -0.041667 -0.0421178 -0.0164938 0.00332281 0.00470656
-0.0142691 -0.0149472 -0.023737 0.00081967 -0.00295169 0.0285433 -0.0325673 -0.0327772 -0.0436327 -0.00197016 -0.00142828 0.0259066
-0.00891074 -0.025195 -0.0127654 0.0109342 -0.00568451 -0.0239063 -0.0288823 -0.0373375 -0.0315894 0.00804141 -0.0027375 -0.0182052
-0.0251888 -0.0184848 -0.0156626 0.0353055 -0.0652709 -0.038351 -0.0235041 -0.0170489 -0.017458 0.0247525 -0.0568917 -0.031835
-0.023708 -0.0080545 -0.00653304 0.0234632 0.00273922 0.00563982 -0.0387058 -0.0293025 -0.0312286 0.0192639 0.00405141 0.00199062
-0.0280885 -0.00835877 -0.0186662 0.00728832 0.000918495 0.0129942 -0.0444158 -0.0242128 -0.0362558 0.00549781 0.00283219 0.00972734
-0.0202933 -0.02944 -0.00989472 0.0236417 -0.00111128 0.0266685 -0.0371009 -0.0439916 -0.0295495 0.0194453 -0.00328094 0.0197219
-0.0108973 -0.0143455 -0.0176341 -0.0317601 -0.00948693 0.0116046 -0.0305263 -0.0330252 -0.0321455 -0.0290281 -0.00480797 0.0108695
-0.0205782 -0.0212139 -0.00649863 -0.00325368 -0.0535769 -0.011992 -0.0391447 -0.0377955 -0.0285689 -0.00405297 -0.0449859 -0.00994766
-0.0259357 -0.0165587 -0.010763 -0.0328542 -0.000741789 -0.000547207 -0.0440308 -0.036533 -0.033158 -0.0246069 -0.000678437 -0.00347234
-0.0475314 -0.0450281 -0.0292688 -0.046097 0.0484137 -0.0139706 -0.057443 -0.0594586 -0.0480391 -0.0371361 0.0401425 -0.0107673
-0.0266593 -0.0446757 -0.0518095 0.00977928 0.0731944 0.00765031 -0.0512959 -0.0594588 -0.0558991 0.00818187 0.0585916 0.00465641
-0.0242712 -0.0193372 -0.0482786 -0.0208999 -0.049681 0.0800861 -0.0371987 -0.0353805 -0.0491187 -0.0204806 -0.0374428 0.0665133
-0.0525395 -0.0529545 -0.0511847 0.00101125 -0.000686367 -0.00565204 -0.0425305 -0.0432709 -0.042193 0.00104063 -0.000212969 -0.00454234
-0.0379032 -0.0403346 -0.0266653 0.0670693 -0.0860178 0.0078926 -0.0387033 -0.0454794 -0.0242061 0.0500794 -0.0730541 0.00879078
-0.0513505 -0.0448997 -0.0444912 -0.0043926 0.000313418 -0.0114088 -0.0439486 -0.0410231 -0.0447578 -0.00282172 0.000421719 -0.00988578
-0.0512324 -0.0518146 -0.0518931 -0.00245069 -0.00985208 -0.00551994 -0.0420628 -0.041915 -0.0430163 -0.00172828 -0.00814844 -0.00462406
-0.0459379 -0.036002 -0.0461229 0.00115131 0.00250726 0.0378531 -0.0447492 -0.0432255 -0.0485033 0.000612813 0.000844531 0.0330588
-0.051691 -0.0524557 -0.0524246 -0.00176033 -0.000728901 0.00499611 -0.0424945 -0.042493 -0.0426147 -0.00155484 -0.00108109 0.0039325
-0.0503469 -0.0518248 -0.0524679 0.000575862 0.00894694 -0.00803877 -0.042537 -0.0427025 -0.042573 0.000301719 0.00758437 -0.00680031
-0.0627034 -0.0616522 -0.0616997 0.00868912 0.00322977 0.00295012 -0.0507806 -0.0501256 -0.0502856 0.0072975 0.00250906 0.00245172
-0.0439981 -0.0284182 -0.0800595 0.101343 -0.0100821 -0.107993 -0.0535547 -0.0252748 -0.0805675 0.0839102 -0.00863391 -0.0900403
-0.0593384 -0.0613358 -0.0616484 0.00357991 0.00451944 0.00476953 -0.0500958 -0.0502353 -0.0503953 0.00322141 0.00367594 0.00410281
-0.00842737 -0.012622 -0.0318695 -0.00152344 -0.0674223 0.0183663 -0.0247145 -0.0270662 -0.0348237 -0.00502344 -0.0599292 0.0122305
-0.0511035 -0.0536466 -0.0580727 -0.0127975 -0.00529392 0.00225011 -0.0497892 -0.0511361 -0.0494452 -0.00938047 -0.00476078 0.00240672
-0.0606977 -0.0619431 -0.0621802 0.00828027 0.00930642 -0.00710649 -0.0498473 -0.050988 -0.0499661 0.00666266 0.00759609 -0.00589516
-0.059272 -0.0588737 -0.0585787 0.00888868 0.00860807 -0.00124417 -0.0506377 -0.0501383 -0.0481767 0.00731297 0.00681688 -0.00155422
-0.0629781 -0.0621668 -0.062324 0.00717379 0.000534413 0.00214625 -0.0507188 -0.050377 -0.0506759 0.00576703 0.000207656 0.00161734
-0.0627473 -0.0604368 -0.0616495 0.00772994 -0.00576453 0.00947827 -0.0503883 -0.0494145 -0.0508025 0.00614328 -0.00459531 0.00751437
-0.0624663 -0.0152401 -0.0288626 0.00211029 -0.0315191 0.0327582 -0.0609831 -0.0316547 -0.0379766 -0.000276875 -0.0273822 0.0255327
-0.0283343 -0.0400949 -0.0721195 -0.00640165 0.0596834 0.0467982 -0.037518 -0.0507245 -0.0742703 -0.00935703 0.0566081 0.0361969
-0.0716607 -0.0704855 -0.0692003 0.0160845 0.00502645 -0.00328533 -0.0590803 -0.0591309 -0.0585641 0.0135364 0.00409281 -0.00239719
-0.0468808 -0.0778425 -0.0476199 -0.0111428 -0.000210646 0.131969 -0.0537314 -0.0659005 -0.0384469 -0.00933547 -0.00417406 0.103767
-0.0546576 -0.0455967 -0.056995 0.0124432 0.00589332 -0.00339115 -0.058282 -0.0505044 -0.061007 0.0104739 0.00278 -0.00223438
-0.0703502 -0.0698662 -0.0713633 0.00789095 -0.0102333 0.000351158 -0.0585216 -0.0584073 -0.0584609 0.00637422 -0.00846344 0.000195937
-0.0677415 -0.0695964 -0.0678078 0.00424362 0.0100215 -0.0173274 -0.0587095 -0.0588889 -0.0582744 0.00344672 0.00794563 -0.01329
-0.069282 -0.0708284 -0.0692106 0.000228707 0.00696728 0.0127496 -0.0586616 -0.058362 -0.0591725 0.000137187 0.00559297 0.00993078
-0.0705543 -0.0716704 -0.0711514 0.00268156 -0.00392648 0.00211368 -0.0583095 -0.0589327 -0.0590891 0.00207875 -0.00323734 0.00143578
-0.0716235 -0.0709413 -0.0712001 -0.0012616 0.0112055 -0.000689735 -0.0587063 -0.0585716 -0.0585953 -0.00101328 0.00891125 -0.000460938
-0.0644345 -0.0673568 -0.0675125 0.00351668 0.00191065 -0.0163584 -0.0567437 -0.0585342 -0.0578947 0.00355 0.00125234 -0.0133127
-0.0772583 -0.0771499 -0.0785655 -0.017683 -0.00837588 -0.00688262 -0.066142 -0.0659136 -0.0667036 -0.0138844 -0.00704156 -0.00619328
-0.0788319 -0.0775091 -0.0775207 0.0148482 0.00853461 -0.00109335 -0.0658419 -0.0661519 -0.0657953 0.0119614 0.00706969 -0.000991562
-0.0796018 -0.0803875 -0.0802263 0.00101517 -0.000160054 0.00653529 -0.0662964 -0.0665775 -0.0667098 0.00091125 -5.60938e-05 0.00516375
-0.072441 -0.0683753 -0.069778 0.0117892 -0.0412377 -0.0480674 -0.0686317 -0.0652941 -0.0683748 0.0106659 -0.032552 -0.0371763
-0.0778853 -0.0803011 -0.0791767 0.0108388 -0.00379328 -0.00247413 -0.0656461 -0.0666506 -0.0666994 0.00889406 -0.00302391 -0.00239734
-0.0783341 -0.0788055 -0.0788544 -0.0109819 -0.00226963 0.00379738 -0.0661737 -0.0668648 -0.0660697 -0.0092125 -0.00220187 0.00312391
-0.00475263 -0.0338235 -0.0158139 -0.0272868 0.0166189 0.0303946 -0.0172352 -0.0380961 -0.0163502 -0.0240364 0.0118772 0.0344463
-0.0788926 -0.0794233 -0.0802985 0.0096354 0.0058181 -0.00388071 -0.0665478 -0.0666125 -0.0666752 0.00801719 0.00485781 -0.00328969
-0.0529312 -0.0477611 -0.0717294 0.0333863 -0.0373931 -0.0538099 -0.06076 -0.0454128 -0.0673877 0.0223691 -0.0235722 -0.0530859
-0.0783029 -0.0734312 -0.0761606 -0.0131846 0.00164918 -0.0106575 -0.0682569 -0.0650023 -0.0658919 -0.0113236 0.00115328 -0.00864062
-0.0751915 -0.0760704 -0.0711559 0.0328622 0.0345896 0.0186593 -0.0714575 -0.0728173 -0.0684572 0.0250472 0.0277516 0.0166858
-0.0998432 -0.0682445 -0.0775882 -0.0639546 0.00660258 -0.0299469 -0.0885852 -0.0734269 -0.0837569 -0.0530598 0.00513016 -0.021502
-0.0891725 -0.0891358 -0.0887599 -0.00169279 -0.00134145 -0.00257505 -0.0749575 -0.074583 -0.0748311 -0.00148578 -0.000901094 -0.00152969
-0.0883304 -0.0888062 -0.0885513 -0.006328 -0.00711881 0.00334537 -0.0743781 -0.0742734 -0.0744206 -0.00493109 -0.00582531 0.00285031
-0.0888463 -0.0881967 -0.0890854 0.0108009 -0.0102932 -0.00541454 -0.0746983 -0.0742286 -0.0742909 0.00872719 -0.00823344 -0.00447797
-0.0885096 -0.0871084 -0.0862882 0.0124409 -0.0131436 0.00778624 -0.0747117 -0.0745655 -0.0745063 0.00955516 -0.0110237 0.00624391
-0.0875292 -0.0881314 -0.0873381 -0.00140631 -0.00777094 0.00682373 -0.0741933 -0.0744288 -0.074832 -0.00131391 -0.00653359 0.00531406
-0.088666 -0.0882828 -0.0880534 -0.00484523 0.00253308 -0.00967644 -0.0744745 -0.0741873 -0.073902 -0.00416062 0.00180406 -0.00795219
-0.0912344 -0.0723237 -0.100018 0.040603 -0.0335881 -0.0002321 -0.0741839 -0.0782595 -0.0832639 0.0215877 -0.0232109 0.00192109
-0.0824212 -0.0846106 -0.0821091 0.0167572 0.0101687 0.000502135 -0.0726592 -0.073973 -0.073495 0.0135566 0.00818203 -0.000217344
-0.0910839 -0.0910314 -0.0862993 0.0363225 0.0156234 0.0252731 -0.0824447 -0.0851505 -0.0812769 0.0300248 0.0126963 0.0213044
-0.0973033 -0.097717 -0.0963116 -0.00110597 -0.00672945 0.00331667 -0.0822384 -0.0825767 -0.0819269 -0.000886406 -0.00535031 0.002605
-0.0980913 -0.0972275 -0.0970336 -0.0110876 0.00550214 -0.00437589 -0.082633 -0.0820505 -0.0824367 -0.0089725 0.00482437 -0.0037425
-0.096484 -0.0978634 -0.0962574 -9.83675e-05 -0.00213914 -0.010143 -0.0826728 -0.0825098 -0.0824294 -0.000499531 -0.00162094 -0.00838828
-0.0941502 -0.0942628 -0.0932757 -0.0228363 5.495e-05 -0.0101688 -0.0827523 -0.0819308 -0.0816356 -0.0184727 -0.000910469 -0.00867641
-0.0967781 -0.0972547 -0.0979236 -0.0102959 -0.00214004 -0.000665496 -0.0820859 -0.0819491 -0.0826739 -0.00805406 -0.00180781 -0.000545781
-0.095922 -0.0961972 -0.0968015 -0.0184056 9.37518e-05 0.0150512 -0.0830103 -0.0827053 -0.0823942 -0.0152297 0.00020625 0.0124664
-0.105821 -0.0656786 -0.0490393 0.0943722 0.10533 0.0600704 -0.0924794 -0.0598548 -0.0486483 0.0826106 0.0853806 0.060667
-0.0935936 -0.138875 -0.109301 0.0353354 -0.0820335 -0.0908484 -0.0906998 -0.129773 -0.094992 0.0354045 -0.0756859 -0.0852252
-0.0964075 -0.0958559 -0.0951282 0.00646537 0.00095369 -0.00512779 -0.082475 -0.0815841 -0.081627 0.00499719 0.00055625 -0.00491719
-0.104988 -0.106301 -0.105306 -0.00358564 0.0222283 0.0167008 -0.0899922 -0.0915662 -0.0900516 -0.00253016 0.0178623 0.0136098
-0.104942 -0.10595 -0.105941 0.00240282 -0.00142443 0.00723532 -0.0894833 -0.0903072 -0.090263 0.00197797 -0.00161188 0.00592422
-0.0979875 -0.0934669 -0.0956127 0.0213381 -0.00635979 0.0430062 -0.0884144 -0.0873202 -0.0886361 0.0162863 -0.00543297 0.0356336
-0.0718804 -0.0588195 -0.0639679 0.234735 0.0954466 0.00825745 -0.0750555 -0.0702947 -0.0564064 0.190374 0.0717658 0.00188672
-0.0908789 -0.0941405 -0.0312183 -0.0631736 0.149628 -0.0673734 -0.0910363 -0.0789975 -0.0430606 -0.0527436 0.121681 -0.0699648
-0.105257 -0.10433 -0.105584 0.00463016 0.00194405 0.0194301 -0.090328 -0.0898097 -0.0901298 0.0032175 0.00135656 0.0156045
-0.100938 -0.101689 -0.101457 -0.014973 0.0190699 -0.0119271 -0.0890314 -0.0897612 -0.0884758 -0.013443 0.015223 -0.01086
-0.107044 -0.106716 -0.106641 0.0111471 0.0026329 0.0100952 -0.0904445 -0.0902917 -0.0901688 0.00883344 0.00208016 0.00821484
-0.106107 -0.106064 -0.106258 -0.00795878 -0.00660508 0.00405973 -0.0898 -0.0899528 -0.0903394 -0.00656891 -0.00555016 0.00293359
-0.106858 -0.106856 -0.106533 -0.00281613 -0.00995804 -0.00646311 -0.0904236 -0.0904598 -0.0901006 -0.0022875 -0.00830703 -0.00529359
