2025-09-23 15:41:15.847510: E external/local_xla/xla/stream_executor/cuda/cuda_fft.cc:485] Unable to register cuFFT factory: Attempting to register factory for plugin cuFFT when one has already been registered
2025-09-23 15:41:15.864119: E external/local_xla/xla/stream_executor/cuda/cuda_dnn.cc:8454] Unable to register cuDNN factory: Attempting to register factory for plugin cuDNN when one has already been registered
2025-09-23 15:41:15.869211: E external/local_xla/xla/stream_executor/cuda/cuda_blas.cc:1452] Unable to register cuBLAS factory: Attempting to register factory for plugin cuBLAS when one has already been registered
2025-09-23 15:41:15.881885: I tensorflow/core/platform/cpu_feature_guard.cc:210] This TensorFlow binary is optimized to use available CPU instructions in performance-critical operations.
To enable the following instructions: AVX2 FMA, in other operations, rebuild TensorFlow with the appropriate compiler flags.
2025-09-23 15:41:16.491477: W tensorflow/compiler/tf2tensorrt/utils/py_utils.cc:38] TF-TRT Warning: Could not find TensorRT
/home/zekun/Programs/miniconda3/envs/orbv3-kaldo/lib/python3.11/site-packages/orb_models/utils.py:30: UserWarning: Setting global torch default dtype to torch.float32.
  warnings.warn(f"Setting global torch default dtype to {torch_dtype}.")
2025-09-23 15:41:21,280 - kaldo - WARNING - Directly use ForceConstants to load data from folder is discouraged with limit                             functionalities. Please use ForceConstants.from_folder for more options.
2025-09-23 15:41:21,301 - kaldo - INFO - Reading stored second
2025-09-23 15:41:21,313 - kaldo - INFO - Third order not found. Calculating.
2025-09-23 15:41:21,313 - kaldo - INFO - Calculating third order potential derivatives, finite difference displacement: 5.000e-02 angstrom
2025-09-23 16:26:57,721 - kaldo - INFO - total forces to calculate third : 7776
2025-09-23 16:26:57,721 - kaldo - INFO - forces calculated : 7776
2025-09-23 16:26:57,721 - kaldo - INFO - forces skipped (outside distance threshold) : 0


2025-09-23 16:27:07,346 - kaldo - INFO - ALD_GaAs_orb_v3_conservative_inf_omat/12_12_12/inverse/300/quantum/conductivity not found in formatted format, calculating conductivity
2025-09-23 16:27:07,346 - kaldo - INFO - ALD_GaAs_orb_v3_conservative_inf_omat/12_12_12/inverse/300/quantum/mean_free_path not found in formatted format, calculating mean_free_path
2025-09-23 16:27:07,346 - kaldo - INFO - ALD_GaAs_orb_v3_conservative_inf_omat/12_12_12/physical_mode not found in numpy format, calculating physical_mode
2025-09-23 16:27:07,365 - kaldo - INFO - ALD_GaAs_orb_v3_conservative_inf_omat/12_12_12/frequency not found in numpy format, calculating frequency
WARNING: All log messages before absl::InitializeLog() is called are written to STDERR
I0000 00:00:1758670027.367550  423621 cuda_executor.cc:1015] successful NUMA node read from SysFS had negative value (-1), but there must be at least one NUMA node, so returning NUMA node zero. See more at https://github.com/torvalds/linux/blob/v6.0/Documentation/ABI/testing/sysfs-bus-pci#L344-L355
2025-09-23 16:27:07.368293: W tensorflow/core/common_runtime/gpu/gpu_device.cc:2343] Cannot dlopen some GPU libraries. Please make sure the missing libraries mentioned above are installed properly if you would like to use GPU. Follow the guide at https://www.tensorflow.org/install/gpu for how to download and setup the required libraries for your platform.
Skipping registering GPU devices...
2025-09-23 16:27:09,886 - kaldo - INFO - ALD_GaAs_orb_v3_conservative_inf_omat/12_12_12/frequency stored
2025-09-23 16:27:09,886 - kaldo - INFO - ALD_GaAs_orb_v3_conservative_inf_omat/12_12_12/physical_mode stored
2025-09-23 16:27:09,886 - kaldo - INFO - ALD_GaAs_orb_v3_conservative_inf_omat/12_12_12/velocity not found in numpy format, calculating velocity
2025-09-23 16:27:34,791 - kaldo - INFO - ALD_GaAs_orb_v3_conservative_inf_omat/12_12_12/velocity stored
2025-09-23 16:27:34,791 - kaldo - INFO - Loading ALD_GaAs_orb_v3_conservative_inf_omat/12_12_12/physical_mode
2025-09-23 16:27:34,791 - kaldo - INFO - Loading ALD_GaAs_orb_v3_conservative_inf_omat/12_12_12/frequency
2025-09-23 16:27:34,791 - kaldo - INFO - ALD_GaAs_orb_v3_conservative_inf_omat/12_12_12/300/quantum/_ps_gamma_and_gamma_tensor not found in numpy format, calculating _ps_gamma_and_gamma_tensor
2025-09-23 16:27:34,791 - kaldo - INFO - ALD_GaAs_orb_v3_conservative_inf_omat/12_12_12/300/quantum/population not found in numpy format, calculating population
2025-09-23 16:27:37,373 - kaldo - INFO - ALD_GaAs_orb_v3_conservative_inf_omat/12_12_12/300/quantum/population stored
2025-09-23 16:27:37,373 - kaldo - INFO - ALD_GaAs_orb_v3_conservative_inf_omat/12_12_12/_sparse_phase_and_potential not found in numpy format, calculating _sparse_phase_and_potential
2025-09-23 16:27:37,834 - kaldo - INFO - Loading ALD_GaAs_orb_v3_conservative_inf_omat/12_12_12/_eigensystem
2025-09-23 16:27:37,835 - kaldo - INFO - Projection started
2025-09-23 16:27:37,835 - kaldo - INFO - Loading ALD_GaAs_orb_v3_conservative_inf_omat/12_12_12/physical_mode
2025-09-23 16:27:37,835 - kaldo - INFO - Loading ALD_GaAs_orb_v3_conservative_inf_omat/12_12_12/frequency
2025-09-23 16:27:37,836 - kaldo - INFO - Loading ALD_GaAs_orb_v3_conservative_inf_omat/12_12_12/velocity
2025-09-23 16:27:37,836 - kaldo - INFO - calculating third 0: 0.00%
2025-09-23 16:29:49,979 - kaldo - INFO - calculating third 200: 1.93%
2025-09-23 16:31:59,882 - kaldo - INFO - calculating third 400: 3.86%
2025-09-23 16:34:08,477 - kaldo - INFO - calculating third 600: 5.79%
2025-09-23 16:36:23,664 - kaldo - INFO - calculating third 800: 7.72%
2025-09-23 16:38:43,086 - kaldo - INFO - calculating third 1000: 9.65%
2025-09-23 16:40:58,339 - kaldo - INFO - calculating third 1200: 11.57%
2025-09-23 16:43:16,311 - kaldo - INFO - calculating third 1400: 13.50%
2025-09-23 16:45:33,388 - kaldo - INFO - calculating third 1600: 15.43%
2025-09-23 16:47:54,783 - kaldo - INFO - calculating third 1800: 17.36%
2025-09-23 16:50:10,135 - kaldo - INFO - calculating third 2000: 19.29%
2025-09-23 16:52:26,568 - kaldo - INFO - calculating third 2200: 21.22%
2025-09-23 16:54:42,189 - kaldo - INFO - calculating third 2400: 23.15%
2025-09-23 16:57:01,092 - kaldo - INFO - calculating third 2600: 25.08%
2025-09-23 16:59:19,255 - kaldo - INFO - calculating third 2800: 27.01%
2025-09-23 17:01:35,386 - kaldo - INFO - calculating third 3000: 28.94%
2025-09-23 17:03:48,982 - kaldo - INFO - calculating third 3200: 30.86%
2025-09-23 17:06:04,715 - kaldo - INFO - calculating third 3400: 32.79%
2025-09-23 17:08:22,257 - kaldo - INFO - calculating third 3600: 34.72%
2025-09-23 17:10:40,408 - kaldo - INFO - calculating third 3800: 36.65%
2025-09-23 17:12:57,662 - kaldo - INFO - calculating third 4000: 38.58%
2025-09-23 17:15:12,405 - kaldo - INFO - calculating third 4200: 40.51%
2025-09-23 17:17:30,609 - kaldo - INFO - calculating third 4400: 42.44%
2025-09-23 17:19:47,743 - kaldo - INFO - calculating third 4600: 44.37%
2025-09-23 17:22:06,050 - kaldo - INFO - calculating third 4800: 46.30%
2025-09-23 17:24:23,155 - kaldo - INFO - calculating third 5000: 48.23%
2025-09-23 17:26:43,374 - kaldo - INFO - calculating third 5200: 50.15%
2025-09-23 17:29:01,755 - kaldo - INFO - calculating third 5400: 52.08%
2025-09-23 17:31:17,887 - kaldo - INFO - calculating third 5600: 54.01%
2025-09-23 17:33:36,457 - kaldo - INFO - calculating third 5800: 55.94%
2025-09-23 17:35:54,655 - kaldo - INFO - calculating third 6000: 57.87%
2025-09-23 17:38:16,114 - kaldo - INFO - calculating third 6200: 59.80%
2025-09-23 17:40:33,309 - kaldo - INFO - calculating third 6400: 61.73%
2025-09-23 17:42:51,859 - kaldo - INFO - calculating third 6600: 63.66%
2025-09-23 17:45:08,462 - kaldo - INFO - calculating third 6800: 65.59%
2025-09-23 17:47:26,523 - kaldo - INFO - calculating third 7000: 67.52%
2025-09-23 17:49:41,934 - kaldo - INFO - calculating third 7200: 69.44%
2025-09-23 17:51:55,476 - kaldo - INFO - calculating third 7400: 71.37%
2025-09-23 17:54:13,297 - kaldo - INFO - calculating third 7600: 73.30%
2025-09-23 17:56:31,844 - kaldo - INFO - calculating third 7800: 75.23%
2025-09-23 17:58:50,905 - kaldo - INFO - calculating third 8000: 77.16%
2025-09-23 18:01:03,854 - kaldo - INFO - calculating third 8200: 79.09%
2025-09-23 18:03:18,863 - kaldo - INFO - calculating third 8400: 81.02%
2025-09-23 18:05:36,069 - kaldo - INFO - calculating third 8600: 82.95%
2025-09-23 18:07:58,215 - kaldo - INFO - calculating third 8800: 84.88%
2025-09-23 18:10:15,241 - kaldo - INFO - calculating third 9000: 86.81%
2025-09-23 18:12:31,740 - kaldo - INFO - calculating third 9200: 88.73%
2025-09-23 18:14:48,497 - kaldo - INFO - calculating third 9400: 90.66%
2025-09-23 18:17:08,295 - kaldo - INFO - calculating third 9600: 92.59%
2025-09-23 18:19:28,980 - kaldo - INFO - calculating third 9800: 94.52%
2025-09-23 18:21:47,972 - kaldo - INFO - calculating third 10000: 96.45%
2025-09-23 18:24:06,388 - kaldo - INFO - calculating third 10200: 98.38%
2025-09-23 18:26:01,438 - kaldo - INFO - '_project_crystal'  7104.07 s
2025-09-23 18:26:03,975 - kaldo - INFO - ALD_GaAs_orb_v3_conservative_inf_omat/12_12_12/_sparse_phase_and_potential stored as 10365 per-mu arrays
2025-09-23 18:26:11,650 - kaldo - INFO - Loading ALD_GaAs_orb_v3_conservative_inf_omat/12_12_12/_sparse_phase_and_potential
2025-09-23 18:26:11,777 - kaldo - INFO - scattering_tensor: [10368 10370] * <class 'float'>
2025-09-23 18:26:11,779 - kaldo - INFO - Memory needed: 860 MB, available: 245351 / 270102 MB
2025-09-23 18:27:57,944 - kaldo - INFO - ALD_GaAs_orb_v3_conservative_inf_omat/12_12_12/300/quantum/_ps_gamma_and_gamma_tensor stored
2025-09-23 18:27:58,807 - kaldo - INFO - _scattering_matrix: [10365 10365] * <class 'float'>
2025-09-23 18:27:58,807 - kaldo - INFO - Memory needed: 859 MB, available: 247318 / 270102 MB
2025-09-23 18:27:58,909 - kaldo - INFO - ALD_GaAs_orb_v3_conservative_inf_omat/12_12_12/300/quantum/bandwidth not found in numpy format, calculating bandwidth
2025-09-23 18:27:58,909 - kaldo - INFO - ALD_GaAs_orb_v3_conservative_inf_omat/12_12_12/300/quantum/anharmonic_bandwidth not found in numpy format, calculating anharmonic_bandwidth
2025-09-23 18:27:58,909 - kaldo - INFO - ALD_GaAs_orb_v3_conservative_inf_omat/12_12_12/300/quantum/_ps_and_gamma not found in numpy format, calculating _ps_and_gamma
2025-09-23 18:27:59,183 - kaldo - INFO - Loading ALD_GaAs_orb_v3_conservative_inf_omat/12_12_12/300/quantum/_ps_gamma_and_gamma_tensor
2025-09-23 18:27:59,185 - kaldo - INFO - ALD_GaAs_orb_v3_conservative_inf_omat/12_12_12/300/quantum/_ps_and_gamma stored
2025-09-23 18:27:59,185 - kaldo - INFO - ALD_GaAs_orb_v3_conservative_inf_omat/12_12_12/300/quantum/anharmonic_bandwidth stored
2025-09-23 18:27:59,186 - kaldo - INFO - ALD_GaAs_orb_v3_conservative_inf_omat/12_12_12/300/quantum/bandwidth stored
2025-09-23 18:28:55,406 - kaldo - INFO - Loading ALD_GaAs_orb_v3_conservative_inf_omat/12_12_12/physical_mode
2025-09-23 18:28:55,407 - kaldo - INFO - Loading ALD_GaAs_orb_v3_conservative_inf_omat/12_12_12/frequency
2025-09-23 18:28:55,553 - kaldo - INFO - Loading ALD_GaAs_orb_v3_conservative_inf_omat/12_12_12/300/quantum/_ps_gamma_and_gamma_tensor
2025-09-23 18:28:55,991 - kaldo - INFO - _scattering_matrix: [10365 10365] * <class 'float'>
2025-09-23 18:28:55,991 - kaldo - INFO - Memory needed: 859 MB, available: 244319 / 270102 MB
2025-09-23 18:28:56,120 - kaldo - INFO - Loading ALD_GaAs_orb_v3_conservative_inf_omat/12_12_12/300/quantum/bandwidth
2025-09-23 18:29:54,187 - kaldo - INFO - Loading ALD_GaAs_orb_v3_conservative_inf_omat/12_12_12/physical_mode
2025-09-23 18:29:54,187 - kaldo - INFO - Loading ALD_GaAs_orb_v3_conservative_inf_omat/12_12_12/frequency
2025-09-23 18:29:54,351 - kaldo - INFO - Loading ALD_GaAs_orb_v3_conservative_inf_omat/12_12_12/300/quantum/_ps_gamma_and_gamma_tensor
2025-09-23 18:29:54,771 - kaldo - INFO - _scattering_matrix: [10365 10365] * <class 'float'>
2025-09-23 18:29:54,772 - kaldo - INFO - Memory needed: 859 MB, available: 246803 / 270102 MB
2025-09-23 18:29:54,879 - kaldo - INFO - Loading ALD_GaAs_orb_v3_conservative_inf_omat/12_12_12/300/quantum/bandwidth
2025-09-23 18:30:51,858 - kaldo - INFO - ALD_GaAs_orb_v3_conservative_inf_omat/12_12_12/300/quantum/heat_capacity not found in numpy format, calculating heat_capacity
2025-09-23 18:30:54,642 - kaldo - INFO - ALD_GaAs_orb_v3_conservative_inf_omat/12_12_12/300/quantum/heat_capacity stored
2025-09-23 18:30:54,643 - kaldo - INFO - Loading ALD_GaAs_orb_v3_conservative_inf_omat/12_12_12/velocity
2025-09-23 18:30:54,643 - kaldo - INFO - Loading ALD_GaAs_orb_v3_conservative_inf_omat/12_12_12/physical_mode
2025-09-23 18:30:54,646 - kaldo - INFO - Conductivity calculated
Bulk thermal conductivity (W/m/K):  32.9081824622512


Thermal condutivity tensor: 

[[ 3.28277597e+01  2.58157663e-02  4.40992202e-02]
 [ 1.74616021e-02  3.29303274e+01 -7.10516677e-02]
 [ 3.95441443e-02 -7.52803033e-02  3.29664603e+01]]
2025-09-23 18:30:54,784 - kaldo - INFO - ALD_GaAs_orb_v3_conservative_inf_omat/12_12_12/inverse/300/quantum/isotopes/conductivity not found in formatted format, calculating conductivity
2025-09-23 18:30:54,785 - kaldo - INFO - ALD_GaAs_orb_v3_conservative_inf_omat/12_12_12/inverse/300/quantum/isotopes/mean_free_path not found in formatted format, calculating mean_free_path
2025-09-23 18:30:54,785 - kaldo - INFO - Loading ALD_GaAs_orb_v3_conservative_inf_omat/12_12_12/physical_mode
2025-09-23 18:30:54,785 - kaldo - INFO - Loading ALD_GaAs_orb_v3_conservative_inf_omat/12_12_12/velocity
2025-09-23 18:30:54,786 - kaldo - INFO - Loading ALD_GaAs_orb_v3_conservative_inf_omat/12_12_12/physical_mode
2025-09-23 18:30:54,786 - kaldo - INFO - Loading ALD_GaAs_orb_v3_conservative_inf_omat/12_12_12/frequency
2025-09-23 18:30:54,923 - kaldo - INFO - Loading ALD_GaAs_orb_v3_conservative_inf_omat/12_12_12/300/quantum/_ps_gamma_and_gamma_tensor
2025-09-23 18:30:55,331 - kaldo - INFO - _scattering_matrix: [10365 10365] * <class 'float'>
2025-09-23 18:30:55,331 - kaldo - INFO - Memory needed: 859 MB, available: 246377 / 270102 MB
2025-09-23 18:30:55,436 - kaldo - INFO - ALD_GaAs_orb_v3_conservative_inf_omat/12_12_12/300/quantum/isotopes/bandwidth not found in numpy format, calculating bandwidth
2025-09-23 18:30:55,437 - kaldo - INFO - Loading ALD_GaAs_orb_v3_conservative_inf_omat/12_12_12/300/quantum/anharmonic_bandwidth
2025-09-23 18:30:55,437 - kaldo - INFO - ALD_GaAs_orb_v3_conservative_inf_omat/12_12_12/isotopic_bandwidth not found in numpy format, calculating isotopic_bandwidth
2025-09-23 18:30:55,437 - kaldo - WARNING - input isotopic gfactors are missing, using isotopic concentrations from ase database (NIST)
2025-09-23 18:30:55,650 - kaldo - INFO - online isotopic data not available, using legacy data.
2025-09-23 18:30:55,653 - kaldo - INFO - g factors=[0.00019713 0.        ]
2025-09-23 18:30:55,658 - kaldo - INFO - Loading ALD_GaAs_orb_v3_conservative_inf_omat/12_12_12/frequency
2025-09-23 18:30:55,658 - kaldo - INFO - Loading ALD_GaAs_orb_v3_conservative_inf_omat/12_12_12/physical_mode
2025-09-23 18:30:55,658 - kaldo - INFO - Loading ALD_GaAs_orb_v3_conservative_inf_omat/12_12_12/_eigensystem
2025-09-23 18:30:55,659 - kaldo - INFO - Loading ALD_GaAs_orb_v3_conservative_inf_omat/12_12_12/velocity
2025-09-23 18:30:55,660 - kaldo - INFO - per25,per50,per75,mean sigma=0.014492962194944115 0.03784939799210357 0.08937520801805762 0.1038154902407773
2025-09-23 18:30:55,661 - kaldo - INFO - Using Gaussian diffusivity_shape
2025-09-23 18:30:55,661 - kaldo - INFO - Calculating isotopic bandwidth  0, 0.0%
2025-09-23 18:30:56,157 - kaldo - INFO - Calculating isotopic bandwidth  1000, 10.0%
2025-09-23 18:30:56,628 - kaldo - INFO - Calculating isotopic bandwidth  2000, 19.0%
2025-09-23 18:30:57,104 - kaldo - INFO - Calculating isotopic bandwidth  3000, 28.999999999999996%
2025-09-23 18:30:57,564 - kaldo - INFO - Calculating isotopic bandwidth  4000, 39.0%
2025-09-23 18:30:58,028 - kaldo - INFO - Calculating isotopic bandwidth  5000, 48.0%
2025-09-23 18:30:58,539 - kaldo - INFO - Calculating isotopic bandwidth  6000, 57.99999999999999%
2025-09-23 18:30:59,050 - kaldo - INFO - Calculating isotopic bandwidth  7000, 68.0%
2025-09-23 18:30:59,546 - kaldo - INFO - Calculating isotopic bandwidth  8000, 77.0%
2025-09-23 18:31:00,055 - kaldo - INFO - Calculating isotopic bandwidth  9000, 87.0%
2025-09-23 18:31:00,576 - kaldo - INFO - Calculating isotopic bandwidth  10000, 96.0%
2025-09-23 18:31:00,773 - kaldo - INFO - 'compute_isotopic_bw'  5.12 s
2025-09-23 18:31:00,773 - kaldo - INFO - ALD_GaAs_orb_v3_conservative_inf_omat/12_12_12/isotopic_bandwidth stored
2025-09-23 18:31:00,774 - kaldo - INFO - ALD_GaAs_orb_v3_conservative_inf_omat/12_12_12/300/quantum/isotopes/bandwidth stored
2025-09-23 18:31:58,432 - kaldo - INFO - Loading ALD_GaAs_orb_v3_conservative_inf_omat/12_12_12/physical_mode
2025-09-23 18:31:58,433 - kaldo - INFO - Loading ALD_GaAs_orb_v3_conservative_inf_omat/12_12_12/frequency
2025-09-23 18:31:58,591 - kaldo - INFO - Loading ALD_GaAs_orb_v3_conservative_inf_omat/12_12_12/300/quantum/_ps_gamma_and_gamma_tensor
2025-09-23 18:31:59,026 - kaldo - INFO - _scattering_matrix: [10365 10365] * <class 'float'>
2025-09-23 18:31:59,026 - kaldo - INFO - Memory needed: 859 MB, available: 246613 / 270102 MB
2025-09-23 18:31:59,162 - kaldo - INFO - Loading ALD_GaAs_orb_v3_conservative_inf_omat/12_12_12/300/quantum/isotopes/bandwidth
2025-09-23 18:32:56,649 - kaldo - INFO - Loading ALD_GaAs_orb_v3_conservative_inf_omat/12_12_12/physical_mode
2025-09-23 18:32:56,650 - kaldo - INFO - Loading ALD_GaAs_orb_v3_conservative_inf_omat/12_12_12/frequency
2025-09-23 18:32:56,787 - kaldo - INFO - Loading ALD_GaAs_orb_v3_conservative_inf_omat/12_12_12/300/quantum/_ps_gamma_and_gamma_tensor
2025-09-23 18:32:57,184 - kaldo - INFO - _scattering_matrix: [10365 10365] * <class 'float'>
2025-09-23 18:32:57,184 - kaldo - INFO - Memory needed: 859 MB, available: 246649 / 270102 MB
2025-09-23 18:32:57,283 - kaldo - INFO - Loading ALD_GaAs_orb_v3_conservative_inf_omat/12_12_12/300/quantum/isotopes/bandwidth
2025-09-23 18:33:53,649 - kaldo - INFO - Loading ALD_GaAs_orb_v3_conservative_inf_omat/12_12_12/300/quantum/heat_capacity
2025-09-23 18:33:53,650 - kaldo - INFO - Loading ALD_GaAs_orb_v3_conservative_inf_omat/12_12_12/velocity
2025-09-23 18:33:53,650 - kaldo - INFO - Loading ALD_GaAs_orb_v3_conservative_inf_omat/12_12_12/physical_mode
2025-09-23 18:33:53,653 - kaldo - INFO - Conductivity calculated
Bulk thermal conductivity with iso(W/m/K):  31.75680026149759


Thermal condutivity tensor with iso: 

[[ 3.16761120e+01  3.17845485e-02  4.96911265e-02]
 [ 2.39082738e-02  3.17796767e+01 -6.47846830e-02]
 [ 4.53585629e-02 -6.89126697e-02  3.18146121e+01]]


