2025-09-22 16:14:02.801631: E external/local_xla/xla/stream_executor/cuda/cuda_fft.cc:485] Unable to register cuFFT factory: Attempting to register factory for plugin cuFFT when one has already been registered
2025-09-22 16:14:02.870798: E external/local_xla/xla/stream_executor/cuda/cuda_dnn.cc:8454] Unable to register cuDNN factory: Attempting to register factory for plugin cuDNN when one has already been registered
2025-09-22 16:14:02.891590: E external/local_xla/xla/stream_executor/cuda/cuda_blas.cc:1452] Unable to register cuBLAS factory: Attempting to register factory for plugin cuBLAS when one has already been registered
2025-09-22 16:14:03.081474: I tensorflow/core/platform/cpu_feature_guard.cc:210] This TensorFlow binary is optimized to use available CPU instructions in performance-critical operations.
To enable the following instructions: AVX2 FMA, in other operations, rebuild TensorFlow with the appropriate compiler flags.
2025-09-22 16:14:04.191090: W tensorflow/compiler/tf2tensorrt/utils/py_utils.cc:38] TF-TRT Warning: Could not find TensorRT
Traceback (most recent call last):
  File "/home/zekun/develop/kALDo-examples/machine_learning_potentials/ACE/kaldo_runs/phonon.py", line 11, in <module>
    from pyace import PyACECalculator
ModuleNotFoundError: No module named 'pyace'
2025-09-22 16:24:06.611680: E external/local_xla/xla/stream_executor/cuda/cuda_fft.cc:477] Unable to register cuFFT factory: Attempting to register factory for plugin cuFFT when one has already been registered
WARNING: All log messages before absl::InitializeLog() is called are written to STDERR
E0000 00:00:1758583446.632261  127065 cuda_dnn.cc:8310] Unable to register cuDNN factory: Attempting to register factory for plugin cuDNN when one has already been registered
E0000 00:00:1758583446.638562  127065 cuda_blas.cc:1418] Unable to register cuBLAS factory: Attempting to register factory for plugin cuBLAS when one has already been registered
2025-09-22 16:24:06.659234: I tensorflow/core/platform/cpu_feature_guard.cc:210] This TensorFlow binary is optimized to use available CPU instructions in performance-critical operations.
To enable the following instructions: SSE4.1 SSE4.2 AVX AVX2 FMA, in other operations, rebuild TensorFlow with the appropriate compiler flags.
/home/zekun/Programs/miniconda3/envs/kaldo2.0/lib/python3.10/site-packages/requests/__init__.py:86: RequestsDependencyWarning: Unable to find acceptable character detection dependency (chardet or charset_normalizer).
  warnings.warn(
      Step     Time          Energy         fmax
BFGS:    0 16:24:09      -24.377403        1.5053
BFGS:    1 16:24:09      -24.373359        1.9187
BFGS:    2 16:24:09      -24.384747        0.0348
BFGS:    3 16:24:09      -24.384751        0.0050
BFGS:    4 16:24:09      -24.384751        0.0012
BFGS:    5 16:24:09      -24.384751        0.0000
2025-09-22 16:24:09,191 - kaldo - WARNING - Directly use ForceConstants to load data from folder is discouraged with limit                             functionalities. Please use ForceConstants.from_folder for more options.
2025-09-22 16:24:09,191 - kaldo - WARNING - Directly use ForceConstants to load data from folder is discouraged with limit                             functionalities. Please use ForceConstants.from_folder for more options.
2025-09-22 16:24:09,204 - kaldo - INFO - Second order not found. Calculating.
2025-09-22 16:24:09,204 - kaldo - INFO - Second order not found. Calculating.
2025-09-22 16:24:09,205 - kaldo - INFO - Calculating second order potential derivatives, finite difference displacement: 1.000e-04 angstrom
2025-09-22 16:24:09,205 - kaldo - INFO - Calculating second order potential derivatives, finite difference displacement: 1.000e-04 angstrom
2025-09-22 16:27:58,543 - kaldo - INFO - Symmetry of Dynamical Matrix 2.274732692056358e-06
2025-09-22 16:27:58,543 - kaldo - INFO - Symmetry of Dynamical Matrix 2.274732692056358e-06
2025-09-22 16:27:58,545 - kaldo - INFO - fd_ACE/second stored
2025-09-22 16:27:58,545 - kaldo - INFO - fd_ACE/second stored
I0000 00:00:1758583688.972706  127065 gpu_device.cc:2022] Created device /job:localhost/replica:0/task:0/device:GPU:0 with 9746 MB memory:  -> device: 0, name: NVIDIA GeForce RTX 2080 Ti, pci bus id: 0000:01:00.0, compute capability: 7.5
I0000 00:00:1758583688.973490  127065 gpu_device.cc:2022] Created device /job:localhost/replica:0/task:0/device:GPU:1 with 9791 MB memory:  -> device: 1, name: NVIDIA GeForce RTX 2080 Ti, pci bus id: 0000:21:00.0, compute capability: 7.5
I0000 00:00:1758583688.974145  127065 gpu_device.cc:2022] Created device /job:localhost/replica:0/task:0/device:GPU:2 with 8631 MB memory:  -> device: 2, name: NVIDIA GeForce RTX 2080 Ti, pci bus id: 0000:4b:00.0, compute capability: 7.5
I0000 00:00:1758583688.974739  127065 gpu_device.cc:2022] Created device /job:localhost/replica:0/task:0/device:GPU:3 with 8937 MB memory:  -> device: 3, name: NVIDIA GeForce RTX 2080 Ti, pci bus id: 0000:4c:00.0, compute capability: 7.5
I0000 00:00:1758583689.199796  127065 cuda_solvers.cc:178] Creating GpuSolver handles for stream 0x26dedda0
/home/zekun/Programs/miniconda3/envs/kaldo2.0/lib/python3.10/site-packages/kaldo/observables/harmonic_with_q.py:256: RuntimeWarning: invalid value encountered in sqrt
  inverse_sqrt_freq = tf.cast(tf.convert_to_tensor(1 / np.sqrt(frequency)), tf.complex128)


C11: 367.4 GPa
C12: 123.1 GPa
C44: 106.6 GPa
2025-09-22 16:28:15,038 - kaldo - INFO - ALD_AlN_ACE/15_15_9/_eigensystem not found in numpy format, calculating _eigensystem
2025-09-22 16:28:15,038 - kaldo - INFO - ALD_AlN_ACE/15_15_9/_eigensystem not found in numpy format, calculating _eigensystem
2025-09-22 16:28:20,197 - kaldo - INFO - ALD_AlN_ACE/15_15_9/_eigensystem stored
2025-09-22 16:28:20,197 - kaldo - INFO - ALD_AlN_ACE/15_15_9/_eigensystem stored
2025-09-22 16:28:20,403 - kaldo - INFO - Loading ALD_AlN_ACE/15_15_9/_eigensystem
2025-09-22 16:28:20,403 - kaldo - INFO - Loading ALD_AlN_ACE/15_15_9/_eigensystem
2025-09-22 16:28:20,649 - kaldo - INFO - Loading ALD_AlN_ACE/15_15_9/_eigensystem
2025-09-22 16:28:20,649 - kaldo - INFO - Loading ALD_AlN_ACE/15_15_9/_eigensystem
