2025-09-23 15:21:24.778320: E external/local_xla/xla/stream_executor/cuda/cuda_fft.cc:485] Unable to register cuFFT factory: Attempting to register factory for plugin cuFFT when one has already been registered
2025-09-23 15:21:24.848956: E external/local_xla/xla/stream_executor/cuda/cuda_dnn.cc:8454] Unable to register cuDNN factory: Attempting to register factory for plugin cuDNN when one has already been registered
2025-09-23 15:21:24.868006: E external/local_xla/xla/stream_executor/cuda/cuda_blas.cc:1452] Unable to register cuBLAS factory: Attempting to register factory for plugin cuBLAS when one has already been registered
2025-09-23 15:21:24.988605: I tensorflow/core/platform/cpu_feature_guard.cc:210] This TensorFlow binary is optimized to use available CPU instructions in performance-critical operations.
To enable the following instructions: AVX2 FMA, in other operations, rebuild TensorFlow with the appropriate compiler flags.
2025-09-23 15:21:26.002528: W tensorflow/compiler/tf2tensorrt/utils/py_utils.cc:38] TF-TRT Warning: Could not find TensorRT
Optimized lattice constants: 5.75411 angstrom
      Step     Time          Energy         fmax
BFGS:    0 15:21:54       -8.250126        0.0005
BFGS:    1 15:21:54       -8.250126        0.0004
BFGS:    2 15:21:54       -8.250126        0.0000
2025-09-23 15:21:54,697 - kaldo - WARNING - Directly use ForceConstants to load data from folder is discouraged with limit                             functionalities. Please use ForceConstants.from_folder for more options.
2025-09-23 15:21:54,710 - kaldo - INFO - Second order not found. Calculating.
2025-09-23 15:21:54,710 - kaldo - INFO - Calculating second order potential derivatives, finite difference displacement: 5.000e-02 angstrom
2025-09-23 15:22:27,681 - kaldo - INFO - Symmetry of Dynamical Matrix 0.009172213904093951
2025-09-23 15:22:27,682 - kaldo - INFO - fd_orb_v3_conservative_inf_omat/second stored
WARNING: All log messages before absl::InitializeLog() is called are written to STDERR
I0000 00:00:1758666148.437199  416213 cuda_executor.cc:1015] successful NUMA node read from SysFS had negative value (-1), but there must be at least one NUMA node, so returning NUMA node zero. See more at https://github.com/torvalds/linux/blob/v6.0/Documentation/ABI/testing/sysfs-bus-pci#L344-L355
I0000 00:00:1758666148.438251  416213 cuda_executor.cc:1015] successful NUMA node read from SysFS had negative value (-1), but there must be at least one NUMA node, so returning NUMA node zero. See more at https://github.com/torvalds/linux/blob/v6.0/Documentation/ABI/testing/sysfs-bus-pci#L344-L355
I0000 00:00:1758666148.438958  416213 cuda_executor.cc:1015] successful NUMA node read from SysFS had negative value (-1), but there must be at least one NUMA node, so returning NUMA node zero. See more at https://github.com/torvalds/linux/blob/v6.0/Documentation/ABI/testing/sysfs-bus-pci#L344-L355
I0000 00:00:1758666148.439626  416213 cuda_executor.cc:1015] successful NUMA node read from SysFS had negative value (-1), but there must be at least one NUMA node, so returning NUMA node zero. See more at https://github.com/torvalds/linux/blob/v6.0/Documentation/ABI/testing/sysfs-bus-pci#L344-L355
2025-09-23 15:22:28.440431: W tensorflow/core/common_runtime/gpu/gpu_device.cc:2343] Cannot dlopen some GPU libraries. Please make sure the missing libraries mentioned above are installed properly if you would like to use GPU. Follow the guide at https://www.tensorflow.org/install/gpu for how to download and setup the required libraries for your platform.
Skipping registering GPU devices...
/home/zekun/Programs/miniconda3/envs/orbv3-kaldo/lib/python3.11/site-packages/seekpath/hpkot/__init__.py:172: DeprecationWarning: dict interface is deprecated. Use attribute interface instead
  conv_lattice = dataset["std_lattice"]


C11: 86.1 GPa
C12: 49.5 GPa
C44: 43.4 GPa
Bulk Modulus:  61.7 GPa
2025-09-23 15:22:32,630 - kaldo - INFO - ALD_GaAs_orb_v3_conservative_inf_omat//12_12_12/_eigensystem not found in numpy format, calculating _eigensystem
2025-09-23 15:22:35,597 - kaldo - INFO - ALD_GaAs_orb_v3_conservative_inf_omat//12_12_12/_eigensystem stored
2025-09-23 15:22:35,701 - kaldo - INFO - Loading ALD_GaAs_orb_v3_conservative_inf_omat//12_12_12/_eigensystem
2025-09-23 15:22:35,798 - kaldo - INFO - Loading ALD_GaAs_orb_v3_conservative_inf_omat//12_12_12/_eigensystem
