2024-07-04 12:42:17.748739: I external/local_tsl/tsl/cuda/cudart_stub.cc:31] Could not find cuda drivers on your machine, GPU will not be used.
2024-07-04 12:42:17.778121: E external/local_xla/xla/stream_executor/cuda/cuda_dnn.cc:9261] Unable to register cuDNN factory: Attempting to register factory for plugin cuDNN when one has already been registered
2024-07-04 12:42:17.778159: E external/local_xla/xla/stream_executor/cuda/cuda_fft.cc:607] Unable to register cuFFT factory: Attempting to register factory for plugin cuFFT when one has already been registered
2024-07-04 12:42:17.778773: E external/local_xla/xla/stream_executor/cuda/cuda_blas.cc:1515] Unable to register cuBLAS factory: Attempting to register factory for plugin cuBLAS when one has already been registered
2024-07-04 12:42:17.782973: I external/local_tsl/tsl/cuda/cudart_stub.cc:31] Could not find cuda drivers on your machine, GPU will not be used.
2024-07-04 12:42:17.783125: I tensorflow/core/platform/cpu_feature_guard.cc:182] This TensorFlow binary is optimized to use available CPU instructions in performance-critical operations.
To enable the following instructions: AVX2 FMA, in other operations, rebuild TensorFlow with the appropriate compiler flags.
2024-07-04 12:42:18.287302: W tensorflow/compiler/tf2tensorrt/utils/py_utils.cc:38] TF-TRT Warning: Could not find TensorRT
2024-07-04 12:42:19,277 - kaldo - INFO - Atoms object created.
2024-07-04 12:42:19,320 - kaldo - INFO - error sum rule: -4.372813850889168e-05
2024-07-04 12:42:19,321 - kaldo - INFO - Atoms object created.
2024-07-04 12:42:19,321 - kaldo - INFO - Important: FORCECONSTANTS_3RD must be generated by d3q without recentering. Cell indeces must be from 0 to nrep, not [-nrep/2,nrep/2]
2024-07-04 12:42:25,202 - kaldo - INFO - error with notation number <e-100, used default value=0.0. It happened 0 times
2024-07-04 12:42:25.292646: I external/local_xla/xla/stream_executor/cuda/cuda_executor.cc:901] successful NUMA node read from SysFS had negative value (-1), but there must be at least one NUMA node, so returning NUMA node zero. See more at https://github.com/torvalds/linux/blob/v6.0/Documentation/ABI/testing/sysfs-bus-pci#L344-L355
2024-07-04 12:42:25.293341: I external/local_xla/xla/stream_executor/cuda/cuda_executor.cc:901] successful NUMA node read from SysFS had negative value (-1), but there must be at least one NUMA node, so returning NUMA node zero. See more at https://github.com/torvalds/linux/blob/v6.0/Documentation/ABI/testing/sysfs-bus-pci#L344-L355
2024-07-04 12:42:25.296102: W tensorflow/core/common_runtime/gpu/gpu_device.cc:2256] Cannot dlopen some GPU libraries. Please make sure the missing libraries mentioned above are installed properly if you would like to use GPU. Follow the guide at https://www.tensorflow.org/install/gpu for how to download and setup the required libraries for your platform.
Skipping registering GPU devices...
2024-07-04 12:42:27,350 - kaldo - INFO - ald/14_14_14/_eigensystem not found in numpy format, calculating _eigensystem
2024-07-04 12:42:30,563 - kaldo - INFO - ald/14_14_14/_eigensystem stored


2024-07-04 12:42:30,692 - kaldo - INFO - ald/14_14_14/300/quantum/inverse/conductivity not found in formatted format, calculating conductivity
2024-07-04 12:42:30,692 - kaldo - INFO - ald/14_14_14/300/quantum/inverse/mean_free_path not found in formatted format, calculating mean_free_path
2024-07-04 12:42:30,692 - kaldo - INFO - ald/14_14_14/physical_mode not found in numpy format, calculating physical_mode
2024-07-04 12:42:30,727 - kaldo - INFO - ald/14_14_14/frequency not found in numpy format, calculating frequency
2024-07-04 12:42:33,149 - kaldo - INFO - ald/14_14_14/frequency stored
2024-07-04 12:42:33,149 - kaldo - INFO - ald/14_14_14/physical_mode stored
2024-07-04 12:42:33,149 - kaldo - INFO - ald/14_14_14/velocity not found in numpy format, calculating velocity
2024-07-04 12:42:57,769 - kaldo - INFO - ald/14_14_14/velocity stored
2024-07-04 12:42:57,770 - kaldo - INFO - Loading ald/14_14_14/physical_mode
2024-07-04 12:42:57,770 - kaldo - INFO - Loading ald/14_14_14/frequency
2024-07-04 12:42:57,770 - kaldo - INFO - ald/14_14_14/300/quantum/_ps_gamma_and_gamma_tensor not found in numpy format, calculating _ps_gamma_and_gamma_tensor
2024-07-04 12:42:57,785 - kaldo - INFO - Loading ald/14_14_14/_eigensystem
2024-07-04 12:42:57,786 - kaldo - INFO - scattering_tensor: [16464 16466] * <class 'float'>
2024-07-04 12:42:57,786 - kaldo - INFO - Memory needed: 2168 MB, available: 265305 / 270110 MB
2024-07-04 12:42:57,786 - kaldo - INFO - Projection started
2024-07-04 12:42:57,786 - kaldo - INFO - ald/14_14_14/300/quantum/population not found in numpy format, calculating population
2024-07-04 12:43:00,215 - kaldo - INFO - ald/14_14_14/300/quantum/population stored
2024-07-04 12:43:00,215 - kaldo - INFO - Loading ald/14_14_14/physical_mode
2024-07-04 12:43:00,215 - kaldo - INFO - Loading ald/14_14_14/frequency
2024-07-04 12:43:00,215 - kaldo - INFO - Loading ald/14_14_14/velocity
2024-07-04 12:43:00,215 - kaldo - INFO - Calculating third order projection 0, 0.0%
2024-07-04 12:43:05,663 - kaldo - INFO - Calculating third order projection 200, 1.0%
2024-07-04 12:43:11,315 - kaldo - INFO - Calculating third order projection 400, 2.0%
2024-07-04 12:43:16,918 - kaldo - INFO - Calculating third order projection 600, 4.0%
2024-07-04 12:43:22,524 - kaldo - INFO - Calculating third order projection 800, 5.0%
2024-07-04 12:43:28,068 - kaldo - INFO - Calculating third order projection 1000, 6.0%
2024-07-04 12:43:33,525 - kaldo - INFO - Calculating third order projection 1200, 7.000000000000001%
2024-07-04 12:43:38,759 - kaldo - INFO - Calculating third order projection 1400, 9.0%
2024-07-04 12:43:44,312 - kaldo - INFO - Calculating third order projection 1600, 10.0%
2024-07-04 12:43:49,872 - kaldo - INFO - Calculating third order projection 1800, 11.0%
2024-07-04 12:43:55,459 - kaldo - INFO - Calculating third order projection 2000, 12.0%
2024-07-04 12:44:01,164 - kaldo - INFO - Calculating third order projection 2200, 13.0%
2024-07-04 12:44:06,808 - kaldo - INFO - Calculating third order projection 2400, 15.0%
2024-07-04 12:44:12,193 - kaldo - INFO - Calculating third order projection 2600, 16.0%
2024-07-04 12:44:17,820 - kaldo - INFO - Calculating third order projection 2800, 17.0%
2024-07-04 12:44:23,383 - kaldo - INFO - Calculating third order projection 3000, 18.0%
2024-07-04 12:44:28,892 - kaldo - INFO - Calculating third order projection 3200, 19.0%
2024-07-04 12:44:34,350 - kaldo - INFO - Calculating third order projection 3400, 21.0%
2024-07-04 12:44:39,737 - kaldo - INFO - Calculating third order projection 3600, 22.0%
2024-07-04 12:44:45,251 - kaldo - INFO - Calculating third order projection 3800, 23.0%
2024-07-04 12:44:50,777 - kaldo - INFO - Calculating third order projection 4000, 24.0%
2024-07-04 12:44:56,293 - kaldo - INFO - Calculating third order projection 4200, 26.0%
2024-07-04 12:45:01,883 - kaldo - INFO - Calculating third order projection 4400, 27.0%
2024-07-04 12:45:07,329 - kaldo - INFO - Calculating third order projection 4600, 28.000000000000004%
2024-07-04 12:45:12,765 - kaldo - INFO - Calculating third order projection 4800, 28.999999999999996%
2024-07-04 12:45:18,272 - kaldo - INFO - Calculating third order projection 5000, 30.0%
2024-07-04 12:45:23,750 - kaldo - INFO - Calculating third order projection 5200, 32.0%
2024-07-04 12:45:29,323 - kaldo - INFO - Calculating third order projection 5400, 33.0%
2024-07-04 12:45:35,011 - kaldo - INFO - Calculating third order projection 5600, 34.0%
2024-07-04 12:45:40,546 - kaldo - INFO - Calculating third order projection 5800, 35.0%
2024-07-04 12:45:46,014 - kaldo - INFO - Calculating third order projection 6000, 36.0%
2024-07-04 12:45:51,530 - kaldo - INFO - Calculating third order projection 6200, 38.0%
2024-07-04 12:45:57,032 - kaldo - INFO - Calculating third order projection 6400, 39.0%
2024-07-04 12:46:02,562 - kaldo - INFO - Calculating third order projection 6600, 40.0%
2024-07-04 12:46:08,150 - kaldo - INFO - Calculating third order projection 6800, 41.0%
2024-07-04 12:46:13,730 - kaldo - INFO - Calculating third order projection 7000, 43.0%
2024-07-04 12:46:19,206 - kaldo - INFO - Calculating third order projection 7200, 44.0%
2024-07-04 12:46:24,736 - kaldo - INFO - Calculating third order projection 7400, 45.0%
2024-07-04 12:46:30,261 - kaldo - INFO - Calculating third order projection 7600, 46.0%
2024-07-04 12:46:35,726 - kaldo - INFO - Calculating third order projection 7800, 47.0%
2024-07-04 12:46:41,312 - kaldo - INFO - Calculating third order projection 8000, 49.0%
2024-07-04 12:46:46,847 - kaldo - INFO - Calculating third order projection 8200, 50.0%
2024-07-04 12:46:52,255 - kaldo - INFO - Calculating third order projection 8400, 51.0%
2024-07-04 12:46:57,753 - kaldo - INFO - Calculating third order projection 8600, 52.0%
2024-07-04 12:47:03,217 - kaldo - INFO - Calculating third order projection 8800, 53.0%
2024-07-04 12:47:08,598 - kaldo - INFO - Calculating third order projection 9000, 55.00000000000001%
2024-07-04 12:47:14,136 - kaldo - INFO - Calculating third order projection 9200, 56.00000000000001%
2024-07-04 12:47:19,653 - kaldo - INFO - Calculating third order projection 9400, 56.99999999999999%
2024-07-04 12:47:25,044 - kaldo - INFO - Calculating third order projection 9600, 57.99999999999999%
2024-07-04 12:47:30,594 - kaldo - INFO - Calculating third order projection 9800, 60.0%
2024-07-04 12:47:36,159 - kaldo - INFO - Calculating third order projection 10000, 61.0%
2024-07-04 12:47:41,630 - kaldo - INFO - Calculating third order projection 10200, 62.0%
2024-07-04 12:47:47,102 - kaldo - INFO - Calculating third order projection 10400, 63.0%
2024-07-04 12:47:52,681 - kaldo - INFO - Calculating third order projection 10600, 64.0%
2024-07-04 12:47:58,129 - kaldo - INFO - Calculating third order projection 10800, 66.0%
2024-07-04 12:48:03,738 - kaldo - INFO - Calculating third order projection 11000, 67.0%
2024-07-04 12:48:09,340 - kaldo - INFO - Calculating third order projection 11200, 68.0%
2024-07-04 12:48:14,831 - kaldo - INFO - Calculating third order projection 11400, 69.0%
2024-07-04 12:48:20,393 - kaldo - INFO - Calculating third order projection 11600, 70.0%
2024-07-04 12:48:25,918 - kaldo - INFO - Calculating third order projection 11800, 72.0%
2024-07-04 12:48:31,464 - kaldo - INFO - Calculating third order projection 12000, 73.0%
2024-07-04 12:48:37,053 - kaldo - INFO - Calculating third order projection 12200, 74.0%
2024-07-04 12:48:42,654 - kaldo - INFO - Calculating third order projection 12400, 75.0%
2024-07-04 12:48:48,169 - kaldo - INFO - Calculating third order projection 12600, 77.0%
2024-07-04 12:48:53,630 - kaldo - INFO - Calculating third order projection 12800, 78.0%
2024-07-04 12:48:59,127 - kaldo - INFO - Calculating third order projection 13000, 79.0%
2024-07-04 12:49:04,593 - kaldo - INFO - Calculating third order projection 13200, 80.0%
2024-07-04 12:49:10,151 - kaldo - INFO - Calculating third order projection 13400, 81.0%
2024-07-04 12:49:15,792 - kaldo - INFO - Calculating third order projection 13600, 83.0%
2024-07-04 12:49:21,404 - kaldo - INFO - Calculating third order projection 13800, 84.0%
2024-07-04 12:49:26,922 - kaldo - INFO - Calculating third order projection 14000, 85.0%
2024-07-04 12:49:32,411 - kaldo - INFO - Calculating third order projection 14200, 86.0%
2024-07-04 12:49:37,857 - kaldo - INFO - Calculating third order projection 14400, 87.0%
2024-07-04 12:49:43,354 - kaldo - INFO - Calculating third order projection 14600, 89.0%
2024-07-04 12:49:48,927 - kaldo - INFO - Calculating third order projection 14800, 90.0%
2024-07-04 12:49:54,496 - kaldo - INFO - Calculating third order projection 15000, 91.0%
2024-07-04 12:50:00,099 - kaldo - INFO - Calculating third order projection 15200, 92.0%
2024-07-04 12:50:05,570 - kaldo - INFO - Calculating third order projection 15400, 94.0%
2024-07-04 12:50:11,345 - kaldo - INFO - Calculating third order projection 15600, 95.0%
2024-07-04 12:50:16,997 - kaldo - INFO - Calculating third order projection 15800, 96.0%
2024-07-04 12:50:22,617 - kaldo - INFO - Calculating third order projection 16000, 97.0%
2024-07-04 12:50:28,271 - kaldo - INFO - Calculating third order projection 16200, 98.0%
2024-07-04 12:50:33,840 - kaldo - INFO - Calculating third order projection 16400, 100.0%
2024-07-04 12:50:35,492 - kaldo - INFO - 'project_crystal'  457.72 s
2024-07-04 12:50:36,304 - kaldo - INFO - ald/14_14_14/300/quantum/_ps_gamma_and_gamma_tensor stored
2024-07-04 12:50:37,332 - kaldo - INFO - _scattering_matrix: [16461 16461] * <class 'float'>
2024-07-04 12:50:37,332 - kaldo - INFO - Memory needed: 2167 MB, available: 248265 / 270110 MB
2024-07-04 12:50:37,561 - kaldo - INFO - ald/14_14_14/300/quantum/bandwidth not found in numpy format, calculating bandwidth
2024-07-04 12:50:37,561 - kaldo - INFO - ald/14_14_14/300/quantum/anharmonic_bandwidth not found in numpy format, calculating anharmonic_bandwidth
2024-07-04 12:50:37,561 - kaldo - INFO - ald/14_14_14/300/quantum/_ps_and_gamma not found in numpy format, calculating _ps_and_gamma
2024-07-04 12:50:38,195 - kaldo - INFO - Loading ald/14_14_14/300/quantum/_ps_gamma_and_gamma_tensor
2024-07-04 12:50:38,197 - kaldo - INFO - ald/14_14_14/300/quantum/_ps_and_gamma stored
2024-07-04 12:50:38,197 - kaldo - INFO - ald/14_14_14/300/quantum/anharmonic_bandwidth stored
2024-07-04 12:50:38,198 - kaldo - INFO - ald/14_14_14/300/quantum/bandwidth stored
2024-07-04 12:50:53,205 - kaldo - INFO - Loading ald/14_14_14/physical_mode
2024-07-04 12:50:53,205 - kaldo - INFO - Loading ald/14_14_14/frequency
2024-07-04 12:50:53,506 - kaldo - INFO - Loading ald/14_14_14/300/quantum/_ps_gamma_and_gamma_tensor
2024-07-04 12:50:54,485 - kaldo - INFO - _scattering_matrix: [16461 16461] * <class 'float'>
2024-07-04 12:50:54,485 - kaldo - INFO - Memory needed: 2167 MB, available: 245985 / 270110 MB
2024-07-04 12:50:54,714 - kaldo - INFO - Loading ald/14_14_14/300/quantum/bandwidth
2024-07-04 12:51:09,777 - kaldo - INFO - Loading ald/14_14_14/physical_mode
2024-07-04 12:51:09,778 - kaldo - INFO - Loading ald/14_14_14/frequency
2024-07-04 12:51:10,093 - kaldo - INFO - Loading ald/14_14_14/300/quantum/_ps_gamma_and_gamma_tensor
2024-07-04 12:51:11,056 - kaldo - INFO - _scattering_matrix: [16461 16461] * <class 'float'>
2024-07-04 12:51:11,056 - kaldo - INFO - Memory needed: 2167 MB, available: 245984 / 270110 MB
2024-07-04 12:51:11,285 - kaldo - INFO - Loading ald/14_14_14/300/quantum/bandwidth
2024-07-04 12:51:26,032 - kaldo - INFO - ald/14_14_14/300/quantum/heat_capacity not found in numpy format, calculating heat_capacity
2024-07-04 12:51:28,603 - kaldo - INFO - ald/14_14_14/300/quantum/heat_capacity stored
2024-07-04 12:51:28,603 - kaldo - INFO - Loading ald/14_14_14/velocity
2024-07-04 12:51:28,603 - kaldo - INFO - Loading ald/14_14_14/physical_mode
2024-07-04 12:51:28,605 - kaldo - INFO - Conductivity calculated
Bulk thermal conductivity (W/m/K):  55.15363360120207


Thermal condutivity tensor: 

[[54.67349882 -0.46203923 -0.45062645]
 [-0.47434705 55.40267104  1.02007055]
 [-0.46162911  1.01907145 55.38473094]]
2024-07-04 12:51:28,843 - kaldo - INFO - ald/14_14_14/300/quantum/isotopes/inverse/conductivity not found in formatted format, calculating conductivity
2024-07-04 12:51:28,843 - kaldo - INFO - ald/14_14_14/300/quantum/isotopes/inverse/mean_free_path not found in formatted format, calculating mean_free_path
2024-07-04 12:51:28,844 - kaldo - INFO - Loading ald/14_14_14/physical_mode
2024-07-04 12:51:28,844 - kaldo - INFO - Loading ald/14_14_14/velocity
2024-07-04 12:51:28,844 - kaldo - INFO - Loading ald/14_14_14/physical_mode
2024-07-04 12:51:28,844 - kaldo - INFO - Loading ald/14_14_14/frequency
2024-07-04 12:51:29,142 - kaldo - INFO - Loading ald/14_14_14/300/quantum/_ps_gamma_and_gamma_tensor
2024-07-04 12:51:30,106 - kaldo - INFO - _scattering_matrix: [16461 16461] * <class 'float'>
2024-07-04 12:51:30,106 - kaldo - INFO - Memory needed: 2167 MB, available: 245979 / 270110 MB
2024-07-04 12:51:30,335 - kaldo - INFO - ald/14_14_14/300/quantum/isotopes/bandwidth not found in numpy format, calculating bandwidth
2024-07-04 12:51:30,336 - kaldo - INFO - Loading ald/14_14_14/300/quantum/anharmonic_bandwidth
2024-07-04 12:51:30,336 - kaldo - INFO - ald/14_14_14/isotopic_bandwidth not found in numpy format, calculating isotopic_bandwidth
2024-07-04 12:51:30,336 - kaldo - WARNING - input isotopic gfactors are missing, using isotopic concentrations from ase database (NIST)
2024-07-04 12:51:31,069 - kaldo - INFO - downloading isotopic data from NIST database, using ase.data.isotopes.
2024-07-04 12:51:31,070 - kaldo - INFO - g factors=[0.00058697 0.00058697]
2024-07-04 12:51:31,070 - kaldo - INFO - Loading ald/14_14_14/frequency
2024-07-04 12:51:31,070 - kaldo - INFO - Loading ald/14_14_14/physical_mode
2024-07-04 12:51:31,070 - kaldo - INFO - Loading ald/14_14_14/_eigensystem
2024-07-04 12:51:31,070 - kaldo - INFO - Loading ald/14_14_14/velocity
2024-07-04 12:51:31,072 - kaldo - INFO - per25,per50,per75,mean sigma=0.017934878462038173 0.04534703608341496 0.10127218066509443 0.11599636197686092
2024-07-04 12:51:31,073 - kaldo - INFO - Using Gaussian diffusivity_shape
2024-07-04 12:51:31,073 - kaldo - INFO - Calculating isotopic bandwidth  0, 0.0%
2024-07-04 12:51:31,518 - kaldo - INFO - Calculating isotopic bandwidth  1000, 6.0%
2024-07-04 12:51:31,977 - kaldo - INFO - Calculating isotopic bandwidth  2000, 12.0%
2024-07-04 12:51:32,454 - kaldo - INFO - Calculating isotopic bandwidth  3000, 18.0%
2024-07-04 12:51:32,938 - kaldo - INFO - Calculating isotopic bandwidth  4000, 24.0%
2024-07-04 12:51:33,418 - kaldo - INFO - Calculating isotopic bandwidth  5000, 30.0%
2024-07-04 12:51:33,896 - kaldo - INFO - Calculating isotopic bandwidth  6000, 36.0%
2024-07-04 12:51:34,375 - kaldo - INFO - Calculating isotopic bandwidth  7000, 43.0%
2024-07-04 12:51:34,856 - kaldo - INFO - Calculating isotopic bandwidth  8000, 49.0%
2024-07-04 12:51:35,334 - kaldo - INFO - Calculating isotopic bandwidth  9000, 55.00000000000001%
2024-07-04 12:51:35,812 - kaldo - INFO - Calculating isotopic bandwidth  10000, 61.0%
2024-07-04 12:51:36,289 - kaldo - INFO - Calculating isotopic bandwidth  11000, 67.0%
2024-07-04 12:51:36,777 - kaldo - INFO - Calculating isotopic bandwidth  12000, 73.0%
2024-07-04 12:51:37,258 - kaldo - INFO - Calculating isotopic bandwidth  13000, 79.0%
2024-07-04 12:51:37,734 - kaldo - INFO - Calculating isotopic bandwidth  14000, 85.0%
2024-07-04 12:51:38,215 - kaldo - INFO - Calculating isotopic bandwidth  15000, 91.0%
2024-07-04 12:51:38,684 - kaldo - INFO - Calculating isotopic bandwidth  16000, 97.0%
2024-07-04 12:51:38,905 - kaldo - INFO - 'compute_isotopic_bw'  7.83 s
2024-07-04 12:51:38,905 - kaldo - INFO - ald/14_14_14/isotopic_bandwidth stored
2024-07-04 12:51:38,905 - kaldo - INFO - ald/14_14_14/300/quantum/isotopes/bandwidth stored
2024-07-04 12:51:53,481 - kaldo - INFO - Loading ald/14_14_14/physical_mode
2024-07-04 12:51:53,482 - kaldo - INFO - Loading ald/14_14_14/frequency
2024-07-04 12:51:53,797 - kaldo - INFO - Loading ald/14_14_14/300/quantum/_ps_gamma_and_gamma_tensor
2024-07-04 12:51:54,761 - kaldo - INFO - _scattering_matrix: [16461 16461] * <class 'float'>
2024-07-04 12:51:54,761 - kaldo - INFO - Memory needed: 2167 MB, available: 245968 / 270110 MB
2024-07-04 12:51:54,991 - kaldo - INFO - Loading ald/14_14_14/300/quantum/isotopes/bandwidth
2024-07-04 12:52:09,753 - kaldo - INFO - Loading ald/14_14_14/physical_mode
2024-07-04 12:52:09,753 - kaldo - INFO - Loading ald/14_14_14/frequency
2024-07-04 12:52:10,072 - kaldo - INFO - Loading ald/14_14_14/300/quantum/_ps_gamma_and_gamma_tensor
2024-07-04 12:52:11,045 - kaldo - INFO - _scattering_matrix: [16461 16461] * <class 'float'>
2024-07-04 12:52:11,045 - kaldo - INFO - Memory needed: 2167 MB, available: 245972 / 270110 MB
2024-07-04 12:52:11,278 - kaldo - INFO - Loading ald/14_14_14/300/quantum/isotopes/bandwidth
2024-07-04 12:52:26,055 - kaldo - INFO - Loading ald/14_14_14/300/quantum/heat_capacity
2024-07-04 12:52:26,055 - kaldo - INFO - Loading ald/14_14_14/velocity
2024-07-04 12:52:26,055 - kaldo - INFO - Loading ald/14_14_14/physical_mode
2024-07-04 12:52:26,057 - kaldo - INFO - Conductivity calculated
Bulk thermal conductivity with iso(W/m/K):  44.3696906258996


Thermal condutivity tensor wit iso: 

[[43.99268705 -0.36171584 -0.35083435]
 [-0.36358963 44.56617234  0.73119927]
 [-0.35162795  0.73051592 44.55021248]]


