
     Program Q2R v.7.2 starts on 22Dec2024 at 19:35:17 

     This program is part of the open-source Quantum ESPRESSO suite
     for quantum simulation of materials; please cite
         "P. Giannozzi et al., J. Phys.:Condens. Matter 21 395502 (2009);
         "P. Giannozzi et al., J. Phys.:Condens. Matter 29 465901 (2017);
         "P. Giannozzi et al., J. Chem. Phys. 152 154105 (2020);
          URL http://www.quantum-espresso.org", 
     in publications or presentations arising from this work. More details at
     http://www.quantum-espresso.org/quote

     Parallel version (MPI), running on    16 processors

     MPI processes distributed on     1 nodes
     R & G space division:  proc/nbgrp/npool/nimage =      16
     62136 MiB available memory on the printing compute node when the environment starts


  reading grid info from file si.dyn0    

  reading force constants from file si.dyn1
 macroscopic fields = T
  13.33721   0.00000   0.00000
   0.00000  13.33721  -0.00000
   0.00000   0.00000  13.33721
  na=            1
  -0.00294  -0.00000  -0.00000
  -0.00000  -0.00294  -0.00000
   0.00000  -0.00000  -0.00294
  na=            2
  -0.00294  -0.00000  -0.00000
  -0.00000  -0.00294   0.00000
  -0.00000  -0.00000  -0.00294
     Message from routine volume:
     axis vectors are left-handed
     Message from routine volume:
     axis vectors are left-handed
  Norm of the difference between old and new effective charges:    0.00720685030097004999
  nqs=            1
 q=   0.00000000  0.00000000  0.00000000
  reading force constants from file si.dyn2
  nqs=            8
 q=  -0.08838835  0.08838835  0.08838835
 q=  -0.08838835 -0.08838835 -0.08838835
 q=   0.08838835 -0.08838835  0.08838835
 q=   0.08838835 -0.08838835 -0.08838835
 q=  -0.08838835  0.08838835 -0.08838835
 q=   0.08838835  0.08838835 -0.08838835
 q=   0.08838835  0.08838835  0.08838835
 q=  -0.08838835 -0.08838835  0.08838835
  reading force constants from file si.dyn3
  nqs=            8
 q=  -0.17677670  0.17677670  0.17677670
 q=  -0.17677670 -0.17677670 -0.17677670
 q=   0.17677670 -0.17677670  0.17677670
 q=   0.17677670 -0.17677670 -0.17677670
 q=  -0.17677670  0.17677670 -0.17677670
 q=   0.17677670  0.17677670 -0.17677670
 q=   0.17677670  0.17677670  0.17677670
 q=  -0.17677670 -0.17677670  0.17677670
  reading force constants from file si.dyn4
  nqs=            8
 q=  -0.26516504  0.26516504  0.26516504
 q=  -0.26516504 -0.26516504 -0.26516504
 q=   0.26516504 -0.26516504  0.26516504
 q=   0.26516504 -0.26516504 -0.26516504
 q=  -0.26516504  0.26516504 -0.26516504
 q=   0.26516504  0.26516504 -0.26516504
 q=   0.26516504  0.26516504  0.26516504
 q=  -0.26516504 -0.26516504  0.26516504
  reading force constants from file si.dyn5
  nqs=            4
 q=   0.35355339 -0.35355339 -0.35355339
 q=   0.35355339  0.35355339  0.35355339
 q=  -0.35355339 -0.35355339  0.35355339
 q=  -0.35355339  0.35355339 -0.35355339
  reading force constants from file si.dyn6
  nqs=            6
 q=  -0.00000000  0.00000000  0.17677670
 q=   0.00000000 -0.17677670 -0.00000000
 q=   0.17677670  0.00000000 -0.00000000
 q=   0.00000000 -0.00000000 -0.17677670
 q=  -0.00000000  0.17677670  0.00000000
 q=  -0.17677670 -0.00000000  0.00000000
  reading force constants from file si.dyn7
  nqs=           24
 q=  -0.08838835  0.08838835  0.26516504
 q=   0.08838835 -0.08838835  0.26516504
 q=   0.08838835  0.08838835  0.26516504
 q=  -0.08838835 -0.08838835  0.26516504
 q=   0.08838835 -0.26516504 -0.08838835
 q=   0.26516504 -0.08838835 -0.08838835
 q=  -0.08838835 -0.08838835 -0.26516504
 q=   0.08838835  0.08838835 -0.26516504
 q=  -0.08838835  0.26516504  0.08838835
 q=   0.08838835  0.26516504 -0.08838835
 q=  -0.26516504  0.08838835  0.08838835
 q=   0.08838835 -0.26516504  0.08838835
 q=  -0.08838835 -0.26516504 -0.08838835
 q=   0.26516504 -0.08838835  0.08838835
 q=   0.26516504  0.08838835 -0.08838835
 q=  -0.26516504 -0.08838835 -0.08838835
 q=  -0.08838835  0.08838835 -0.26516504
 q=   0.08838835  0.26516504  0.08838835
 q=  -0.26516504 -0.08838835  0.08838835
 q=  -0.08838835  0.26516504 -0.08838835
 q=   0.08838835 -0.08838835 -0.26516504
 q=  -0.08838835 -0.26516504  0.08838835
 q=   0.26516504  0.08838835  0.08838835
 q=  -0.26516504  0.08838835 -0.08838835
  reading force constants from file si.dyn8
  nqs=           24
 q=  -0.17677670  0.17677670  0.35355339
 q=   0.17677670 -0.17677670  0.35355339
 q=   0.17677670  0.17677670  0.35355339
 q=  -0.17677670 -0.17677670  0.35355339
 q=   0.17677670 -0.35355339 -0.17677670
 q=   0.35355339 -0.17677670 -0.17677670
 q=  -0.17677670 -0.17677670 -0.35355339
 q=   0.17677670  0.17677670 -0.35355339
 q=  -0.17677670  0.35355339  0.17677670
 q=   0.17677670  0.35355339 -0.17677670
 q=  -0.35355339  0.17677670  0.17677670
 q=   0.17677670 -0.35355339  0.17677670
 q=  -0.17677670 -0.35355339 -0.17677670
 q=   0.35355339 -0.17677670  0.17677670
 q=   0.35355339  0.17677670 -0.17677670
 q=  -0.35355339 -0.17677670 -0.17677670
 q=  -0.17677670  0.17677670 -0.35355339
 q=   0.17677670  0.35355339  0.17677670
 q=  -0.35355339 -0.17677670  0.17677670
 q=  -0.17677670  0.35355339 -0.17677670
 q=   0.17677670 -0.17677670 -0.35355339
 q=  -0.17677670 -0.35355339  0.17677670
 q=   0.35355339  0.17677670  0.17677670
 q=  -0.35355339  0.17677670 -0.17677670
  reading force constants from file si.dyn9
  nqs=           24
 q=   0.44194174 -0.44194174 -0.26516504
 q=  -0.44194174  0.44194174 -0.26516504
 q=  -0.44194174 -0.44194174 -0.26516504
 q=   0.44194174  0.44194174 -0.26516504
 q=  -0.44194174  0.26516504  0.44194174
 q=  -0.26516504  0.44194174  0.44194174
 q=   0.44194174  0.44194174  0.26516504
 q=  -0.44194174 -0.44194174  0.26516504
 q=   0.44194174 -0.26516504 -0.44194174
 q=  -0.44194174 -0.26516504  0.44194174
 q=   0.26516504 -0.44194174 -0.44194174
 q=  -0.44194174  0.26516504 -0.44194174
 q=   0.44194174  0.26516504  0.44194174
 q=  -0.26516504  0.44194174 -0.44194174
 q=  -0.26516504 -0.44194174  0.44194174
 q=   0.26516504  0.44194174  0.44194174
 q=   0.44194174 -0.44194174  0.26516504
 q=  -0.44194174 -0.26516504 -0.44194174
 q=   0.26516504  0.44194174 -0.44194174
 q=   0.44194174 -0.26516504  0.44194174
 q=  -0.44194174  0.44194174  0.26516504
 q=   0.44194174  0.26516504 -0.44194174
 q=  -0.26516504 -0.44194174 -0.44194174
 q=   0.26516504 -0.44194174  0.44194174
  reading force constants from file si.dyn10
  nqs=           24
 q=   0.35355339 -0.35355339 -0.17677670
 q=  -0.35355339  0.35355339 -0.17677670
 q=  -0.35355339 -0.35355339 -0.17677670
 q=   0.35355339  0.35355339 -0.17677670
 q=  -0.35355339  0.17677670  0.35355339
 q=  -0.17677670  0.35355339  0.35355339
 q=   0.35355339  0.35355339  0.17677670
 q=  -0.35355339 -0.35355339  0.17677670
 q=   0.35355339 -0.17677670 -0.35355339
 q=  -0.35355339 -0.17677670  0.35355339
 q=   0.17677670 -0.35355339 -0.35355339
 q=  -0.35355339  0.17677670 -0.35355339
 q=   0.35355339  0.17677670  0.35355339
 q=  -0.17677670  0.35355339 -0.35355339
 q=  -0.17677670 -0.35355339  0.35355339
 q=   0.17677670  0.35355339  0.35355339
 q=   0.35355339 -0.35355339  0.17677670
 q=  -0.35355339 -0.17677670 -0.35355339
 q=   0.17677670  0.35355339 -0.35355339
 q=   0.35355339 -0.17677670  0.35355339
 q=  -0.35355339  0.35355339  0.17677670
 q=   0.35355339  0.17677670 -0.35355339
 q=  -0.17677670 -0.35355339 -0.35355339
 q=   0.17677670 -0.35355339  0.35355339
  reading force constants from file si.dyn11
  nqs=           24
 q=   0.26516504 -0.26516504 -0.08838835
 q=  -0.26516504  0.26516504 -0.08838835
 q=  -0.26516504 -0.26516504 -0.08838835
 q=   0.26516504  0.26516504 -0.08838835
 q=  -0.26516504  0.08838835  0.26516504
 q=  -0.08838835  0.26516504  0.26516504
 q=   0.26516504  0.26516504  0.08838835
 q=  -0.26516504 -0.26516504  0.08838835
 q=   0.26516504 -0.08838835 -0.26516504
 q=  -0.26516504 -0.08838835  0.26516504
 q=   0.08838835 -0.26516504 -0.26516504
 q=  -0.26516504  0.08838835 -0.26516504
 q=   0.26516504  0.08838835  0.26516504
 q=  -0.08838835  0.26516504 -0.26516504
 q=  -0.08838835 -0.26516504  0.26516504
 q=   0.08838835  0.26516504  0.26516504
 q=   0.26516504 -0.26516504  0.08838835
 q=  -0.26516504 -0.08838835 -0.26516504
 q=   0.08838835  0.26516504 -0.26516504
 q=   0.26516504 -0.08838835  0.26516504
 q=  -0.26516504  0.26516504  0.08838835
 q=   0.26516504  0.08838835 -0.26516504
 q=  -0.08838835 -0.26516504 -0.26516504
 q=   0.08838835 -0.26516504  0.26516504
  reading force constants from file si.dyn12
  nqs=           12
 q=   0.17677670 -0.17677670  0.00000000
 q=   0.17677670  0.17677670 -0.00000000
 q=  -0.17677670  0.17677670 -0.00000000
 q=  -0.17677670 -0.17677670  0.00000000
 q=  -0.17677670  0.00000000  0.17677670
 q=  -0.00000000  0.17677670  0.17677670
 q=   0.17677670 -0.00000000 -0.17677670
 q=   0.00000000 -0.17677670 -0.17677670
 q=  -0.17677670 -0.00000000 -0.17677670
 q=   0.17677670  0.00000000  0.17677670
 q=   0.00000000  0.17677670 -0.17677670
 q=  -0.00000000 -0.17677670  0.17677670
  reading force constants from file si.dyn13
  nqs=            6
 q=  -0.00000000  0.00000000  0.35355339
 q=   0.00000000 -0.35355339 -0.00000000
 q=   0.35355339  0.00000000 -0.00000000
 q=   0.00000000 -0.00000000 -0.35355339
 q=  -0.00000000  0.35355339  0.00000000
 q=  -0.35355339 -0.00000000  0.00000000
  reading force constants from file si.dyn14
  nqs=           24
 q=  -0.08838835  0.08838835  0.44194174
 q=  -0.08838835 -0.08838835  0.44194174
 q=   0.08838835 -0.08838835  0.44194174
 q=   0.08838835  0.08838835  0.44194174
 q=   0.08838835 -0.44194174 -0.08838835
 q=   0.44194174 -0.08838835 -0.08838835
 q=  -0.08838835 -0.08838835 -0.44194174
 q=   0.08838835  0.08838835 -0.44194174
 q=  -0.08838835  0.44194174  0.08838835
 q=   0.08838835  0.44194174 -0.08838835
 q=  -0.44194174  0.08838835  0.08838835
 q=   0.08838835 -0.44194174  0.08838835
 q=  -0.08838835 -0.44194174 -0.08838835
 q=   0.44194174 -0.08838835  0.08838835
 q=   0.44194174  0.08838835 -0.08838835
 q=  -0.44194174 -0.08838835 -0.08838835
 q=  -0.08838835  0.08838835 -0.44194174
 q=   0.08838835  0.44194174  0.08838835
 q=  -0.44194174 -0.08838835  0.08838835
 q=  -0.08838835  0.44194174 -0.08838835
 q=   0.08838835 -0.08838835 -0.44194174
 q=  -0.08838835 -0.44194174  0.08838835
 q=   0.44194174  0.08838835  0.08838835
 q=  -0.44194174  0.08838835 -0.08838835
  reading force constants from file si.dyn15
  nqs=           24
 q=   0.53033009 -0.53033009 -0.17677670
 q=   0.53033009  0.53033009 -0.17677670
 q=  -0.53033009  0.53033009 -0.17677670
 q=  -0.53033009 -0.53033009 -0.17677670
 q=  -0.53033009  0.17677670  0.53033009
 q=  -0.17677670  0.53033009  0.53033009
 q=   0.53033009  0.53033009  0.17677670
 q=  -0.53033009 -0.53033009  0.17677670
 q=   0.53033009 -0.17677670 -0.53033009
 q=  -0.53033009 -0.17677670  0.53033009
 q=   0.17677670 -0.53033009 -0.53033009
 q=  -0.53033009  0.17677670 -0.53033009
 q=   0.53033009  0.17677670  0.53033009
 q=  -0.17677670  0.53033009 -0.53033009
 q=  -0.17677670 -0.53033009  0.53033009
 q=   0.17677670  0.53033009  0.53033009
 q=   0.53033009 -0.53033009  0.17677670
 q=  -0.53033009 -0.17677670 -0.53033009
 q=   0.17677670  0.53033009 -0.53033009
 q=   0.53033009 -0.17677670  0.53033009
 q=  -0.53033009  0.53033009  0.17677670
 q=   0.53033009  0.17677670 -0.53033009
 q=  -0.17677670 -0.53033009 -0.53033009
 q=   0.17677670 -0.53033009  0.53033009
  reading force constants from file si.dyn16
  nqs=           24
 q=   0.44194174 -0.44194174 -0.08838835
 q=   0.44194174  0.44194174 -0.08838835
 q=  -0.44194174  0.44194174 -0.08838835
 q=  -0.44194174 -0.44194174 -0.08838835
 q=  -0.44194174  0.08838835  0.44194174
 q=  -0.08838835  0.44194174  0.44194174
 q=   0.44194174  0.44194174  0.08838835
 q=  -0.44194174 -0.44194174  0.08838835
 q=   0.44194174 -0.08838835 -0.44194174
 q=  -0.44194174 -0.08838835  0.44194174
 q=   0.08838835 -0.44194174 -0.44194174
 q=  -0.44194174  0.08838835 -0.44194174
 q=   0.44194174  0.08838835  0.44194174
 q=  -0.08838835  0.44194174 -0.44194174
 q=  -0.08838835 -0.44194174  0.44194174
 q=   0.08838835  0.44194174  0.44194174
 q=   0.44194174 -0.44194174  0.08838835
 q=  -0.44194174 -0.08838835 -0.44194174
 q=   0.08838835  0.44194174 -0.44194174
 q=   0.44194174 -0.08838835  0.44194174
 q=  -0.44194174  0.44194174  0.08838835
 q=   0.44194174  0.08838835 -0.44194174
 q=  -0.08838835 -0.44194174 -0.44194174
 q=   0.08838835 -0.44194174  0.44194174
  reading force constants from file si.dyn17
  nqs=           12
 q=   0.35355339 -0.35355339  0.00000000
 q=  -0.35355339 -0.35355339  0.00000000
 q=   0.35355339  0.35355339 -0.00000000
 q=  -0.35355339  0.35355339  0.00000000
 q=  -0.35355339  0.00000000  0.35355339
 q=  -0.00000000  0.35355339  0.35355339
 q=   0.35355339 -0.00000000 -0.35355339
 q=   0.00000000 -0.35355339 -0.35355339
 q=  -0.35355339 -0.00000000 -0.35355339
 q=   0.35355339  0.00000000  0.35355339
 q=   0.00000000  0.35355339 -0.35355339
 q=  -0.00000000 -0.35355339  0.35355339
  reading force constants from file si.dyn18
  nqs=            6
 q=  -0.00000000  0.00000000  0.53033009
 q=   0.00000000 -0.53033009 -0.00000000
 q=   0.53033009  0.00000000 -0.00000000
 q=   0.00000000 -0.00000000 -0.53033009
 q=  -0.00000000  0.53033009  0.00000000
 q=  -0.53033009 -0.00000000  0.00000000
  reading force constants from file si.dyn19
  nqs=           24
 q=   0.61871843 -0.61871843 -0.08838835
 q=  -0.61871843 -0.61871843 -0.08838835
 q=   0.61871843  0.61871843 -0.08838835
 q=  -0.61871843  0.61871843 -0.08838835
 q=  -0.61871843  0.08838835  0.61871843
 q=  -0.08838835  0.61871843  0.61871843
 q=   0.61871843  0.61871843  0.08838835
 q=  -0.61871843 -0.61871843  0.08838835
 q=   0.61871843 -0.08838835 -0.61871843
 q=  -0.61871843 -0.08838835  0.61871843
 q=   0.08838835 -0.61871843 -0.61871843
 q=  -0.61871843  0.08838835 -0.61871843
 q=   0.61871843  0.08838835  0.61871843
 q=  -0.08838835  0.61871843 -0.61871843
 q=  -0.08838835 -0.61871843  0.61871843
 q=   0.08838835  0.61871843  0.61871843
 q=   0.61871843 -0.61871843  0.08838835
 q=  -0.61871843 -0.08838835 -0.61871843
 q=   0.08838835  0.61871843 -0.61871843
 q=   0.61871843 -0.08838835  0.61871843
 q=  -0.61871843  0.61871843  0.08838835
 q=   0.61871843  0.08838835 -0.61871843
 q=  -0.08838835 -0.61871843 -0.61871843
 q=   0.08838835 -0.61871843  0.61871843
  reading force constants from file si.dyn20
  nqs=           12
 q=   0.53033009 -0.53033009 -0.00000000
 q=  -0.53033009  0.53033009  0.00000000
 q=  -0.53033009 -0.53033009  0.00000000
 q=   0.53033009  0.53033009 -0.00000000
 q=  -0.53033009 -0.00000000  0.53033009
 q=  -0.00000000  0.53033009  0.53033009
 q=   0.53033009  0.00000000 -0.53033009
 q=   0.00000000 -0.53033009 -0.53033009
 q=  -0.53033009 -0.00000000 -0.53033009
 q=   0.53033009  0.00000000  0.53033009
 q=   0.00000000  0.53033009 -0.53033009
 q=  -0.00000000 -0.53033009  0.53033009
  reading force constants from file si.dyn21
  nqs=            3
 q=   0.00000000 -0.00000000 -0.70710678
 q=   0.00000000 -0.70710678 -0.00000000
 q=   0.70710678  0.00000000 -0.00000000
  reading force constants from file si.dyn22
  nqs=           24
 q=   0.00000000  0.17677670  0.35355339
 q=  -0.17677670 -0.00000000 -0.35355339
 q=   0.00000000  0.17677670 -0.35355339
 q=   0.17677670  0.00000000  0.35355339
 q=  -0.17677670 -0.00000000  0.35355339
 q=  -0.00000000 -0.17677670  0.35355339
 q=   0.00000000 -0.17677670 -0.35355339
 q=   0.17677670 -0.00000000 -0.35355339
 q=   0.17677670  0.35355339  0.00000000
 q=  -0.35355339  0.17677670 -0.00000000
 q=   0.17677670 -0.35355339 -0.00000000
 q=  -0.17677670 -0.35355339  0.00000000
 q=   0.35355339  0.00000000  0.17677670
 q=   0.35355339 -0.00000000 -0.17677670
 q=  -0.35355339 -0.17677670  0.00000000
 q=  -0.35355339  0.00000000 -0.17677670
 q=  -0.00000000 -0.35355339 -0.17677670
 q=   0.35355339 -0.17677670 -0.00000000
 q=   0.00000000  0.35355339  0.17677670
 q=   0.00000000  0.35355339 -0.17677670
 q=  -0.35355339 -0.00000000  0.17677670
 q=   0.35355339  0.17677670  0.00000000
 q=  -0.17677670  0.35355339 -0.00000000
 q=   0.00000000 -0.35355339  0.17677670
  reading force constants from file si.dyn23
  nqs=           48
 q=   0.61871843 -0.44194174 -0.26516504
 q=  -0.61871843 -0.44194174 -0.26516504
 q=   0.44194174 -0.61871843  0.26516504
 q=   0.61871843 -0.44194174  0.26516504
 q=  -0.44194174  0.61871843 -0.26516504
 q=   0.44194174 -0.61871843 -0.26516504
 q=   0.44194174  0.61871843 -0.26516504
 q=  -0.61871843  0.44194174 -0.26516504
 q=   0.61871843  0.44194174  0.26516504
 q=   0.44194174  0.61871843  0.26516504
 q=  -0.44194174 -0.61871843  0.26516504
 q=  -0.61871843 -0.44194174  0.26516504
 q=  -0.44194174 -0.61871843 -0.26516504
 q=   0.61871843  0.44194174 -0.26516504
 q=  -0.61871843  0.44194174  0.26516504
 q=  -0.44194174  0.61871843  0.26516504
 q=  -0.44194174 -0.26516504  0.61871843
 q=   0.26516504 -0.44194174 -0.61871843
 q=  -0.44194174  0.26516504 -0.61871843
 q=   0.44194174  0.26516504  0.61871843
 q=  -0.26516504  0.61871843 -0.44194174
 q=  -0.26516504 -0.61871843  0.44194174
 q=   0.26516504  0.44194174  0.61871843
 q=   0.26516504  0.61871843  0.44194174
 q=  -0.61871843  0.26516504  0.44194174
 q=  -0.26516504  0.44194174 -0.61871843
 q=  -0.44194174  0.26516504  0.61871843
 q=   0.61871843 -0.26516504 -0.44194174
 q=  -0.61871843 -0.26516504 -0.44194174
 q=  -0.26516504  0.61871843  0.44194174
 q=   0.26516504  0.44194174 -0.61871843
 q=   0.61871843 -0.26516504  0.44194174
 q=   0.26516504 -0.61871843 -0.44194174
 q=  -0.26516504 -0.44194174  0.61871843
 q=  -0.26516504  0.44194174  0.61871843
 q=   0.44194174 -0.26516504 -0.61871843
 q=   0.61871843  0.26516504  0.44194174
 q=   0.61871843  0.26516504 -0.44194174
 q=  -0.61871843  0.26516504 -0.44194174
 q=  -0.61871843 -0.26516504  0.44194174
 q=   0.44194174  0.26516504 -0.61871843
 q=  -0.26516504 -0.44194174 -0.61871843
 q=   0.44194174 -0.26516504  0.61871843
 q=  -0.44194174 -0.26516504 -0.61871843
 q=   0.26516504 -0.61871843  0.44194174
 q=   0.26516504  0.61871843 -0.44194174
 q=   0.26516504 -0.44194174  0.61871843
 q=  -0.26516504 -0.61871843 -0.44194174
  reading force constants from file si.dyn24
  nqs=           24
 q=   0.53033009 -0.35355339 -0.17677670
 q=   0.35355339 -0.53033009  0.17677670
 q=   0.53033009 -0.35355339  0.17677670
 q=  -0.35355339  0.53033009 -0.17677670
 q=   0.35355339 -0.53033009 -0.17677670
 q=   0.35355339  0.53033009 -0.17677670
 q=  -0.53033009  0.35355339 -0.17677670
 q=   0.53033009  0.35355339  0.17677670
 q=   0.35355339  0.53033009  0.17677670
 q=  -0.35355339 -0.53033009  0.17677670
 q=  -0.53033009 -0.35355339  0.17677670
 q=  -0.35355339 -0.53033009 -0.17677670
 q=   0.53033009  0.35355339 -0.17677670
 q=  -0.53033009  0.35355339  0.17677670
 q=  -0.35355339  0.53033009  0.17677670
 q=  -0.17677670  0.53033009 -0.35355339
 q=  -0.17677670 -0.53033009  0.35355339
 q=   0.17677670  0.35355339  0.53033009
 q=   0.17677670  0.53033009  0.35355339
 q=  -0.53033009  0.17677670  0.35355339
 q=   0.53033009 -0.17677670 -0.35355339
 q=   0.53033009  0.17677670  0.35355339
 q=  -0.53033009  0.17677670 -0.35355339
 q=  -0.53033009 -0.17677670  0.35355339
  reading force constants from file si.dyn25
  nqs=           24
 q=   0.70710678 -0.53033009 -0.17677670
 q=   0.53033009 -0.70710678  0.17677670
 q=   0.70710678 -0.53033009  0.17677670
 q=  -0.53033009  0.70710678 -0.17677670
 q=   0.53033009 -0.70710678 -0.17677670
 q=  -0.70710678  0.53033009 -0.17677670
 q=   0.70710678  0.53033009  0.17677670
 q=  -0.53033009 -0.70710678  0.17677670
 q=  -0.53033009 -0.17677670  0.70710678
 q=   0.17677670 -0.53033009 -0.70710678
 q=  -0.53033009  0.17677670 -0.70710678
 q=   0.53033009  0.17677670  0.70710678
 q=  -0.17677670  0.70710678 -0.53033009
 q=  -0.17677670 -0.70710678  0.53033009
 q=   0.17677670  0.53033009  0.70710678
 q=   0.17677670  0.70710678  0.53033009
 q=  -0.70710678  0.17677670  0.53033009
 q=  -0.17677670  0.53033009 -0.70710678
 q=   0.70710678 -0.17677670 -0.53033009
 q=   0.70710678 -0.17677670  0.53033009
 q=   0.17677670 -0.70710678 -0.53033009
 q=  -0.17677670 -0.53033009  0.70710678
 q=   0.53033009 -0.17677670 -0.70710678
 q=   0.70710678  0.17677670 -0.53033009
  reading force constants from file si.dyn26
  nqs=           48
 q=   0.61871843 -0.44194174 -0.08838835
 q=  -0.61871843 -0.44194174 -0.08838835
 q=   0.44194174 -0.61871843  0.08838835
 q=   0.61871843 -0.44194174  0.08838835
 q=  -0.44194174  0.61871843 -0.08838835
 q=   0.44194174 -0.61871843 -0.08838835
 q=   0.44194174  0.61871843 -0.08838835
 q=  -0.61871843  0.44194174 -0.08838835
 q=   0.61871843  0.44194174  0.08838835
 q=   0.44194174  0.61871843  0.08838835
 q=  -0.44194174 -0.61871843  0.08838835
 q=  -0.61871843 -0.44194174  0.08838835
 q=  -0.44194174 -0.61871843 -0.08838835
 q=   0.61871843  0.44194174 -0.08838835
 q=  -0.61871843  0.44194174  0.08838835
 q=  -0.44194174  0.61871843  0.08838835
 q=  -0.44194174 -0.08838835  0.61871843
 q=   0.08838835 -0.44194174 -0.61871843
 q=  -0.44194174  0.08838835 -0.61871843
 q=   0.44194174  0.08838835  0.61871843
 q=  -0.08838835  0.61871843 -0.44194174
 q=  -0.08838835 -0.61871843  0.44194174
 q=   0.08838835  0.44194174  0.61871843
 q=   0.08838835  0.61871843  0.44194174
 q=  -0.61871843  0.08838835  0.44194174
 q=  -0.08838835  0.44194174 -0.61871843
 q=  -0.44194174  0.08838835  0.61871843
 q=   0.61871843 -0.08838835 -0.44194174
 q=  -0.61871843 -0.08838835 -0.44194174
 q=  -0.08838835  0.61871843  0.44194174
 q=   0.08838835  0.44194174 -0.61871843
 q=   0.61871843 -0.08838835  0.44194174
 q=   0.08838835 -0.61871843 -0.44194174
 q=  -0.08838835 -0.44194174  0.61871843
 q=  -0.08838835  0.44194174  0.61871843
 q=   0.44194174 -0.08838835 -0.61871843
 q=   0.61871843  0.08838835  0.44194174
 q=   0.61871843  0.08838835 -0.44194174
 q=  -0.61871843  0.08838835 -0.44194174
 q=  -0.61871843 -0.08838835  0.44194174
 q=   0.44194174  0.08838835 -0.61871843
 q=  -0.08838835 -0.44194174 -0.61871843
 q=   0.44194174 -0.08838835  0.61871843
 q=  -0.44194174 -0.08838835 -0.61871843
 q=   0.08838835 -0.61871843  0.44194174
 q=   0.08838835  0.61871843 -0.44194174
 q=   0.08838835 -0.44194174  0.61871843
 q=  -0.08838835 -0.61871843 -0.44194174
  reading force constants from file si.dyn27
  nqs=           24
 q=   0.53033009 -0.35355339 -0.00000000
 q=   0.35355339 -0.53033009  0.00000000
 q=  -0.53033009 -0.35355339 -0.00000000
 q=  -0.35355339  0.53033009 -0.00000000
 q=   0.35355339  0.53033009 -0.00000000
 q=  -0.53033009  0.35355339 -0.00000000
 q=   0.53033009  0.35355339  0.00000000
 q=  -0.35355339 -0.53033009  0.00000000
 q=  -0.35355339 -0.00000000  0.53033009
 q=   0.00000000 -0.35355339 -0.53033009
 q=  -0.35355339  0.00000000 -0.53033009
 q=   0.35355339  0.00000000  0.53033009
 q=  -0.00000000  0.53033009 -0.35355339
 q=  -0.00000000 -0.53033009  0.35355339
 q=   0.00000000  0.35355339  0.53033009
 q=   0.00000000  0.53033009  0.35355339
 q=  -0.53033009  0.00000000  0.35355339
 q=  -0.00000000  0.35355339 -0.53033009
 q=   0.53033009 -0.00000000 -0.35355339
 q=  -0.53033009 -0.00000000 -0.35355339
 q=   0.53033009 -0.00000000  0.35355339
 q=   0.00000000 -0.53033009 -0.35355339
 q=  -0.00000000 -0.35355339  0.53033009
 q=   0.35355339 -0.00000000 -0.53033009
  reading force constants from file si.dyn28
  nqs=           12
 q=  -0.00000000  0.17677670 -0.70710678
 q=   0.17677670 -0.00000000 -0.70710678
 q=  -0.17677670  0.00000000 -0.70710678
 q=   0.00000000 -0.17677670 -0.70710678
 q=   0.17677670 -0.70710678 -0.00000000
 q=   0.70710678  0.17677670  0.00000000
 q=  -0.17677670  0.70710678 -0.00000000
 q=  -0.70710678 -0.00000000  0.17677670
 q=  -0.70710678  0.00000000 -0.17677670
 q=   0.70710678 -0.17677670 -0.00000000
 q=   0.00000000  0.70710678 -0.17677670
 q=  -0.00000000 -0.70710678  0.17677670
  reading force constants from file si.dyn29
  nqs=            6
 q=  -0.00000000  0.35355339 -0.70710678
 q=  -0.00000000 -0.35355339  0.70710678
 q=  -0.35355339 -0.00000000  0.70710678
 q=   0.35355339  0.00000000  0.70710678
 q=  -0.70710678 -0.00000000  0.35355339
 q=  -0.70710678  0.00000000 -0.35355339

      q-space grid ok, #points =  512

      fft-check success (sum of imaginary terms < 10^-12)

     Q2R          :      0.18s CPU      0.19s WALL


   This run was terminated on:  19:35:17  22Dec2024            

=------------------------------------------------------------------------------=
   JOB DONE.
=------------------------------------------------------------------------------=
