2025-11-11 15:40:22.300435: E external/local_xla/xla/stream_executor/cuda/cuda_fft.cc:477] Unable to register cuFFT factory: Attempting to register factory for plugin cuFFT when one has already been registered
WARNING: All log messages before absl::InitializeLog() is called are written to STDERR
E0000 00:00:1762904422.308998 3150061 cuda_dnn.cc:8310] Unable to register cuDNN factory: Attempting to register factory for plugin cuDNN when one has already been registered
E0000 00:00:1762904422.311858 3150061 cuda_blas.cc:1418] Unable to register cuBLAS factory: Attempting to register factory for plugin cuBLAS when one has already been registered
2025-11-11 15:40:22.320783: I tensorflow/core/platform/cpu_feature_guard.cc:210] This TensorFlow binary is optimized to use available CPU instructions in performance-critical operations.
To enable the following instructions: SSE4.1 SSE4.2 AVX AVX2 FMA, in other operations, rebuild TensorFlow with the appropriate compiler flags.
/home/zekun/Programs/miniconda3/envs/kaldo/lib/python3.11/site-packages/requests/__init__.py:86: RequestsDependencyWarning: Unable to find acceptable character detection dependency (chardet or charset_normalizer).
  warnings.warn(
2025-11-11 15:40:23,992 - kaldo - INFO - Trying to open POSCAR
2025-11-11 15:40:24,014 - kaldo - INFO - error sum rule: 3.493449101715882
2025-11-11 15:40:24,014 - kaldo - INFO - Trying to open POSCAR
2025-11-11 15:40:24,015 - kaldo - INFO - Important: FORCECONSTANTS_3RD must be generated by d3q without recentering. Cell indeces must be from 0 to nrep, not [-nrep/2,nrep/2]
2025-11-11 15:43:56,668 - kaldo - INFO - error with notation number < e-100, used default value=0.0. It happened 0 times
2025-11-11 15:43:56,668 - kaldo - INFO - Using unfolding.
/home/zekun/Programs/miniconda3/envs/kaldo/lib/python3.11/site-packages/seekpath/hpkot/__init__.py:172: DeprecationWarning: dict interface is deprecated. Use attribute interface instead
  conv_lattice = dataset["std_lattice"]
I0000 00:00:1762904636.815875 3150061 gpu_device.cc:2022] Created device /job:localhost/replica:0/task:0/device:GPU:0 with 10187 MB memory:  -> device: 0, name: NVIDIA GeForce RTX 3060, pci bus id: 0000:41:00.0, compute capability: 8.6
2025-11-11 15:44:22,322 - kaldo - INFO - ALD/15_15_15/_eigensystem not found in numpy format, calculating _eigensystem
2025-11-11 15:45:19,955 - kaldo - INFO - ALD/15_15_15/_eigensystem stored
2025-11-11 15:45:19,956 - kaldo - INFO - ALD/15_15_15/physical_mode not found in numpy format, calculating physical_mode
2025-11-11 15:45:19,980 - kaldo - INFO - ALD/15_15_15/frequency not found in numpy format, calculating frequency
2025-11-11 15:46:16,393 - kaldo - INFO - ALD/15_15_15/frequency stored
2025-11-11 15:46:16,393 - kaldo - INFO - ALD/15_15_15/physical_mode stored
2025-11-11 15:55:29,253 - kaldo - INFO - Loading ALD/15_15_15/_eigensystem
2025-11-11 15:55:29,254 - kaldo - INFO - Loading ALD/15_15_15/physical_mode
2025-11-11 15:55:29,347 - kaldo - INFO - Loading ALD/15_15_15/_eigensystem
2025-11-11 15:55:29,347 - kaldo - INFO - Loading ALD/15_15_15/physical_mode


2025-11-11 15:55:30,506 - kaldo - INFO - ALD/15_15_15/inverse/300/quantum/conductivity not found in formatted format, calculating conductivity
2025-11-11 15:55:30,506 - kaldo - INFO - ALD/15_15_15/inverse/300/quantum/mean_free_path not found in formatted format, calculating mean_free_path
2025-11-11 15:55:30,507 - kaldo - INFO - Loading ALD/15_15_15/physical_mode
2025-11-11 15:55:30,507 - kaldo - INFO - ALD/15_15_15/velocity not found in numpy format, calculating velocity
2025-11-11 16:00:25,420 - kaldo - INFO - ALD/15_15_15/velocity stored
2025-11-11 16:00:25,420 - kaldo - INFO - Loading ALD/15_15_15/physical_mode
2025-11-11 16:00:25,421 - kaldo - INFO - Loading ALD/15_15_15/frequency
2025-11-11 16:00:25,421 - kaldo - INFO - ALD/15_15_15/300/quantum/_ps_gamma_and_gamma_tensor not found in numpy format, calculating _ps_gamma_and_gamma_tensor
2025-11-11 16:00:25,421 - kaldo - INFO - ALD/15_15_15/300/quantum/population not found in numpy format, calculating population
2025-11-11 16:01:19,725 - kaldo - INFO - ALD/15_15_15/300/quantum/population stored
2025-11-11 16:01:19,726 - kaldo - INFO - ALD/15_15_15/_sparse_phase_and_potential not found in numpy format, calculating _sparse_phase_and_potential
2025-11-11 16:01:19,765 - kaldo - INFO - Loading ALD/15_15_15/_eigensystem
2025-11-11 16:01:19,766 - kaldo - INFO - Projection started
2025-11-11 16:01:19,766 - kaldo - INFO - Loading ALD/15_15_15/physical_mode
2025-11-11 16:01:19,767 - kaldo - INFO - Loading ALD/15_15_15/frequency
2025-11-11 16:01:19,767 - kaldo - INFO - Loading ALD/15_15_15/velocity
2025-11-11 16:01:19,767 - kaldo - INFO - calculating third 0: 0.00%
2025-11-11 16:02:13,020 - kaldo - INFO - calculating third 200: 0.99%
2025-11-11 16:03:06,016 - kaldo - INFO - calculating third 400: 1.98%
2025-11-11 16:03:59,357 - kaldo - INFO - calculating third 600: 2.96%
2025-11-11 16:04:51,370 - kaldo - INFO - calculating third 800: 3.95%
2025-11-11 16:05:44,450 - kaldo - INFO - calculating third 1000: 4.94%
2025-11-11 16:06:37,783 - kaldo - INFO - calculating third 1200: 5.93%
2025-11-11 16:07:30,697 - kaldo - INFO - calculating third 1400: 6.91%
2025-11-11 16:08:23,798 - kaldo - INFO - calculating third 1600: 7.90%
2025-11-11 16:09:17,185 - kaldo - INFO - calculating third 1800: 8.89%
2025-11-11 16:10:10,647 - kaldo - INFO - calculating third 2000: 9.88%
2025-11-11 16:11:02,668 - kaldo - INFO - calculating third 2200: 10.86%
2025-11-11 16:11:58,590 - kaldo - INFO - calculating third 2400: 11.85%
2025-11-11 16:12:54,438 - kaldo - INFO - calculating third 2600: 12.84%
2025-11-11 16:13:48,927 - kaldo - INFO - calculating third 2800: 13.83%
2025-11-11 16:14:44,560 - kaldo - INFO - calculating third 3000: 14.81%
2025-11-11 16:15:39,953 - kaldo - INFO - calculating third 3200: 15.80%
2025-11-11 16:16:34,076 - kaldo - INFO - calculating third 3400: 16.79%
2025-11-11 16:17:26,441 - kaldo - INFO - calculating third 3600: 17.78%
2025-11-11 16:18:20,492 - kaldo - INFO - calculating third 3800: 18.77%
2025-11-11 16:19:14,838 - kaldo - INFO - calculating third 4000: 19.75%
2025-11-11 16:20:08,885 - kaldo - INFO - calculating third 4200: 20.74%
2025-11-11 16:21:02,896 - kaldo - INFO - calculating third 4400: 21.73%
2025-11-11 16:21:57,071 - kaldo - INFO - calculating third 4600: 22.72%
2025-11-11 16:22:50,928 - kaldo - INFO - calculating third 4800: 23.70%
2025-11-11 16:23:42,339 - kaldo - INFO - calculating third 5000: 24.69%
2025-11-11 16:24:34,977 - kaldo - INFO - calculating third 5200: 25.68%
2025-11-11 16:25:28,169 - kaldo - INFO - calculating third 5400: 26.67%
2025-11-11 16:26:21,163 - kaldo - INFO - calculating third 5600: 27.65%
2025-11-11 16:27:14,322 - kaldo - INFO - calculating third 5800: 28.64%
2025-11-11 16:28:07,540 - kaldo - INFO - calculating third 6000: 29.63%
2025-11-11 16:28:59,838 - kaldo - INFO - calculating third 6200: 30.62%
2025-11-11 16:29:52,725 - kaldo - INFO - calculating third 6400: 31.60%
2025-11-11 16:30:45,678 - kaldo - INFO - calculating third 6600: 32.59%
2025-11-11 16:31:38,742 - kaldo - INFO - calculating third 6800: 33.58%
2025-11-11 16:32:31,438 - kaldo - INFO - calculating third 7000: 34.57%
2025-11-11 16:33:24,371 - kaldo - INFO - calculating third 7200: 35.56%
2025-11-11 16:34:16,623 - kaldo - INFO - calculating third 7400: 36.54%
2025-11-11 16:35:08,286 - kaldo - INFO - calculating third 7600: 37.53%
2025-11-11 16:36:00,427 - kaldo - INFO - calculating third 7800: 38.52%
2025-11-11 16:36:51,418 - kaldo - INFO - calculating third 8000: 39.51%
2025-11-11 16:37:42,833 - kaldo - INFO - calculating third 8200: 40.49%
2025-11-11 16:38:35,643 - kaldo - INFO - calculating third 8400: 41.48%
2025-11-11 16:39:28,572 - kaldo - INFO - calculating third 8600: 42.47%
2025-11-11 16:40:19,285 - kaldo - INFO - calculating third 8800: 43.46%
2025-11-11 16:41:10,554 - kaldo - INFO - calculating third 9000: 44.44%
2025-11-11 16:42:02,867 - kaldo - INFO - calculating third 9200: 45.43%
2025-11-11 16:42:56,229 - kaldo - INFO - calculating third 9400: 46.42%
2025-11-11 16:43:51,272 - kaldo - INFO - calculating third 9600: 47.41%
2025-11-11 16:44:46,268 - kaldo - INFO - calculating third 9800: 48.40%
2025-11-11 16:45:39,265 - kaldo - INFO - calculating third 10000: 49.38%
2025-11-11 16:46:29,413 - kaldo - INFO - calculating third 10200: 50.37%
2025-11-11 16:47:20,748 - kaldo - INFO - calculating third 10400: 51.36%
2025-11-11 16:48:13,639 - kaldo - INFO - calculating third 10600: 52.35%
2025-11-11 16:49:04,629 - kaldo - INFO - calculating third 10800: 53.33%
2025-11-11 16:49:54,508 - kaldo - INFO - calculating third 11000: 54.32%
2025-11-11 16:50:46,913 - kaldo - INFO - calculating third 11200: 55.31%
2025-11-11 16:51:39,249 - kaldo - INFO - calculating third 11400: 56.30%
2025-11-11 16:52:29,603 - kaldo - INFO - calculating third 11600: 57.28%
2025-11-11 16:53:21,545 - kaldo - INFO - calculating third 11800: 58.27%
2025-11-11 16:54:14,098 - kaldo - INFO - calculating third 12000: 59.26%
2025-11-11 16:55:05,240 - kaldo - INFO - calculating third 12200: 60.25%
2025-11-11 16:55:56,104 - kaldo - INFO - calculating third 12400: 61.23%
2025-11-11 16:56:47,530 - kaldo - INFO - calculating third 12600: 62.22%
2025-11-11 16:57:39,154 - kaldo - INFO - calculating third 12800: 63.21%
2025-11-11 16:58:29,676 - kaldo - INFO - calculating third 13000: 64.20%
2025-11-11 16:59:22,511 - kaldo - INFO - calculating third 13200: 65.19%
2025-11-11 17:00:15,280 - kaldo - INFO - calculating third 13400: 66.17%
2025-11-11 17:01:07,444 - kaldo - INFO - calculating third 13600: 67.16%
2025-11-11 17:01:58,950 - kaldo - INFO - calculating third 13800: 68.15%
2025-11-11 17:02:50,610 - kaldo - INFO - calculating third 14000: 69.14%
2025-11-11 17:03:42,380 - kaldo - INFO - calculating third 14200: 70.12%
2025-11-11 17:04:38,162 - kaldo - INFO - calculating third 14400: 71.11%
2025-11-11 17:05:37,238 - kaldo - INFO - calculating third 14600: 72.10%
2025-11-11 17:06:36,309 - kaldo - INFO - calculating third 14800: 73.09%
2025-11-11 17:07:35,689 - kaldo - INFO - calculating third 15000: 74.07%
2025-11-11 17:08:35,025 - kaldo - INFO - calculating third 15200: 75.06%
2025-11-11 17:09:34,155 - kaldo - INFO - calculating third 15400: 76.05%
2025-11-11 17:10:32,087 - kaldo - INFO - calculating third 15600: 77.04%
2025-11-11 17:11:31,579 - kaldo - INFO - calculating third 15800: 78.02%
2025-11-11 17:12:30,980 - kaldo - INFO - calculating third 16000: 79.01%
2025-11-11 17:13:30,324 - kaldo - INFO - calculating third 16200: 80.00%
2025-11-11 17:14:29,571 - kaldo - INFO - calculating third 16400: 80.99%
2025-11-11 17:15:28,915 - kaldo - INFO - calculating third 16600: 81.98%
2025-11-11 17:16:26,933 - kaldo - INFO - calculating third 16800: 82.96%
2025-11-11 17:17:25,130 - kaldo - INFO - calculating third 17000: 83.95%
2025-11-11 17:18:24,970 - kaldo - INFO - calculating third 17200: 84.94%
2025-11-11 17:19:24,485 - kaldo - INFO - calculating third 17400: 85.93%
2025-11-11 17:20:23,487 - kaldo - INFO - calculating third 17600: 86.91%
2025-11-11 17:21:22,622 - kaldo - INFO - calculating third 17800: 87.90%
2025-11-11 17:22:22,546 - kaldo - INFO - calculating third 18000: 88.89%
2025-11-11 17:23:20,048 - kaldo - INFO - calculating third 18200: 89.88%
2025-11-11 17:24:18,449 - kaldo - INFO - calculating third 18400: 90.86%
2025-11-11 17:25:17,832 - kaldo - INFO - calculating third 18600: 91.85%
2025-11-11 17:26:17,291 - kaldo - INFO - calculating third 18800: 92.84%
2025-11-11 17:27:16,554 - kaldo - INFO - calculating third 19000: 93.83%
2025-11-11 17:28:16,034 - kaldo - INFO - calculating third 19200: 94.81%
2025-11-11 17:29:15,773 - kaldo - INFO - calculating third 19400: 95.80%
2025-11-11 17:30:14,049 - kaldo - INFO - calculating third 19600: 96.79%
2025-11-11 17:31:12,840 - kaldo - INFO - calculating third 19800: 97.78%
2025-11-11 17:32:12,578 - kaldo - INFO - calculating third 20000: 98.77%
2025-11-11 17:33:11,687 - kaldo - INFO - calculating third 20200: 99.75%
2025-11-11 17:33:26,504 - kaldo - INFO - '_project_crystal'  5526.78 s
2025-11-11 17:33:32,590 - kaldo - INFO - ALD/15_15_15/_sparse_phase_and_potential stored as 20247 per-mu arrays
2025-11-11 17:34:06,313 - kaldo - INFO - Loading ALD/15_15_15/_sparse_phase_and_potential
2025-11-11 17:34:06,617 - kaldo - INFO - scattering_tensor: [20250 20252] * <class 'float'>
2025-11-11 17:34:06,628 - kaldo - INFO - Memory needed: 3280 MB, available: 245150 / 270132 MB
2025-11-11 17:43:30,916 - kaldo - INFO - ALD/15_15_15/300/quantum/_ps_gamma_and_gamma_tensor stored
2025-11-11 17:43:32,680 - kaldo - INFO - _scattering_matrix: [20247 20247] * <class 'float'>
2025-11-11 17:43:32,680 - kaldo - INFO - Memory needed: 3279 MB, available: 241795 / 270132 MB
2025-11-11 17:43:32,960 - kaldo - INFO - ALD/15_15_15/300/quantum/bandwidth not found in numpy format, calculating bandwidth
2025-11-11 17:43:32,960 - kaldo - INFO - ALD/15_15_15/300/quantum/anharmonic_bandwidth not found in numpy format, calculating anharmonic_bandwidth
2025-11-11 17:43:32,960 - kaldo - INFO - ALD/15_15_15/300/quantum/_ps_and_gamma not found in numpy format, calculating _ps_and_gamma
2025-11-11 17:43:33,749 - kaldo - INFO - Loading ALD/15_15_15/300/quantum/_ps_gamma_and_gamma_tensor
2025-11-11 17:43:33,750 - kaldo - INFO - ALD/15_15_15/300/quantum/_ps_and_gamma stored
2025-11-11 17:43:33,751 - kaldo - INFO - ALD/15_15_15/300/quantum/anharmonic_bandwidth stored
2025-11-11 17:43:33,751 - kaldo - INFO - ALD/15_15_15/300/quantum/bandwidth stored
2025-11-11 17:44:24,108 - kaldo - INFO - Loading ALD/15_15_15/physical_mode
2025-11-11 17:44:24,108 - kaldo - INFO - Loading ALD/15_15_15/frequency
2025-11-11 17:44:24,479 - kaldo - INFO - Loading ALD/15_15_15/300/quantum/_ps_gamma_and_gamma_tensor
2025-11-11 17:44:25,723 - kaldo - INFO - _scattering_matrix: [20247 20247] * <class 'float'>
2025-11-11 17:44:25,723 - kaldo - INFO - Memory needed: 3279 MB, available: 238538 / 270132 MB
2025-11-11 17:44:25,999 - kaldo - INFO - Loading ALD/15_15_15/300/quantum/bandwidth
2025-11-11 17:45:16,269 - kaldo - INFO - Loading ALD/15_15_15/physical_mode
2025-11-11 17:45:16,269 - kaldo - INFO - Loading ALD/15_15_15/frequency
2025-11-11 17:45:16,628 - kaldo - INFO - Loading ALD/15_15_15/300/quantum/_ps_gamma_and_gamma_tensor
2025-11-11 17:45:17,937 - kaldo - INFO - _scattering_matrix: [20247 20247] * <class 'float'>
2025-11-11 17:45:17,937 - kaldo - INFO - Memory needed: 3279 MB, available: 238544 / 270132 MB
2025-11-11 17:45:18,215 - kaldo - INFO - Loading ALD/15_15_15/300/quantum/bandwidth
2025-11-11 17:46:08,646 - kaldo - INFO - ALD/15_15_15/300/quantum/heat_capacity not found in numpy format, calculating heat_capacity
2025-11-11 17:47:14,386 - kaldo - INFO - ALD/15_15_15/300/quantum/heat_capacity stored
2025-11-11 17:47:14,386 - kaldo - INFO - Loading ALD/15_15_15/velocity
2025-11-11 17:47:14,387 - kaldo - INFO - Loading ALD/15_15_15/physical_mode
2025-11-11 17:47:14,390 - kaldo - INFO - Conductivity calculated
Bulk thermal conductivity (W/m/K):  52.94916825353291


Thermal condutivity tensor: 

[[53.36967759  0.21657561  0.21629781]
 [ 0.20551982 52.73934678 -1.09748645]
 [ 0.2040104  -1.09830994 52.73848039]]
2025-11-11 17:47:14,607 - kaldo - INFO - ALD/15_15_15/inverse/300/quantum/isotopes/conductivity not found in formatted format, calculating conductivity
2025-11-11 17:47:14,608 - kaldo - INFO - ALD/15_15_15/inverse/300/quantum/isotopes/mean_free_path not found in formatted format, calculating mean_free_path
2025-11-11 17:47:14,608 - kaldo - INFO - Loading ALD/15_15_15/physical_mode
2025-11-11 17:47:14,608 - kaldo - INFO - Loading ALD/15_15_15/velocity
2025-11-11 17:47:14,608 - kaldo - INFO - Loading ALD/15_15_15/physical_mode
2025-11-11 17:47:14,609 - kaldo - INFO - Loading ALD/15_15_15/frequency
2025-11-11 17:47:14,965 - kaldo - INFO - Loading ALD/15_15_15/300/quantum/_ps_gamma_and_gamma_tensor
2025-11-11 17:47:16,229 - kaldo - INFO - _scattering_matrix: [20247 20247] * <class 'float'>
2025-11-11 17:47:16,229 - kaldo - INFO - Memory needed: 3279 MB, available: 238528 / 270132 MB
2025-11-11 17:47:16,506 - kaldo - INFO - ALD/15_15_15/300/quantum/isotopes/bandwidth not found in numpy format, calculating bandwidth
2025-11-11 17:47:16,507 - kaldo - INFO - Loading ALD/15_15_15/300/quantum/anharmonic_bandwidth
2025-11-11 17:47:16,507 - kaldo - INFO - ALD/15_15_15/isotopic_bandwidth not found in numpy format, calculating isotopic_bandwidth
2025-11-11 17:47:16,507 - kaldo - WARNING - input isotopic gfactors are missing, using isotopic concentrations from ase database (NIST)
2025-11-11 17:47:16,962 - kaldo - INFO - downloading isotopic data from NIST database, using ase.data.isotopes.
2025-11-11 17:47:16,963 - kaldo - INFO - g factors=[7.39882711e-04 3.35880251e-05]
2025-11-11 17:47:16,964 - kaldo - INFO - Loading ALD/15_15_15/frequency
2025-11-11 17:47:16,964 - kaldo - INFO - Loading ALD/15_15_15/physical_mode
2025-11-11 17:47:16,965 - kaldo - INFO - Loading ALD/15_15_15/_eigensystem
2025-11-11 17:47:16,965 - kaldo - INFO - Loading ALD/15_15_15/velocity
2025-11-11 17:47:16,967 - kaldo - INFO - per25,per50,per75,mean sigma=0.05744243118578507 0.12488377157172216 0.21594495636838087 0.24659620136502639
2025-11-11 17:47:16,967 - kaldo - INFO - Using Gaussian diffusivity_shape
2025-11-11 17:47:16,967 - kaldo - INFO - Calculating isotopic bandwidth  0, 0.0%
2025-11-11 17:47:17,501 - kaldo - INFO - Calculating isotopic bandwidth  1000, 5.0%
2025-11-11 17:47:18,044 - kaldo - INFO - Calculating isotopic bandwidth  2000, 10.0%
2025-11-11 17:47:18,593 - kaldo - INFO - Calculating isotopic bandwidth  3000, 15.0%
2025-11-11 17:47:19,183 - kaldo - INFO - Calculating isotopic bandwidth  4000, 20.0%
2025-11-11 17:47:19,806 - kaldo - INFO - Calculating isotopic bandwidth  5000, 25.0%
2025-11-11 17:47:20,407 - kaldo - INFO - Calculating isotopic bandwidth  6000, 30.0%
2025-11-11 17:47:21,012 - kaldo - INFO - Calculating isotopic bandwidth  7000, 35.0%
2025-11-11 17:47:21,629 - kaldo - INFO - Calculating isotopic bandwidth  8000, 40.0%
2025-11-11 17:47:22,235 - kaldo - INFO - Calculating isotopic bandwidth  9000, 44.0%
2025-11-11 17:47:22,849 - kaldo - INFO - Calculating isotopic bandwidth  10000, 49.0%
2025-11-11 17:47:23,465 - kaldo - INFO - Calculating isotopic bandwidth  11000, 54.0%
2025-11-11 17:47:24,066 - kaldo - INFO - Calculating isotopic bandwidth  12000, 59.0%
2025-11-11 17:47:24,673 - kaldo - INFO - Calculating isotopic bandwidth  13000, 64.0%
2025-11-11 17:47:25,301 - kaldo - INFO - Calculating isotopic bandwidth  14000, 69.0%
2025-11-11 17:47:25,930 - kaldo - INFO - Calculating isotopic bandwidth  15000, 74.0%
2025-11-11 17:47:26,549 - kaldo - INFO - Calculating isotopic bandwidth  16000, 79.0%
2025-11-11 17:47:27,098 - kaldo - INFO - Calculating isotopic bandwidth  17000, 84.0%
2025-11-11 17:47:27,640 - kaldo - INFO - Calculating isotopic bandwidth  18000, 89.0%
2025-11-11 17:47:28,212 - kaldo - INFO - Calculating isotopic bandwidth  19000, 94.0%
2025-11-11 17:47:28,745 - kaldo - INFO - Calculating isotopic bandwidth  20000, 99.0%
2025-11-11 17:47:28,877 - kaldo - INFO - 'compute_isotopic_bw'  11.91 s
2025-11-11 17:47:28,878 - kaldo - INFO - ALD/15_15_15/isotopic_bandwidth stored
2025-11-11 17:47:28,878 - kaldo - INFO - ALD/15_15_15/300/quantum/isotopes/bandwidth stored
2025-11-11 17:48:19,541 - kaldo - INFO - Loading ALD/15_15_15/physical_mode
2025-11-11 17:48:19,541 - kaldo - INFO - Loading ALD/15_15_15/frequency
2025-11-11 17:48:19,906 - kaldo - INFO - Loading ALD/15_15_15/300/quantum/_ps_gamma_and_gamma_tensor
2025-11-11 17:48:21,219 - kaldo - INFO - _scattering_matrix: [20247 20247] * <class 'float'>
2025-11-11 17:48:21,219 - kaldo - INFO - Memory needed: 3279 MB, available: 238534 / 270132 MB
2025-11-11 17:48:21,497 - kaldo - INFO - Loading ALD/15_15_15/300/quantum/isotopes/bandwidth
2025-11-11 17:49:12,650 - kaldo - INFO - Loading ALD/15_15_15/physical_mode
2025-11-11 17:49:12,651 - kaldo - INFO - Loading ALD/15_15_15/frequency
2025-11-11 17:49:13,010 - kaldo - INFO - Loading ALD/15_15_15/300/quantum/_ps_gamma_and_gamma_tensor
2025-11-11 17:49:14,277 - kaldo - INFO - _scattering_matrix: [20247 20247] * <class 'float'>
2025-11-11 17:49:14,277 - kaldo - INFO - Memory needed: 3279 MB, available: 238523 / 270132 MB
2025-11-11 17:49:14,554 - kaldo - INFO - Loading ALD/15_15_15/300/quantum/isotopes/bandwidth
2025-11-11 17:50:06,062 - kaldo - INFO - Loading ALD/15_15_15/300/quantum/heat_capacity
2025-11-11 17:50:06,063 - kaldo - INFO - Loading ALD/15_15_15/velocity
2025-11-11 17:50:06,063 - kaldo - INFO - Loading ALD/15_15_15/physical_mode
2025-11-11 17:50:06,071 - kaldo - INFO - Conductivity calculated
Bulk thermal conductivity with iso(W/m/K):  41.247457603344884


Thermal condutivity tensor wit iso: 

[[42.08279724  0.12407705  0.12484444]
 [ 0.11153137 40.82982786 -0.29852037]
 [ 0.11109184 -0.29931771 40.82974772]]


