-5.2489 -5.24989
-5.28285 -5.28428
-5.26548 -5.26644
-5.2765 -5.27735
-5.28696 -5.28845
-5.29388 -5.29417
-5.27668 -5.27674
-5.28782 -5.28977
-5.30078 -5.30212
-5.26027 -5.26169
-5.28056 -5.28267
-5.28795 -5.2887
-5.30209 -5.30026
-5.2899 -5.29158
-5.2831 -5.28365
-5.30905 -5.31127
-5.30853 -5.30921
-5.28185 -5.28327
-5.27277 -5.27573
-5.28101 -5.2796
-5.24122 -5.2405
-5.27952 -5.27793
-5.26955 -5.27202
-5.3027 -5.30337
-5.26324 -5.26458
-5.30743 -5.30773
-5.28217 -5.28338
-5.27251 -5.27264
-5.27758 -5.27733
-5.29179 -5.29173
-5.2477 -5.24931
-5.30418 -5.30409
-5.2618 -5.2655
-5.29329 -5.29352
-5.28488 -5.2844
-5.30552 -5.30404
-5.30181 -5.3029
-5.28382 -5.28806
-5.30406 -5.30355
-5.27295 -5.27274
-5.27787 -5.28239
-5.30347 -5.3034
-5.25775 -5.25924
-5.2892 -5.29164
-5.29444 -5.29527
-5.22983 -5.2454
-5.3016 -5.30398
-5.28769 -5.2857
-5.27723 -5.28097
-5.26557 -5.2658
-5.31244 -5.31345
-5.28878 -5.2896
-5.24181 -5.23992
-5.29683 -5.29569
-5.28756 -5.28668
-5.30394 -5.30478
-5.28614 -5.2873
-5.28535 -5.28721
-5.29525 -5.29594
-5.28112 -5.28307
-5.29026 -5.29107
-5.24923 -5.25066
-5.2988 -5.30037
-5.27313 -5.27234
-5.28331 -5.2848
-5.28562 -5.28576
-5.27887 -5.27895
-5.30571 -5.30652
-5.28599 -5.28607
-5.27165 -5.27002
-5.26268 -5.26503
-5.27353 -5.27819
-5.27263 -5.27325
-5.30569 -5.30756
-5.29492 -5.29578
-5.28644 -5.28746
-5.27326 -5.27361
-5.28648 -5.28564
-5.28957 -5.2895
-5.30639 -5.30717
-5.29132 -5.29342
-5.28095 -5.28724
-5.26452 -5.26674
-5.28338 -5.28481
-5.33171 -5.33086
-5.27932 -5.28178
-5.2669 -5.26759
-5.27657 -5.27622
-5.29871 -5.29928
-5.29779 -5.29919
-5.28385 -5.28632
-5.2849 -5.28544
-5.29087 -5.29087
-5.28126 -5.28245
-5.26408 -5.26504
-5.2406 -5.24115
-5.29301 -5.29623
-5.27699 -5.27901
-5.31925 -5.31873
-5.26979 -5.27073
-5.35406 -5.3527
-5.35392 -5.34873
-5.35358 -5.35149
-5.33299 -5.33236
-5.29978 -5.30062
-5.21595 -5.21847
-5.27266 -5.27144
-5.37745 -5.37703
-5.28825 -5.28729
-5.35185 -5.35219
-5.36829 -5.36519
-5.30551 -5.30139
-5.36473 -5.36215
-5.38005 -5.38026
-5.30344 -5.30218
-5.34918 -5.34738
-5.34213 -5.33754
-5.36819 -5.3661
-5.29488 -5.28996
-5.3972 -5.39484
-5.33236 -5.3323
-5.36873 -5.36606
-5.34025 -5.33936
-5.3548 -5.35447
-5.37244 -5.37032
-5.32131 -5.31854
-5.33816 -5.3366
-5.34933 -5.34879
-5.33589 -5.32764
-5.35016 -5.34578
-5.30441 -5.30408
-5.38806 -5.3858
-5.33972 -5.33649
-5.32273 -5.31877
-5.3482 -5.34689
-5.33882 -5.33317
-5.29508 -5.29183
-5.29477 -5.29205
-5.3125 -5.3125
-5.37391 -5.37222
-5.30249 -5.2953
-5.32396 -5.32248
-5.36902 -5.36763
-5.34095 -5.33462
-5.37393 -5.3711
-5.35096 -5.34783
-5.31863 -5.31782
-5.38872 -5.38752
-5.36387 -5.36405
-5.30928 -5.30394
-5.41558 -5.41595
-5.41178 -5.41213
-5.40972 -5.41036
-5.4122 -5.41249
-5.41186 -5.41223
-5.40861 -5.40907
-5.40949 -5.40988
-5.41132 -5.41177
-5.41418 -5.41467
-5.41123 -5.41167
-5.40527 -5.40594
-5.39917 -5.39976
-5.39551 -5.39595
-5.39971 -5.40018
-5.39714 -5.39803
-5.39716 -5.39791
-5.39573 -5.39609
-5.39973 -5.40049
-5.3995 -5.40007
-5.39532 -5.39585
-5.38811 -5.388
-5.39712 -5.39758
-5.38611 -5.3862
-5.38538 -5.38581
-5.38611 -5.38607
-5.37909 -5.37932
-5.38372 -5.38367
-5.38888 -5.38903
-5.3859 -5.38581
-5.3842 -5.38406
-5.37064 -5.37122
-5.36787 -5.36795
-5.3693 -5.37002
-5.36463 -5.36433
-5.36565 -5.36599
-5.3754 -5.37591
-5.36875 -5.36954
-5.37224 -5.37249
-5.37721 -5.37765
-5.37942 -5.37956
-5.35043 -5.35061
-5.35781 -5.35886
-5.35135 -5.35228
-5.35461 -5.3554
-5.3548 -5.35658
-5.35619 -5.35687
-5.35476 -5.35559
-5.35418 -5.35408
-5.36258 -5.36433
-5.37281 -5.37365
-5.33883 -5.33844
-5.34088 -5.34198
-5.34104 -5.34129
-5.35602 -5.35589
-5.34328 -5.344
-5.34329 -5.34375
-5.33899 -5.33825
-5.34295 -5.34393
-5.34231 -5.34403
-5.34074 -5.34088
-5.32658 -5.32637
-5.32635 -5.32645
-5.32665 -5.3274
-5.33096 -5.33198
-5.33732 -5.33821
-5.32372 -5.32376
-5.31967 -5.32001
-5.32583 -5.32689
-5.33486 -5.33519
-5.34135 -5.34195
-5.31777 -5.31797
-5.30574 -5.30559
-5.31478 -5.31388
-5.3157 -5.31606
-5.3355 -5.33455
-5.33011 -5.3314
-5.31268 -5.31345
-5.32482 -5.32567
-5.32447 -5.32533
-5.31385 -5.31111
-5.30501 -5.30494
-5.29082 -5.28815
-5.29172 -5.28997
-5.30017 -5.29841
-5.31465 -5.31266
-5.29976 -5.299
-5.30282 -5.30222
-5.30009 -5.29811
-5.29621 -5.29598
-5.29938 -5.29796
-5.29988 -5.29829
-5.28414 -5.28285
-5.29805 -5.29785
-5.26807 -5.26678
-5.2882 -5.28985
-5.28882 -5.28509
-5.28333 -5.28229
-5.28606 -5.28514
-5.28468 -5.28389
-5.29442 -5.29317
-5.4126 -5.41271
-5.41175 -5.41207
-5.4117 -5.41234
-5.41173 -5.41237
-5.41181 -5.4123
-5.41176 -5.4124
-5.41171 -5.41235
-5.41207 -5.41232
-5.41177 -5.41239
-5.41181 -5.41242
-5.40121 -5.39927
-5.39685 -5.39726
-5.40023 -5.39811
-5.40055 -5.3987
-5.40148 -5.39958
-5.40096 -5.39893
-5.40071 -5.39886
-5.40069 -5.39873
-5.40088 -5.39893
-5.40174 -5.39968
-5.38493 -5.38563
-5.38618 -5.38693
-5.38455 -5.3851
-5.38274 -5.38331
-5.38604 -5.38669
-5.3862 -5.38685
-5.38538 -5.38613
-5.38504 -5.38567
-5.38552 -5.38611
-5.38546 -5.3862
-5.37302 -5.37093
-5.37783 -5.37618
-5.37609 -5.37453
-5.42319 -5.42327
-5.37108 -5.37155
-5.4196 -5.41948
-5.42283 -5.42291
-5.41383 -5.41347
-5.42317 -5.42324
-5.42245 -5.42251
-5.42369 -5.42381
-5.35714 -5.35655
-5.42224 -5.42234
-5.36063 -5.3604
-5.41598 -5.41603
-5.42346 -5.42357
-5.42087 -5.42095
-5.42384 -5.42396
-5.42324 -5.42336
-5.35975 -5.35984
-5.34398 -5.344
-5.42298 -5.4231
-5.34418 -5.34388
-5.39068 -5.39055
-5.42336 -5.42349
-5.42161 -5.42171
-5.42252 -5.42264
-5.42339 -5.42352
-5.42353 -5.42365
-5.41938 -5.41954
-5.42179 -5.42193
-5.42235 -5.42249
-5.42373 -5.42388
-5.40612 -5.40633
-5.42301 -5.42315
-5.42271 -5.42285
-5.32703 -5.32719
-5.42337 -5.42351
-5.32663 -5.32602
-5.41928 -5.41947
-5.40622 -5.40665
-5.3129 -5.31242
-5.42337 -5.42354
-5.42321 -5.42339
-5.42298 -5.42316
-5.42162 -5.42181
-5.4224 -5.42258
-5.4235 -5.42367
-5.32107 -5.32176
-5.41879 -5.41901
-5.41041 -5.41072
-5.42319 -5.42336
-5.42315 -5.42333
-5.42274 -5.42293
-5.41929 -5.41952
-5.42347 -5.42365
-5.42165 -5.42186
-5.30972 -5.30873
-5.30456 -5.305
-5.42214 -5.42234
-5.42148 -5.42173
-5.42264 -5.42284
-5.41076 -5.41109
-5.28883 -5.29025
-5.28991 -5.29206
-5.42218 -5.42241
-5.41867 -5.41894
-5.42341 -5.42363
-5.42312 -5.42334
-5.42329 -5.4235
