
***************************************************************
*                 Welcome to use GPUMD                        *
*    (Graphics Processing Units Molecular Dynamics)           *
*                     version 4.0                             *
*              This is the nep executable                     *
***************************************************************


---------------------------------------------------------------
GPU information:
---------------------------------------------------------------

number of GPUs = 3
Device id:                   0
    Device name:             NVIDIA GeForce RTX 2080 Ti
    Compute capability:      7.5
    Amount of global memory: 10.7466 GB
    Number of SMs:           68
Device id:                   1
    Device name:             NVIDIA GeForce RTX 2080 Ti
    Compute capability:      7.5
    Amount of global memory: 10.7466 GB
    Number of SMs:           68
Device id:                   2
    Device name:             NVIDIA GeForce RTX 2080 Ti
    Compute capability:      7.5
    Amount of global memory: 10.7466 GB
    Number of SMs:           68
GPU-0 cannot access GPU-1.
GPU-0 cannot access GPU-2.
GPU-1 cannot access GPU-0.
GPU-1 cannot access GPU-2.
GPU-2 cannot access GPU-0.
GPU-2 cannot access GPU-1.

---------------------------------------------------------------
Started running nep.
---------------------------------------------------------------


---------------------------------------------------------------
Started reading nep.in.
---------------------------------------------------------------

The input population size is not divisible by the number of GPUs.
This causes an inefficient use of resources.
The population size has therefore been increased to 51.
Input or default parameters:
    (default) model_type = potential.
    (default) calculation mode = train.
    (input)   use NEP version 4.
    (input)   number of atom types = 1.
        (default) type 0 (Si with Z = 14) has force weight of 1.
    (input)   will add the universal ZBL potential with outer cutoff 2 A and inner cutoff 1 A.
    (input)   radial cutoff = 6 A.
    (input)   angular cutoff = 5 A.
    (default) use global cutoff for NEP.
    (default) use global cutoff for ZBL.
    (input)   n_max_radial = 4.
    (input)   n_max_angular = 4.
    (input)   basis_size_radial = 8.
    (input)   basis_size_angular = 8.
    (input)   l_max_3body = 4.
    (input)   l_max_4body = 2.
    (input)   l_max_5body = 1.
    (input)   number of neurons = 80.
    (input)   lambda_1 = 0.
    (default) lambda_2 = 0.0552359.
    (input)   lambda_e = 0.1.
    (input)   lambda_f = 1.
    (input)   lambda_v = 0.5.
    (default) atomic_v = 0.
    (default) lambda_shear = 1.
    (default) force_delta = 0.
    (input)   batch size = 5000.
    (input)   population size = 51.
    (input)   maximum number of generations = 40000.
    (input)   will fine-tune based on nep89_20250409.txt and nep89_20250409.restart.
Some calculated parameters:
    number of radial descriptor components = 5.
    number of angular descriptor components = 30.
    total number of descriptor components = 35.
    NN architecture = 35-80-1.
    number of NN parameters to be optimized = 2961.
    number of descriptor parameters to be optimized = 90.
    total number of parameters to be optimized = 3051.

---------------------------------------------------------------
Finished reading nep.in.
---------------------------------------------------------------


---------------------------------------------------------------
Started reading train.xyz
---------------------------------------------------------------

Number of configurations = 350.
Number of devices = 3
Number of batches = 1
Hello, I changed the batch_size from 5000 to 350.

Batch 0:
Number of configurations = 350.

---------------------------------------------------------------
Constructing train_set in device  0.
Total number of atoms = 19600.
Number of atoms in the largest configuration = 64.
Number of configurations having virial = 350.
Radial descriptor with a cutoff of 6 A:
    Minimum number of neighbors for one atom = 35.
    Maximum number of neighbors for one atom = 46.
Angular descriptor with a cutoff of 5 A:
    Minimum number of neighbors for one atom = 24.
    Maximum number of neighbors for one atom = 30.
---------------------------------------------------------------


---------------------------------------------------------------
Constructing train_set in device  1.
Total number of atoms = 19600.
Number of atoms in the largest configuration = 64.
Number of configurations having virial = 350.
Radial descriptor with a cutoff of 6 A:
    Minimum number of neighbors for one atom = 35.
    Maximum number of neighbors for one atom = 46.
Angular descriptor with a cutoff of 5 A:
    Minimum number of neighbors for one atom = 24.
    Maximum number of neighbors for one atom = 30.
---------------------------------------------------------------


---------------------------------------------------------------
Constructing train_set in device  2.
Total number of atoms = 19600.
Number of atoms in the largest configuration = 64.
Number of configurations having virial = 350.
Radial descriptor with a cutoff of 6 A:
    Minimum number of neighbors for one atom = 35.
    Maximum number of neighbors for one atom = 46.
Angular descriptor with a cutoff of 5 A:
    Minimum number of neighbors for one atom = 24.
    Maximum number of neighbors for one atom = 30.
---------------------------------------------------------------


---------------------------------------------------------------
Started reading test.xyz
---------------------------------------------------------------

Number of configurations = 100.

---------------------------------------------------------------
Constructing test_set in device  0.
Total number of atoms = 6400.
Number of atoms in the largest configuration = 64.
Number of configurations having virial = 100.
Radial descriptor with a cutoff of 6 A:
    Minimum number of neighbors for one atom = 36.
    Maximum number of neighbors for one atom = 46.
Angular descriptor with a cutoff of 5 A:
    Minimum number of neighbors for one atom = 26.
    Maximum number of neighbors for one atom = 29.
---------------------------------------------------------------


---------------------------------------------------------------
Constructing test_set in device  1.
Total number of atoms = 6400.
Number of atoms in the largest configuration = 64.
Number of configurations having virial = 100.
Radial descriptor with a cutoff of 6 A:
    Minimum number of neighbors for one atom = 36.
    Maximum number of neighbors for one atom = 46.
Angular descriptor with a cutoff of 5 A:
    Minimum number of neighbors for one atom = 26.
    Maximum number of neighbors for one atom = 29.
---------------------------------------------------------------


---------------------------------------------------------------
Constructing test_set in device  2.
Total number of atoms = 6400.
Number of atoms in the largest configuration = 64.
Number of configurations having virial = 100.
Radial descriptor with a cutoff of 6 A:
    Minimum number of neighbors for one atom = 36.
    Maximum number of neighbors for one atom = 46.
Angular descriptor with a cutoff of 5 A:
    Minimum number of neighbors for one atom = 26.
    Maximum number of neighbors for one atom = 29.
---------------------------------------------------------------


---------------------------------------------------------------
Time used for initialization = 0.284978 s.
---------------------------------------------------------------


---------------------------------------------------------------
Started training.
---------------------------------------------------------------

Step    Total-Loss L1Reg-Loss L2Reg-Loss RMSE-E-Train RMSE-F-Train RMSE-V-Train RMSE-E-Test  RMSE-F-Test  RMSE-V-Test  
100     0.27747    0.00000    0.07738    0.01258      0.17319      0.05129      0.01368      0.10192      0.04943      
200     0.21959    0.00000    0.07754    0.00460      0.11582      0.05155      0.00489      0.06368      0.05383      
300     0.19234    0.00000    0.07765    0.00301      0.09088      0.04702      0.00153      0.04493      0.04331      
400     0.18213    0.00000    0.07762    0.00320      0.08307      0.04224      0.00188      0.04175      0.03417      
500     0.17621    0.00000    0.07746    0.00312      0.07937      0.03814      0.00187      0.04039      0.02972      
600     0.17218    0.00000    0.07720    0.00314      0.07694      0.03547      0.00191      0.03919      0.02510      
700     0.16890    0.00000    0.07689    0.00305      0.07501      0.03338      0.00180      0.03824      0.02236      
800     0.16599    0.00000    0.07660    0.00306      0.07338      0.03140      0.00172      0.03716      0.01867      
900     0.16371    0.00000    0.07633    0.00289      0.07187      0.03045      0.00158      0.03654      0.01591      
1000    0.16162    0.00000    0.07608    0.00290      0.07049      0.02951      0.00160      0.03576      0.01396      
1100    0.15991    0.00000    0.07587    0.00279      0.06935      0.02880      0.00142      0.03508      0.01244      
1200    0.15848    0.00000    0.07577    0.00271      0.06817      0.02854      0.00135      0.03435      0.01152      
1300    0.15718    0.00000    0.07558    0.00270      0.06717      0.02833      0.00133      0.03367      0.01009      
1400    0.15601    0.00000    0.07544    0.00264      0.06631      0.02800      0.00122      0.03306      0.00989      
1500    0.15502    0.00000    0.07531    0.00262      0.06538      0.02814      0.00129      0.03252      0.00955      
1600    0.15413    0.00000    0.07506    0.00253      0.06481      0.02801      0.00118      0.03215      0.00867      
1700    0.15328    0.00000    0.07486    0.00253      0.06413      0.02809      0.00117      0.03157      0.00903      
1800    0.15254    0.00000    0.07465    0.00249      0.06359      0.02810      0.00113      0.03120      0.00930      
1900    0.15185    0.00000    0.07453    0.00247      0.06304      0.02806      0.00112      0.03081      0.00900      
2000    0.15119    0.00000    0.07438    0.00242      0.06252      0.02812      0.00111      0.03060      0.00855      
2100    0.15061    0.00000    0.07418    0.00238      0.06214      0.02810      0.00108      0.03028      0.00823      
2200    0.15008    0.00000    0.07407    0.00232      0.06167      0.02822      0.00107      0.03004      0.00818      
2300    0.14951    0.00000    0.07388    0.00232      0.06130      0.02820      0.00105      0.02967      0.00841      
2400    0.14904    0.00000    0.07369    0.00228      0.06099      0.02826      0.00104      0.02951      0.00778      
2500    0.14858    0.00000    0.07349    0.00229      0.06075      0.02822      0.00104      0.02929      0.00786      
2600    0.14816    0.00000    0.07333    0.00230      0.06054      0.02812      0.00102      0.02906      0.00794      
2700    0.14776    0.00000    0.07313    0.00227      0.06035      0.02811      0.00100      0.02892      0.00771      
2800    0.14740    0.00000    0.07301    0.00226      0.06006      0.02820      0.00101      0.02879      0.00797      
2900    0.14703    0.00000    0.07285    0.00221      0.05986      0.02818      0.00101      0.02865      0.00776      
3000    0.14667    0.00000    0.07268    0.00222      0.05968      0.02818      0.00100      0.02847      0.00779      
3100    0.14633    0.00000    0.07252    0.00224      0.05948      0.02821      0.00098      0.02825      0.00756      
3200    0.14598    0.00000    0.07233    0.00222      0.05933      0.02821      0.00098      0.02820      0.00776      
3300    0.14566    0.00000    0.07216    0.00219      0.05913      0.02831      0.00099      0.02820      0.00777      
3400    0.14539    0.00000    0.07204    0.00216      0.05897      0.02835      0.00100      0.02810      0.00762      
3500    0.14511    0.00000    0.07186    0.00215      0.05881      0.02844      0.00102      0.02799      0.00763      
3600    0.14480    0.00000    0.07171    0.00215      0.05867      0.02842      0.00099      0.02778      0.00772      
3700    0.14450    0.00000    0.07151    0.00213      0.05858      0.02837      0.00101      0.02781      0.00760      
3800    0.14428    0.00000    0.07141    0.00214      0.05847      0.02837      0.00099      0.02774      0.00773      
3900    0.14402    0.00000    0.07128    0.00213      0.05836      0.02835      0.00099      0.02766      0.00786      
4000    0.14377    0.00000    0.07111    0.00212      0.05827      0.02836      0.00101      0.02762      0.00761      
4100    0.14355    0.00000    0.07098    0.00211      0.05817      0.02837      0.00100      0.02757      0.00756      
4200    0.14328    0.00000    0.07082    0.00211      0.05808      0.02835      0.00099      0.02749      0.00760      
4300    0.14306    0.00000    0.07071    0.00208      0.05793      0.02842      0.00101      0.02740      0.00763      
4400    0.14283    0.00000    0.07059    0.00207      0.05781      0.02845      0.00100      0.02738      0.00760      
4500    0.14264    0.00000    0.07046    0.00210      0.05781      0.02832      0.00098      0.02729      0.00774      
4600    0.14239    0.00000    0.07031    0.00207      0.05770      0.02835      0.00099      0.02721      0.00762      
4700    0.14215    0.00000    0.07017    0.00208      0.05766      0.02823      0.00097      0.02718      0.00763      
4800    0.14195    0.00000    0.07005    0.00207      0.05757      0.02824      0.00097      0.02717      0.00764      
4900    0.14175    0.00000    0.06991    0.00209      0.05754      0.02817      0.00095      0.02708      0.00765      
5000    0.14152    0.00000    0.06979    0.00204      0.05737      0.02831      0.00100      0.02707      0.00763      
5100    0.14133    0.00000    0.06968    0.00205      0.05730      0.02829      0.00096      0.02699      0.00768      
5200    0.14112    0.00000    0.06959    0.00207      0.05727      0.02811      0.00095      0.02689      0.00776      
5300    0.14093    0.00000    0.06950    0.00207      0.05720      0.02806      0.00095      0.02688      0.00771      
5400    0.14074    0.00000    0.06938    0.00204      0.05707      0.02816      0.00095      0.02684      0.00767      
5500    0.14057    0.00000    0.06928    0.00205      0.05702      0.02813      0.00096      0.02679      0.00760      
5600    0.14038    0.00000    0.06915    0.00202      0.05694      0.02817      0.00097      0.02677      0.00765      
5700    0.14021    0.00000    0.06905    0.00203      0.05692      0.02807      0.00096      0.02684      0.00761      
5800    0.14005    0.00000    0.06894    0.00201      0.05688      0.02806      0.00097      0.02674      0.00765      
5900    0.13991    0.00000    0.06884    0.00204      0.05687      0.02797      0.00095      0.02679      0.00760      
6000    0.13973    0.00000    0.06872    0.00203      0.05679      0.02803      0.00094      0.02664      0.00769      
6100    0.13957    0.00000    0.06859    0.00201      0.05675      0.02804      0.00096      0.02670      0.00765      
6200    0.13941    0.00000    0.06852    0.00199      0.05669      0.02800      0.00096      0.02669      0.00765      
6300    0.13926    0.00000    0.06841    0.00201      0.05672      0.02787      0.00095      0.02665      0.00768      
6400    0.13914    0.00000    0.06831    0.00203      0.05672      0.02781      0.00093      0.02662      0.00759      
6500    0.13898    0.00000    0.06821    0.00201      0.05665      0.02784      0.00094      0.02661      0.00772      
6600    0.13883    0.00000    0.06811    0.00200      0.05658      0.02787      0.00094      0.02662      0.00766      
6700    0.13868    0.00000    0.06800    0.00201      0.05657      0.02781      0.00093      0.02657      0.00767      
6800    0.13855    0.00000    0.06793    0.00200      0.05650      0.02785      0.00094      0.02658      0.00768      
6900    0.13844    0.00000    0.06782    0.00198      0.05647      0.02790      0.00096      0.02655      0.00772      
7000    0.13829    0.00000    0.06772    0.00200      0.05649      0.02776      0.00096      0.02657      0.00777      
7100    0.13814    0.00000    0.06760    0.00199      0.05644      0.02781      0.00094      0.02652      0.00777      
7200    0.13799    0.00000    0.06749    0.00198      0.05639      0.02783      0.00095      0.02652      0.00786      
7300    0.13786    0.00000    0.06740    0.00199      0.05639      0.02776      0.00094      0.02654      0.00773      
7400    0.13773    0.00000    0.06730    0.00199      0.05633      0.02778      0.00093      0.02642      0.00779      
7500    0.13760    0.00000    0.06724    0.00200      0.05628      0.02775      0.00094      0.02641      0.00783      
7600    0.13747    0.00000    0.06716    0.00199      0.05627      0.02767      0.00094      0.02644      0.00785      
7700    0.13735    0.00000    0.06709    0.00200      0.05623      0.02766      0.00094      0.02642      0.00785      
7800    0.13723    0.00000    0.06697    0.00200      0.05621      0.02769      0.00093      0.02640      0.00791      
7900    0.13713    0.00000    0.06691    0.00197      0.05617      0.02770      0.00095      0.02638      0.00792      
8000    0.13701    0.00000    0.06684    0.00199      0.05616      0.02762      0.00092      0.02634      0.00786      
8100    0.13691    0.00000    0.06674    0.00198      0.05614      0.02765      0.00093      0.02633      0.00790      
8200    0.13680    0.00000    0.06665    0.00197      0.05612      0.02767      0.00093      0.02632      0.00794      
8300    0.13667    0.00000    0.06652    0.00199      0.05618      0.02755      0.00093      0.02630      0.00794      
8400    0.13654    0.00000    0.06646    0.00197      0.05607      0.02763      0.00093      0.02630      0.00785      
8500    0.13643    0.00000    0.06636    0.00199      0.05609      0.02755      0.00091      0.02628      0.00789      
8600    0.13630    0.00000    0.06626    0.00198      0.05610      0.02751      0.00092      0.02626      0.00803      
8700    0.13620    0.00000    0.06619    0.00197      0.05606      0.02752      0.00092      0.02625      0.00793      
8800    0.13607    0.00000    0.06609    0.00196      0.05601      0.02754      0.00094      0.02630      0.00793      
8900    0.13597    0.00000    0.06601    0.00193      0.05594      0.02765      0.00095      0.02626      0.00797      
9000    0.13586    0.00000    0.06592    0.00194      0.05596      0.02757      0.00093      0.02628      0.00798      
9100    0.13575    0.00000    0.06586    0.00196      0.05592      0.02754      0.00092      0.02623      0.00801      
9200    0.13563    0.00000    0.06577    0.00198      0.05593      0.02745      0.00090      0.02619      0.00805      
9300    0.13553    0.00000    0.06570    0.00196      0.05587      0.02752      0.00091      0.02615      0.00806      
9400    0.13541    0.00000    0.06559    0.00195      0.05588      0.02749      0.00092      0.02616      0.00811      
9500    0.13531    0.00000    0.06554    0.00196      0.05586      0.02745      0.00091      0.02615      0.00811      
9600    0.13521    0.00000    0.06543    0.00198      0.05587      0.02742      0.00089      0.02611      0.00806      
9700    0.13509    0.00000    0.06533    0.00197      0.05586      0.02741      0.00090      0.02617      0.00804      
9800    0.13497    0.00000    0.06525    0.00194      0.05579      0.02746      0.00091      0.02616      0.00809      
9900    0.13488    0.00000    0.06519    0.00194      0.05577      0.02746      0.00092      0.02614      0.00807      
10000   0.13478    0.00000    0.06511    0.00195      0.05577      0.02743      0.00092      0.02611      0.00813      
10100   0.13467    0.00000    0.06504    0.00193      0.05573      0.02742      0.00092      0.02612      0.00807      
10200   0.13458    0.00000    0.06496    0.00194      0.05572      0.02742      0.00090      0.02609      0.00818      
10300   0.13447    0.00000    0.06488    0.00194      0.05568      0.02743      0.00090      0.02603      0.00818      
10400   0.13437    0.00000    0.06478    0.00195      0.05569      0.02741      0.00090      0.02606      0.00814      
10500   0.13426    0.00000    0.06470    0.00193      0.05565      0.02745      0.00091      0.02604      0.00814      
10600   0.13418    0.00000    0.06462    0.00193      0.05563      0.02746      0.00091      0.02603      0.00816      
10700   0.13408    0.00000    0.06455    0.00195      0.05567      0.02733      0.00089      0.02605      0.00817      
10800   0.13398    0.00000    0.06448    0.00194      0.05561      0.02739      0.00089      0.02602      0.00821      
10900   0.13389    0.00000    0.06440    0.00193      0.05557      0.02744      0.00090      0.02600      0.00828      
11000   0.13379    0.00000    0.06433    0.00194      0.05559      0.02735      0.00088      0.02599      0.00823      
11100   0.13370    0.00000    0.06425    0.00195      0.05559      0.02732      0.00089      0.02600      0.00818      
11200   0.13362    0.00000    0.06420    0.00193      0.05550      0.02745      0.00090      0.02597      0.00825      
11300   0.13353    0.00000    0.06413    0.00192      0.05548      0.02745      0.00091      0.02596      0.00825      
11400   0.13344    0.00000    0.06404    0.00192      0.05552      0.02739      0.00090      0.02598      0.00820      
11500   0.13337    0.00000    0.06398    0.00194      0.05552      0.02733      0.00088      0.02595      0.00824      
11600   0.13329    0.00000    0.06393    0.00192      0.05549      0.02737      0.00090      0.02601      0.00822      
11700   0.13319    0.00000    0.06387    0.00194      0.05548      0.02730      0.00089      0.02593      0.00826      
11800   0.13312    0.00000    0.06381    0.00191      0.05546      0.02734      0.00090      0.02600      0.00832      
11900   0.13304    0.00000    0.06374    0.00192      0.05548      0.02727      0.00089      0.02595      0.00832      
12000   0.13296    0.00000    0.06367    0.00193      0.05548      0.02724      0.00088      0.02594      0.00828      
12100   0.13288    0.00000    0.06361    0.00192      0.05544      0.02727      0.00088      0.02595      0.00839      
12200   0.13280    0.00000    0.06354    0.00191      0.05540      0.02735      0.00089      0.02589      0.00838      
12300   0.13272    0.00000    0.06347    0.00192      0.05544      0.02723      0.00088      0.02592      0.00840      
12400   0.13263    0.00000    0.06341    0.00192      0.05542      0.02721      0.00089      0.02594      0.00838      
12500   0.13254    0.00000    0.06335    0.00191      0.05539      0.02722      0.00089      0.02590      0.00841      
12600   0.13247    0.00000    0.06328    0.00192      0.05540      0.02719      0.00088      0.02592      0.00839      
12700   0.13239    0.00000    0.06322    0.00193      0.05536      0.02723      0.00089      0.02591      0.00843      
12800   0.13231    0.00000    0.06316    0.00191      0.05533      0.02725      0.00089      0.02591      0.00838      
12900   0.13222    0.00000    0.06310    0.00191      0.05531      0.02724      0.00088      0.02587      0.00845      
13000   0.13214    0.00000    0.06303    0.00194      0.05535      0.02712      0.00088      0.02592      0.00849      
13100   0.13205    0.00000    0.06296    0.00190      0.05529      0.02721      0.00089      0.02586      0.00840      
13200   0.13197    0.00000    0.06289    0.00190      0.05529      0.02720      0.00089      0.02587      0.00845      
13300   0.13189    0.00000    0.06283    0.00191      0.05529      0.02715      0.00088      0.02587      0.00846      
13400   0.13182    0.00000    0.06275    0.00190      0.05529      0.02718      0.00089      0.02587      0.00843      
13500   0.13176    0.00000    0.06271    0.00191      0.05525      0.02724      0.00088      0.02585      0.00845      
13600   0.13169    0.00000    0.06267    0.00192      0.05527      0.02713      0.00087      0.02582      0.00845      
13700   0.13162    0.00000    0.06260    0.00190      0.05524      0.02718      0.00088      0.02582      0.00850      
13800   0.13155    0.00000    0.06254    0.00190      0.05524      0.02716      0.00087      0.02583      0.00849      
13900   0.13148    0.00000    0.06248    0.00189      0.05521      0.02720      0.00088      0.02580      0.00858      
14000   0.13140    0.00000    0.06241    0.00192      0.05527      0.02705      0.00087      0.02586      0.00858      
14100   0.13132    0.00000    0.06236    0.00191      0.05523      0.02709      0.00086      0.02577      0.00848      
14200   0.13127    0.00000    0.06231    0.00191      0.05521      0.02711      0.00087      0.02578      0.00857      
14300   0.13120    0.00000    0.06225    0.00189      0.05518      0.02714      0.00087      0.02575      0.00855      
14400   0.13114    0.00000    0.06221    0.00190      0.05519      0.02710      0.00087      0.02577      0.00849      
14500   0.13106    0.00000    0.06214    0.00192      0.05522      0.02702      0.00086      0.02579      0.00858      
14600   0.13099    0.00000    0.06209    0.00192      0.05520      0.02701      0.00086      0.02581      0.00856      
14700   0.13092    0.00000    0.06205    0.00190      0.05512      0.02712      0.00088      0.02580      0.00854      
14800   0.13083    0.00000    0.06199    0.00189      0.05508      0.02714      0.00087      0.02577      0.00858      
14900   0.13076    0.00000    0.06193    0.00190      0.05512      0.02704      0.00086      0.02579      0.00860      
15000   0.13069    0.00000    0.06186    0.00192      0.05513      0.02700      0.00086      0.02575      0.00865      
15100   0.13062    0.00000    0.06180    0.00189      0.05510      0.02706      0.00086      0.02572      0.00856      
15200   0.13054    0.00000    0.06174    0.00189      0.05510      0.02702      0.00086      0.02577      0.00859      
15300   0.13047    0.00000    0.06168    0.00190      0.05511      0.02700      0.00086      0.02572      0.00851      
15400   0.13040    0.00000    0.06162    0.00189      0.05508      0.02702      0.00086      0.02573      0.00864      
15500   0.13033    0.00000    0.06154    0.00189      0.05508      0.02703      0.00086      0.02573      0.00858      
15600   0.13025    0.00000    0.06150    0.00188      0.05507      0.02700      0.00086      0.02573      0.00862      
15700   0.13017    0.00000    0.06143    0.00190      0.05505      0.02700      0.00086      0.02572      0.00871      
15800   0.13011    0.00000    0.06137    0.00190      0.05504      0.02700      0.00086      0.02573      0.00861      
15900   0.13004    0.00000    0.06133    0.00188      0.05500      0.02704      0.00086      0.02572      0.00866      
16000   0.12997    0.00000    0.06126    0.00188      0.05502      0.02702      0.00085      0.02567      0.00864      
16100   0.12990    0.00000    0.06120    0.00189      0.05501      0.02700      0.00085      0.02572      0.00866      
16200   0.12982    0.00000    0.06115    0.00191      0.05501      0.02693      0.00085      0.02571      0.00859      
16300   0.12976    0.00000    0.06111    0.00189      0.05498      0.02696      0.00086      0.02571      0.00863      
16400   0.12969    0.00000    0.06105    0.00190      0.05500      0.02689      0.00084      0.02570      0.00862      
16500   0.12962    0.00000    0.06100    0.00188      0.05497      0.02693      0.00086      0.02572      0.00868      
16600   0.12955    0.00000    0.06093    0.00189      0.05497      0.02692      0.00085      0.02569      0.00869      
16700   0.12948    0.00000    0.06087    0.00187      0.05495      0.02695      0.00085      0.02565      0.00873      
16800   0.12942    0.00000    0.06083    0.00191      0.05498      0.02684      0.00084      0.02563      0.00871      
16900   0.12937    0.00000    0.06079    0.00189      0.05495      0.02687      0.00085      0.02570      0.00875      
17000   0.12930    0.00000    0.06075    0.00188      0.05491      0.02692      0.00085      0.02565      0.00869      
17100   0.12924    0.00000    0.06071    0.00190      0.05492      0.02686      0.00084      0.02566      0.00875      
17200   0.12918    0.00000    0.06064    0.00189      0.05491      0.02687      0.00084      0.02561      0.00882      
17300   0.12911    0.00000    0.06059    0.00189      0.05489      0.02687      0.00084      0.02562      0.00879      
17400   0.12906    0.00000    0.06054    0.00187      0.05487      0.02692      0.00085      0.02563      0.00879      
17500   0.12899    0.00000    0.06051    0.00188      0.05484      0.02692      0.00084      0.02559      0.00882      
17600   0.12893    0.00000    0.06046    0.00188      0.05484      0.02687      0.00085      0.02562      0.00879      
17700   0.12886    0.00000    0.06042    0.00188      0.05482      0.02687      0.00084      0.02562      0.00878      
17800   0.12881    0.00000    0.06038    0.00187      0.05482      0.02685      0.00084      0.02560      0.00882      
17900   0.12875    0.00000    0.06033    0.00187      0.05478      0.02691      0.00086      0.02562      0.00877      
18000   0.12869    0.00000    0.06029    0.00188      0.05478      0.02687      0.00084      0.02560      0.00879      
18100   0.12863    0.00000    0.06023    0.00188      0.05476      0.02690      0.00085      0.02559      0.00877      
18200   0.12856    0.00000    0.06018    0.00187      0.05474      0.02690      0.00085      0.02558      0.00876      
18300   0.12851    0.00000    0.06013    0.00187      0.05475      0.02687      0.00086      0.02560      0.00882      
18400   0.12844    0.00000    0.06008    0.00189      0.05477      0.02680      0.00084      0.02558      0.00891      
18500   0.12838    0.00000    0.06002    0.00187      0.05475      0.02684      0.00085      0.02561      0.00885      
18600   0.12832    0.00000    0.05998    0.00187      0.05475      0.02680      0.00084      0.02557      0.00885      
18700   0.12825    0.00000    0.05993    0.00187      0.05470      0.02688      0.00085      0.02558      0.00885      
18800   0.12819    0.00000    0.05987    0.00186      0.05471      0.02685      0.00085      0.02556      0.00888      
18900   0.12814    0.00000    0.05983    0.00189      0.05475      0.02674      0.00083      0.02556      0.00888      
19000   0.12807    0.00000    0.05977    0.00187      0.05472      0.02679      0.00084      0.02556      0.00881      
19100   0.12801    0.00000    0.05973    0.00187      0.05469      0.02680      0.00085      0.02559      0.00881      
19200   0.12795    0.00000    0.05968    0.00188      0.05470      0.02677      0.00083      0.02552      0.00885      
19300   0.12788    0.00000    0.05962    0.00187      0.05468      0.02680      0.00083      0.02552      0.00886      
19400   0.12782    0.00000    0.05958    0.00188      0.05467      0.02677      0.00084      0.02556      0.00887      
19500   0.12776    0.00000    0.05953    0.00187      0.05464      0.02681      0.00084      0.02555      0.00889      
19600   0.12769    0.00000    0.05947    0.00188      0.05466      0.02675      0.00084      0.02553      0.00882      
19700   0.12764    0.00000    0.05943    0.00186      0.05465      0.02674      0.00084      0.02551      0.00888      
19800   0.12758    0.00000    0.05938    0.00187      0.05462      0.02677      0.00083      0.02550      0.00894      
19900   0.12751    0.00000    0.05932    0.00187      0.05464      0.02674      0.00083      0.02549      0.00891      
20000   0.12746    0.00000    0.05928    0.00187      0.05460      0.02678      0.00083      0.02549      0.00893      
20100   0.12740    0.00000    0.05922    0.00185      0.05459      0.02678      0.00083      0.02550      0.00893      
20200   0.12734    0.00000    0.05918    0.00185      0.05458      0.02678      0.00083      0.02553      0.00894      
20300   0.12728    0.00000    0.05913    0.00187      0.05457      0.02677      0.00083      0.02551      0.00898      
20400   0.12721    0.00000    0.05907    0.00186      0.05458      0.02675      0.00084      0.02547      0.00902      
20500   0.12715    0.00000    0.05903    0.00186      0.05457      0.02674      0.00084      0.02551      0.00898      
20600   0.12709    0.00000    0.05898    0.00185      0.05452      0.02681      0.00084      0.02549      0.00897      
20700   0.12703    0.00000    0.05893    0.00187      0.05454      0.02673      0.00084      0.02551      0.00900      
20800   0.12697    0.00000    0.05888    0.00188      0.05457      0.02666      0.00083      0.02551      0.00898      
20900   0.12692    0.00000    0.05884    0.00187      0.05455      0.02669      0.00083      0.02548      0.00898      
21000   0.12685    0.00000    0.05879    0.00187      0.05457      0.02663      0.00082      0.02548      0.00904      
21100   0.12679    0.00000    0.05874    0.00185      0.05450      0.02672      0.00083      0.02545      0.00901      
21200   0.12672    0.00000    0.05869    0.00188      0.05452      0.02665      0.00083      0.02549      0.00905      
21300   0.12666    0.00000    0.05864    0.00186      0.05448      0.02671      0.00083      0.02547      0.00904      
21400   0.12660    0.00000    0.05859    0.00186      0.05449      0.02667      0.00083      0.02545      0.00905      
21500   0.12655    0.00000    0.05853    0.00186      0.05449      0.02668      0.00083      0.02546      0.00906      
21600   0.12649    0.00000    0.05849    0.00187      0.05450      0.02664      0.00083      0.02548      0.00909      
21700   0.12643    0.00000    0.05844    0.00186      0.05448      0.02666      0.00083      0.02547      0.00912      
21800   0.12637    0.00000    0.05839    0.00186      0.05448      0.02663      0.00082      0.02544      0.00918      
21900   0.12632    0.00000    0.05835    0.00186      0.05447      0.02663      0.00082      0.02541      0.00916      
22000   0.12627    0.00000    0.05830    0.00186      0.05445      0.02666      0.00083      0.02543      0.00915      
22100   0.12623    0.00000    0.05827    0.00185      0.05444      0.02666      0.00083      0.02541      0.00913      
22200   0.12617    0.00000    0.05822    0.00185      0.05444      0.02664      0.00082      0.02542      0.00925      
22300   0.12612    0.00000    0.05818    0.00186      0.05449      0.02653      0.00082      0.02544      0.00915      
22400   0.12607    0.00000    0.05815    0.00187      0.05447      0.02653      0.00081      0.02542      0.00913      
22500   0.12601    0.00000    0.05809    0.00186      0.05447      0.02653      0.00081      0.02539      0.00925      
22600   0.12596    0.00000    0.05805    0.00184      0.05443      0.02658      0.00082      0.02541      0.00926      
22700   0.12590    0.00000    0.05801    0.00185      0.05444      0.02654      0.00082      0.02541      0.00922      
22800   0.12584    0.00000    0.05795    0.00186      0.05446      0.02651      0.00081      0.02542      0.00920      
22900   0.12579    0.00000    0.05789    0.00185      0.05443      0.02655      0.00081      0.02538      0.00927      
23000   0.12573    0.00000    0.05786    0.00185      0.05443      0.02651      0.00081      0.02540      0.00923      
23100   0.12568    0.00000    0.05781    0.00186      0.05444      0.02649      0.00081      0.02540      0.00925      
23200   0.12563    0.00000    0.05777    0.00185      0.05443      0.02649      0.00081      0.02542      0.00919      
23300   0.12558    0.00000    0.05773    0.00186      0.05441      0.02649      0.00081      0.02540      0.00927      
23400   0.12552    0.00000    0.05768    0.00185      0.05440      0.02652      0.00081      0.02538      0.00927      
23500   0.12548    0.00000    0.05764    0.00185      0.05438      0.02655      0.00081      0.02539      0.00930      
23600   0.12542    0.00000    0.05759    0.00185      0.05438      0.02654      0.00081      0.02539      0.00928      
23700   0.12537    0.00000    0.05754    0.00184      0.05439      0.02652      0.00081      0.02537      0.00928      
23800   0.12531    0.00000    0.05749    0.00184      0.05436      0.02656      0.00082      0.02539      0.00920      
23900   0.12526    0.00000    0.05745    0.00185      0.05436      0.02654      0.00082      0.02542      0.00925      
24000   0.12522    0.00000    0.05740    0.00185      0.05438      0.02651      0.00081      0.02536      0.00929      
24100   0.12517    0.00000    0.05736    0.00186      0.05437      0.02650      0.00081      0.02536      0.00930      
24200   0.12511    0.00000    0.05731    0.00184      0.05434      0.02655      0.00082      0.02537      0.00926      
24300   0.12506    0.00000    0.05727    0.00184      0.05435      0.02652      0.00081      0.02533      0.00933      
24400   0.12501    0.00000    0.05723    0.00185      0.05435      0.02651      0.00081      0.02537      0.00933      
24500   0.12496    0.00000    0.05718    0.00183      0.05432      0.02657      0.00082      0.02538      0.00934      
24600   0.12492    0.00000    0.05714    0.00185      0.05434      0.02649      0.00081      0.02536      0.00939      
24700   0.12486    0.00000    0.05709    0.00183      0.05431      0.02654      0.00082      0.02540      0.00935      
24800   0.12481    0.00000    0.05706    0.00184      0.05432      0.02652      0.00082      0.02539      0.00936      
24900   0.12477    0.00000    0.05702    0.00185      0.05432      0.02649      0.00082      0.02539      0.00946      
25000   0.12471    0.00000    0.05697    0.00186      0.05432      0.02648      0.00081      0.02539      0.00937      
25100   0.12466    0.00000    0.05692    0.00182      0.05428      0.02655      0.00082      0.02540      0.00931      
25200   0.12462    0.00000    0.05689    0.00183      0.05427      0.02656      0.00083      0.02540      0.00935      
25300   0.12457    0.00000    0.05685    0.00183      0.05427      0.02654      0.00082      0.02537      0.00933      
25400   0.12453    0.00000    0.05682    0.00183      0.05426      0.02653      0.00082      0.02538      0.00934      
25500   0.12448    0.00000    0.05678    0.00183      0.05425      0.02655      0.00082      0.02537      0.00938      
25600   0.12443    0.00000    0.05672    0.00183      0.05424      0.02658      0.00082      0.02535      0.00936      
25700   0.12438    0.00000    0.05668    0.00186      0.05428      0.02647      0.00081      0.02535      0.00939      
25800   0.12433    0.00000    0.05664    0.00184      0.05425      0.02650      0.00082      0.02537      0.00940      
25900   0.12428    0.00000    0.05659    0.00185      0.05426      0.02648      0.00082      0.02537      0.00944      
26000   0.12423    0.00000    0.05655    0.00184      0.05424      0.02651      0.00081      0.02533      0.00942      
26100   0.12419    0.00000    0.05652    0.00184      0.05422      0.02653      0.00082      0.02533      0.00937      
26200   0.12414    0.00000    0.05648    0.00184      0.05421      0.02653      0.00082      0.02533      0.00938      
26300   0.12410    0.00000    0.05645    0.00185      0.05422      0.02650      0.00081      0.02532      0.00945      
26400   0.12405    0.00000    0.05640    0.00184      0.05421      0.02651      0.00082      0.02533      0.00943      
26500   0.12401    0.00000    0.05635    0.00185      0.05423      0.02647      0.00081      0.02534      0.00940      
26600   0.12396    0.00000    0.05631    0.00184      0.05423      0.02647      0.00081      0.02532      0.00942      
26700   0.12392    0.00000    0.05629    0.00185      0.05424      0.02642      0.00081      0.02535      0.00940      
26800   0.12387    0.00000    0.05625    0.00184      0.05421      0.02646      0.00082      0.02536      0.00943      
26900   0.12383    0.00000    0.05621    0.00183      0.05419      0.02648      0.00082      0.02532      0.00946      
27000   0.12379    0.00000    0.05617    0.00183      0.05421      0.02645      0.00082      0.02533      0.00947      
27100   0.12374    0.00000    0.05612    0.00184      0.05420      0.02647      0.00082      0.02530      0.00952      
27200   0.12369    0.00000    0.05608    0.00184      0.05420      0.02645      0.00081      0.02530      0.00947      
27300   0.12365    0.00000    0.05603    0.00182      0.05418      0.02651      0.00082      0.02531      0.00946      
27400   0.12360    0.00000    0.05600    0.00185      0.05421      0.02641      0.00081      0.02531      0.00947      
27500   0.12356    0.00000    0.05595    0.00184      0.05420      0.02643      0.00081      0.02531      0.00950      
27600   0.12352    0.00000    0.05591    0.00182      0.05418      0.02647      0.00082      0.02532      0.00952      
27700   0.12347    0.00000    0.05587    0.00183      0.05419      0.02644      0.00081      0.02531      0.00951      
27800   0.12343    0.00000    0.05584    0.00184      0.05420      0.02640      0.00081      0.02532      0.00957      
27900   0.12339    0.00000    0.05580    0.00184      0.05419      0.02643      0.00081      0.02532      0.00958      
28000   0.12334    0.00000    0.05576    0.00184      0.05418      0.02642      0.00082      0.02532      0.00955      
28100   0.12329    0.00000    0.05572    0.00183      0.05417      0.02645      0.00081      0.02529      0.00959      
28200   0.12324    0.00000    0.05567    0.00184      0.05417      0.02644      0.00081      0.02526      0.00957      
28300   0.12320    0.00000    0.05564    0.00183      0.05417      0.02644      0.00081      0.02530      0.00952      
28400   0.12316    0.00000    0.05560    0.00185      0.05419      0.02638      0.00080      0.02527      0.00956      
28500   0.12312    0.00000    0.05556    0.00185      0.05416      0.02642      0.00081      0.02528      0.00956      
28600   0.12308    0.00000    0.05552    0.00184      0.05417      0.02639      0.00081      0.02530      0.00954      
28700   0.12303    0.00000    0.05547    0.00185      0.05419      0.02637      0.00081      0.02531      0.00959      
28800   0.12299    0.00000    0.05544    0.00183      0.05414      0.02646      0.00082      0.02530      0.00954      
28900   0.12295    0.00000    0.05539    0.00183      0.05416      0.02642      0.00081      0.02530      0.00957      
29000   0.12290    0.00000    0.05536    0.00184      0.05415      0.02642      0.00081      0.02531      0.00952      
29100   0.12285    0.00000    0.05531    0.00184      0.05415      0.02642      0.00081      0.02528      0.00958      
29200   0.12281    0.00000    0.05528    0.00183      0.05414      0.02643      0.00082      0.02530      0.00958      
29300   0.12277    0.00000    0.05523    0.00183      0.05413      0.02644      0.00081      0.02528      0.00961      
29400   0.12273    0.00000    0.05519    0.00184      0.05415      0.02641      0.00081      0.02527      0.00961      
29500   0.12269    0.00000    0.05516    0.00184      0.05414      0.02642      0.00081      0.02528      0.00954      
29600   0.12265    0.00000    0.05511    0.00184      0.05413      0.02644      0.00081      0.02530      0.00954      
29700   0.12261    0.00000    0.05508    0.00183      0.05413      0.02644      0.00081      0.02528      0.00955      
29800   0.12257    0.00000    0.05505    0.00184      0.05414      0.02640      0.00081      0.02526      0.00960      
29900   0.12252    0.00000    0.05500    0.00183      0.05415      0.02637      0.00081      0.02530      0.00960      
30000   0.12248    0.00000    0.05496    0.00183      0.05413      0.02641      0.00081      0.02527      0.00955      
30100   0.12243    0.00000    0.05492    0.00184      0.05412      0.02642      0.00081      0.02526      0.00962      
30200   0.12238    0.00000    0.05487    0.00184      0.05414      0.02637      0.00081      0.02528      0.00960      
30300   0.12235    0.00000    0.05484    0.00183      0.05412      0.02640      0.00081      0.02529      0.00957      
30400   0.12230    0.00000    0.05479    0.00185      0.05415      0.02636      0.00081      0.02530      0.00957      
30500   0.12226    0.00000    0.05475    0.00185      0.05415      0.02635      0.00080      0.02529      0.00958      
30600   0.12222    0.00000    0.05472    0.00183      0.05414      0.02636      0.00081      0.02528      0.00954      
30700   0.12218    0.00000    0.05468    0.00184      0.05414      0.02635      0.00080      0.02528      0.00964      
30800   0.12213    0.00000    0.05463    0.00184      0.05413      0.02636      0.00080      0.02525      0.00953      
30900   0.12208    0.00000    0.05459    0.00183      0.05412      0.02638      0.00080      0.02528      0.00953      
31000   0.12204    0.00000    0.05454    0.00184      0.05414      0.02635      0.00080      0.02525      0.00956      
31100   0.12200    0.00000    0.05450    0.00184      0.05412      0.02637      0.00080      0.02524      0.00956      
31200   0.12196    0.00000    0.05446    0.00184      0.05414      0.02634      0.00079      0.02526      0.00952      
31300   0.12191    0.00000    0.05442    0.00185      0.05415      0.02631      0.00080      0.02528      0.00951      
31400   0.12186    0.00000    0.05438    0.00183      0.05413      0.02634      0.00080      0.02527      0.00952      
31500   0.12182    0.00000    0.05434    0.00183      0.05412      0.02634      0.00080      0.02525      0.00953      
31600   0.12178    0.00000    0.05431    0.00184      0.05413      0.02631      0.00080      0.02525      0.00956      
31700   0.12174    0.00000    0.05426    0.00182      0.05411      0.02637      0.00080      0.02524      0.00956      
31800   0.12170    0.00000    0.05423    0.00184      0.05413      0.02632      0.00080      0.02526      0.00956      
31900   0.12166    0.00000    0.05418    0.00183      0.05412      0.02635      0.00080      0.02525      0.00960      
32000   0.12161    0.00000    0.05414    0.00184      0.05413      0.02632      0.00079      0.02524      0.00960      
32100   0.12157    0.00000    0.05411    0.00183      0.05409      0.02637      0.00080      0.02525      0.00957      
32200   0.12153    0.00000    0.05408    0.00184      0.05410      0.02634      0.00080      0.02523      0.00956      
32300   0.12149    0.00000    0.05404    0.00183      0.05411      0.02634      0.00080      0.02523      0.00959      
32400   0.12145    0.00000    0.05400    0.00184      0.05410      0.02633      0.00080      0.02525      0.00961      
32500   0.12141    0.00000    0.05397    0.00184      0.05411      0.02629      0.00080      0.02527      0.00960      
32600   0.12137    0.00000    0.05392    0.00183      0.05411      0.02632      0.00080      0.02522      0.00959      
32700   0.12132    0.00000    0.05388    0.00184      0.05410      0.02633      0.00080      0.02526      0.00956      
32800   0.12128    0.00000    0.05384    0.00183      0.05409      0.02634      0.00080      0.02524      0.00964      
32900   0.12124    0.00000    0.05380    0.00183      0.05409      0.02636      0.00080      0.02525      0.00968      
33000   0.12121    0.00000    0.05376    0.00182      0.05408      0.02637      0.00081      0.02526      0.00961      
33100   0.12117    0.00000    0.05373    0.00184      0.05410      0.02630      0.00080      0.02525      0.00962      
33200   0.12112    0.00000    0.05369    0.00184      0.05409      0.02633      0.00080      0.02523      0.00964      
33300   0.12108    0.00000    0.05365    0.00183      0.05407      0.02636      0.00080      0.02523      0.00960      
33400   0.12105    0.00000    0.05362    0.00183      0.05409      0.02631      0.00080      0.02521      0.00964      
33500   0.12100    0.00000    0.05358    0.00183      0.05406      0.02636      0.00080      0.02525      0.00968      
33600   0.12097    0.00000    0.05355    0.00184      0.05406      0.02634      0.00080      0.02521      0.00966      
33700   0.12093    0.00000    0.05353    0.00184      0.05405      0.02634      0.00080      0.02523      0.00964      
33800   0.12089    0.00000    0.05348    0.00183      0.05404      0.02635      0.00081      0.02522      0.00964      
33900   0.12085    0.00000    0.05346    0.00182      0.05403      0.02636      0.00080      0.02522      0.00969      
34000   0.12081    0.00000    0.05341    0.00183      0.05404      0.02635      0.00080      0.02519      0.00966      
34100   0.12077    0.00000    0.05339    0.00183      0.05404      0.02631      0.00080      0.02523      0.00966      
34200   0.12074    0.00000    0.05335    0.00184      0.05404      0.02631      0.00080      0.02524      0.00963      
34300   0.12070    0.00000    0.05331    0.00182      0.05402      0.02636      0.00080      0.02523      0.00969      
34400   0.12066    0.00000    0.05328    0.00182      0.05402      0.02636      0.00080      0.02523      0.00964      
34500   0.12062    0.00000    0.05324    0.00183      0.05403      0.02634      0.00080      0.02522      0.00967      
34600   0.12059    0.00000    0.05321    0.00182      0.05403      0.02632      0.00080      0.02523      0.00967      
34700   0.12055    0.00000    0.05318    0.00183      0.05403      0.02632      0.00080      0.02523      0.00965      
34800   0.12051    0.00000    0.05314    0.00183      0.05402      0.02635      0.00080      0.02522      0.00966      
34900   0.12048    0.00000    0.05311    0.00183      0.05400      0.02638      0.00080      0.02521      0.00966      
35000   0.12044    0.00000    0.05307    0.00183      0.05401      0.02636      0.00080      0.02522      0.00972      
35100   0.12040    0.00000    0.05303    0.00182      0.05401      0.02636      0.00080      0.02522      0.00970      
35200   0.12037    0.00000    0.05300    0.00183      0.05401      0.02635      0.00080      0.02523      0.00975      
35300   0.12033    0.00000    0.05297    0.00183      0.05401      0.02635      0.00081      0.02522      0.00969      
35400   0.12030    0.00000    0.05294    0.00182      0.05399      0.02636      0.00081      0.02522      0.00976      
35500   0.12026    0.00000    0.05291    0.00183      0.05400      0.02633      0.00080      0.02521      0.00971      
35600   0.12022    0.00000    0.05288    0.00182      0.05402      0.02630      0.00080      0.02523      0.00968      
35700   0.12019    0.00000    0.05286    0.00182      0.05401      0.02630      0.00080      0.02521      0.00967      
35800   0.12016    0.00000    0.05282    0.00183      0.05401      0.02630      0.00079      0.02521      0.00973      
35900   0.12012    0.00000    0.05278    0.00183      0.05400      0.02631      0.00079      0.02521      0.00970      
36000   0.12008    0.00000    0.05275    0.00182      0.05400      0.02630      0.00079      0.02521      0.00977      
36100   0.12005    0.00000    0.05272    0.00182      0.05399      0.02632      0.00080      0.02520      0.00980      
36200   0.12002    0.00000    0.05270    0.00182      0.05398      0.02633      0.00079      0.02520      0.00976      
36300   0.11998    0.00000    0.05266    0.00183      0.05399      0.02628      0.00079      0.02518      0.00977      
36400   0.11994    0.00000    0.05263    0.00184      0.05399      0.02627      0.00079      0.02520      0.00977      
36500   0.11990    0.00000    0.05259    0.00183      0.05399      0.02628      0.00079      0.02519      0.00975      
36600   0.11986    0.00000    0.05256    0.00183      0.05399      0.02627      0.00079      0.02519      0.00977      
36700   0.11983    0.00000    0.05252    0.00183      0.05397      0.02630      0.00080      0.02520      0.00980      
36800   0.11980    0.00000    0.05249    0.00182      0.05395      0.02634      0.00080      0.02520      0.00973      
36900   0.11976    0.00000    0.05246    0.00183      0.05396      0.02632      0.00080      0.02520      0.00973      
37000   0.11972    0.00000    0.05243    0.00183      0.05396      0.02631      0.00080      0.02520      0.00977      
37100   0.11969    0.00000    0.05239    0.00182      0.05396      0.02629      0.00079      0.02519      0.00977      
37200   0.11966    0.00000    0.05237    0.00182      0.05395      0.02632      0.00080      0.02519      0.00973      
37300   0.11962    0.00000    0.05233    0.00182      0.05395      0.02631      0.00080      0.02520      0.00976      
37400   0.11958    0.00000    0.05229    0.00182      0.05396      0.02629      0.00080      0.02519      0.00974      
37500   0.11954    0.00000    0.05226    0.00181      0.05395      0.02631      0.00080      0.02521      0.00973      
37600   0.11951    0.00000    0.05223    0.00183      0.05396      0.02628      0.00079      0.02519      0.00979      
37700   0.11947    0.00000    0.05219    0.00183      0.05396      0.02626      0.00079      0.02520      0.00978      
37800   0.11943    0.00000    0.05216    0.00182      0.05396      0.02627      0.00080      0.02519      0.00981      
37900   0.11940    0.00000    0.05212    0.00183      0.05396      0.02626      0.00079      0.02519      0.00980      
38000   0.11937    0.00000    0.05209    0.00182      0.05395      0.02627      0.00079      0.02518      0.00983      
38100   0.11933    0.00000    0.05206    0.00182      0.05394      0.02628      0.00079      0.02519      0.00983      
38200   0.11929    0.00000    0.05203    0.00181      0.05392      0.02633      0.00080      0.02519      0.00984      
38300   0.11925    0.00000    0.05200    0.00182      0.05393      0.02628      0.00079      0.02518      0.00984      
38400   0.11922    0.00000    0.05196    0.00182      0.05392      0.02630      0.00080      0.02518      0.00985      
38500   0.11918    0.00000    0.05192    0.00182      0.05393      0.02628      0.00080      0.02518      0.00985      
38600   0.11915    0.00000    0.05189    0.00182      0.05393      0.02628      0.00080      0.02521      0.00985      
38700   0.11911    0.00000    0.05186    0.00183      0.05393      0.02628      0.00080      0.02521      0.00989      
38800   0.11907    0.00000    0.05183    0.00182      0.05392      0.02629      0.00080      0.02522      0.00991      
38900   0.11904    0.00000    0.05179    0.00181      0.05391      0.02631      0.00080      0.02519      0.00987      
39000   0.11900    0.00000    0.05176    0.00181      0.05391      0.02631      0.00080      0.02518      0.00985      
39100   0.11897    0.00000    0.05173    0.00183      0.05392      0.02627      0.00080      0.02519      0.00991      
39200   0.11894    0.00000    0.05171    0.00182      0.05390      0.02631      0.00080      0.02518      0.00987      
39300   0.11890    0.00000    0.05167    0.00182      0.05390      0.02630      0.00080      0.02518      0.00988      
39400   0.11886    0.00000    0.05164    0.00183      0.05391      0.02628      0.00079      0.02519      0.00991      
39500   0.11883    0.00000    0.05160    0.00183      0.05389      0.02630      0.00079      0.02516      0.00994      
39600   0.11879    0.00000    0.05157    0.00183      0.05389      0.02629      0.00080      0.02518      0.00992      
39700   0.11876    0.00000    0.05154    0.00181      0.05388      0.02631      0.00080      0.02518      0.00988      
39800   0.11873    0.00000    0.05151    0.00181      0.05387      0.02635      0.00080      0.02517      0.00990      
39900   0.11869    0.00000    0.05148    0.00182      0.05387      0.02631      0.00080      0.02515      0.00996      
40000   0.11865    0.00000    0.05145    0.00183      0.05388      0.02629      0.00079      0.02517      0.00997      

---------------------------------------------------------------
Time used for training = 1843.211646 s.
---------------------------------------------------------------


---------------------------------------------------------------
Finished running nep.
---------------------------------------------------------------

