0.718483 0.397846 0.363823 0.244032 0.585103 0.0641311 0.587456 0.538169 0.328085 0.37317 0.376756 0.153425
0.29639 0.250186 0.168315 0.756995 0.731199 0.0412396 0.181923 0.272729 0.342064 0.834276 0.664921 0.0291472
-0.133651 0.0552421 0.0705432 -0.015291 -0.217338 0.97128 -0.0712541 0.106323 0.0674971 0.0404121 -0.0561845 0.704111
0.111136 -0.0285102 -0.0985603 -0.350777 0.472123 -0.323324 -0.0590329 0.211595 -0.2379 -0.35944 0.284203 -0.313523
-0.276968 -0.307395 0.0782191 -0.0970924 0.222159 0.782304 -0.22959 -0.130489 0.127601 -0.0111081 0.13245 0.723821
0.00987906 -0.0989563 -0.318745 0.737819 0.476755 0.204529 0.0109722 -0.0089161 -0.284869 0.62026 0.297216 0.198242
0.191437 0.0418048 0.457635 0.131646 -0.367262 -0.726849 0.247405 0.0243922 0.456303 0.020972 -0.427572 -0.633481
0.544101 0.0963471 0.600295 0.39002 -0.437783 0.246821 0.538788 0.14675 0.525973 0.40985 -0.347565 0.267343
0.559118 -0.113749 0.0424963 -0.0845473 0.12973 -0.115644 0.481664 -0.0253094 0.0418828 -0.0855093 0.0739775 -0.161987
0.217998 0.239199 -0.121185 -0.742654 0.340936 0.591088 0.198854 0.337904 -0.0641308 -0.620988 0.249052 0.474089
-0.124639 -0.172175 0.163804 -0.568817 -0.71341 -0.593658 -0.139408 -0.072775 0.184975 -0.479006 -0.630922 -0.55622
-0.354481 -0.293865 -0.158147 -0.858981 -0.415221 -0.856927 -0.283987 -0.368194 -0.08271 -0.635034 -0.356889 -0.721802
0.523477 0.39662 0.5623 -0.36605 -0.0384475 0.0149229 0.440793 0.463881 0.474487 -0.305546 -0.0160296 -0.00368351
0.0416141 0.406273 0.166514 0.845491 -0.366252 0.70378 0.0602832 0.288179 0.225693 0.70659 -0.374241 0.567069
0.431812 0.372121 0.602854 -0.548029 -0.0565336 -0.456174 0.401417 0.504842 0.660465 -0.365975 -0.113791 -0.296896
-0.214908 -0.0537626 0.140538 0.00313571 -0.273054 -0.470608 -0.251799 -0.0731791 0.118629 -0.0232828 -0.244953 -0.321854
0.0948906 0.0199499 0.255097 0.295077 -0.365223 -0.235803 0.0388642 0.173048 0.23875 0.377523 -0.27863 -0.162913
0.0723904 -0.0302789 -0.234614 -0.102532 -0.396372 0.584397 0.0563462 0.047588 -0.10556 -0.0167423 -0.397643 0.669428
0.252354 0.307642 0.0124212 -0.0261125 0.413947 0.849845 0.153168 0.407651 0.218509 0.178647 0.388081 0.660802
-0.451841 -0.00345617 -0.0653588 -0.0663844 -0.624704 0.130992 -0.30977 -0.104048 -0.091375 -0.000875568 -0.428927 0.0370433
-0.0603387 0.228179 -0.0405971 -1.10216 -0.548046 0.943132 -0.16357 0.294611 0.0861816 -1.00864 -0.447121 0.769918
0.100169 0.454723 0.0804056 0.159784 0.00299194 1.26065 0.128018 0.647531 0.171643 0.20296 -0.0972677 1.11311
-0.202228 -0.191675 -0.349344 -0.494454 0.539979 1.06073 -0.233304 -0.129604 -0.177127 -0.291467 0.370494 0.869162
0.306266 -0.188757 0.156421 0.408122 -0.562131 0.290452 0.280999 -0.0301404 0.153873 0.309863 -0.511218 0.125438
-0.148173 -0.11771 -0.132149 -0.864776 0.608941 -0.686501 -0.0786113 -0.00740743 -0.10872 -0.849166 0.443066 -0.57476
0.326505 -0.0923818 0.090593 -0.170762 0.310169 0.340925 0.117847 -0.0384295 0.0659125 -0.131948 0.193286 0.251682
-0.201433 -0.190877 -0.268179 -0.370242 -0.0252509 1.01994 -0.246089 -0.110864 -0.219281 -0.300573 -0.0342451 0.835211
0.470824 0.341767 0.315041 -0.95248 0.964531 -0.347081 0.454687 0.491196 0.346554 -0.901906 0.941227 -0.405731
-0.192607 -0.594741 -0.245109 0.861408 -1.2245 -0.440408 -0.133989 -0.431719 -0.145094 0.740047 -1.14057 -0.270615
0.330429 0.5673 0.330684 -0.688149 1.11122 -0.249746 0.36809 0.51799 0.200492 -0.51727 0.935764 -0.122153
0.401157 0.0983116 0.186508 0.338018 -0.887254 0.880821 0.30499 0.0715847 0.147757 0.405135 -0.76245 0.590901
0.383115 0.343915 0.394866 0.0567323 -0.0385187 0.0513307 0.246002 0.383989 0.341407 0.115252 0.00365412 0.00410721
-0.202827 -0.183153 0.400191 0.114169 0.687289 -0.105664 -0.157553 -0.0770279 0.510324 0.235203 0.591344 -0.0651166
0.418304 0.533041 0.723658 0.282471 -0.198587 -0.0555845 0.327783 0.56317 0.541157 0.186666 -0.25602 -0.00176828
0.316646 -0.2703 0.102506 -0.228618 0.381805 0.188455 0.287985 -0.0380327 0.0677457 -0.129836 0.263297 0.00708537
0.419555 0.145681 0.399557 0.979191 -0.80414 0.109652 0.418673 0.207723 0.445193 0.808071 -0.777571 0.0674763
0.368017 -0.00585386 0.439352 0.0924892 -0.505528 0.169352 0.328268 0.0626943 0.471552 0.0276802 -0.349364 0.0859698
-0.197181 -0.494509 0.201627 0.821414 -0.643304 -0.679527 -0.226972 -0.400288 0.199511 0.658777 -0.762049 -0.639306
-0.095288 -0.262905 0.217749 -0.402139 0.358928 0.491457 -0.10846 -0.284347 0.28399 -0.310283 0.210854 0.388224
-0.381925 0.0834459 0.0217297 0.199403 -0.370225 -1.04671 -0.337652 0.0617845 0.141895 0.14422 -0.443633 -0.879842
-0.277999 -0.0737312 0.040367 0.0617408 0.281691 -0.089471 -0.20063 0.0232766 0.11009 0.123789 0.246954 -0.225979
0.222129 0.447254 0.51353 -0.125304 -0.751696 0.503107 0.250858 0.480931 0.432071 -0.162678 -0.548231 0.542519
-0.0656285 0.104572 0.141048 -0.522616 0.92337 -0.399513 -0.0531109 0.0931849 0.114882 -0.500149 0.763204 -0.300197
-0.404622 -0.25384 -0.0930176 0.716845 0.247014 -0.857795 -0.44225 -0.203423 -0.10955 0.642972 0.281801 -0.766622
0.516931 -0.0124569 -0.287902 -0.634973 0.479076 0.409384 0.341049 0.116923 -0.195348 -0.40194 0.399037 0.394454
-3.14012 -2.56492 -2.44489 -0.226856 -0.276477 -0.425328 -3.10095 -2.58423 -2.31963 -0.581565 -0.371248 -0.487615
0.374222 0.155871 -0.286801 0.623763 -0.300121 0.212847 0.427514 0.206643 -0.252004 0.509058 -0.211856 0.31228
0.117873 0.232295 -0.155848 -0.081455 0.137777 0.297538 0.18261 0.285815 -0.0565446 0.0489547 0.128777 0.280645
-0.92828 0.222444 -0.0482111 -0.333165 0.677264 0.0846445 -0.890667 0.346628 -0.0744061 -0.361517 0.552785 0.0242061
0.0453596 0.307049 0.509438 -0.472775 0.107447 -0.227356 0.163725 0.273941 0.407449 -0.390316 0.0232987 -0.168469
0.274901 0.254739 0.208415 0.00295509 0.318939 0.117642 0.226172 0.185106 0.206433 -0.00426396 0.263567 0.0248759
0.358696 0.3355 0.757415 -0.225802 0.300345 -0.618346 0.334127 0.462895 0.780116 -0.17683 0.248604 -0.440364
-1.79591 -1.3797 -1.03596 0.1046 -0.0675644 0.182341 -1.64846 -1.24725 -0.932648 -0.060173 0.0805425 0.0468545
0.496799 -0.108409 0.0549388 0.0108417 -0.523542 0.827616 0.423425 0.0271132 0.0912464 -0.0412142 -0.547676 0.577525
0.466228 0.651536 0.601042 -0.274822 -1.37304 0.311142 0.364539 0.658568 0.57402 -0.185627 -1.23444 0.336265
0.505236 0.446267 0.47272 -0.270601 0.756189 -0.681916 0.353906 0.424622 0.423638 -0.181365 0.574183 -0.587299
-0.571438 -0.0902893 -0.231212 0.469727 -0.676006 0.422455 -0.350108 -0.182275 -0.190034 0.379874 -0.526797 0.357097
-0.31955 -0.400984 -0.208156 -0.259145 0.586555 -0.145643 -0.28997 -0.298156 -0.245994 -0.203029 0.478184 -0.153371
-0.384272 -0.121107 0.146476 0.631441 0.211942 0.456217 -0.266421 -0.219946 0.103918 0.617471 0.133282 0.337314
-0.16736 -0.0782967 -0.0333917 -0.477706 0.321709 -0.410041 -0.0877797 -0.155175 0.00225566 -0.519648 0.184553 -0.248795
0.497084 0.492963 0.353099 -0.357085 -0.596299 -0.423181 0.340867 0.6239 0.287982 -0.287804 -0.536835 -0.229351
-0.88666 -0.386343 -0.611664 -0.242157 -0.394269 -0.0735901 -0.958333 -0.454872 -0.583054 -0.0528378 -0.170773 -0.231817
0.796993 0.693307 0.779862 0.328541 -0.315746 -0.893783 0.732407 0.677531 0.686922 0.419141 -0.226798 -0.731282
0.268397 0.0316058 0.421662 0.351764 -0.508832 0.693593 0.0550322 0.28254 0.455801 0.391214 -0.417647 0.381464
-0.0797062 0.0910815 -0.367044 -0.0520215 0.306299 0.503294 -0.183908 0.106593 -0.342342 -0.00492277 0.244919 0.470476
0.545346 0.500029 0.107709 0.285016 0.596902 0.575029 0.57564 0.458612 0.114343 0.213619 0.502768 0.517704
0.814226 0.270322 0.364456 -1.17549 0.415968 0.407488 0.68623 0.378526 0.496375 -0.782463 0.253528 0.270528
0.00922691 -0.12338 -0.3491 0.200732 0.237835 -0.314709 -0.0406055 -0.0641455 -0.293484 0.256703 0.259313 -0.258912
0.573892 -0.129755 -0.0403922 0.229494 -0.339318 0.542639 0.511328 -0.0230905 -0.00226301 0.216214 -0.363795 0.604448
-0.0719026 -0.0306248 0.144375 0.524708 1.73456 0.0988737 -0.0414272 0.144294 0.212803 0.640804 1.5109 0.283996
-0.176251 -0.317076 -0.575523 0.20622 -0.197432 -0.617709 -0.199543 -0.275674 -0.409424 0.153979 -0.348755 -0.441404
-0.166554 0.0344072 -0.338747 0.0200053 -0.431344 0.732357 -0.308333 0.0905154 -0.386843 -0.00912428 -0.449874 0.52602
0.162984 0.461249 0.134091 0.105946 0.437196 0.347354 0.0405015 0.290311 0.199905 0.273552 0.45388 0.213904
0.346921 0.405374 0.508891 0.0855662 0.0930698 -0.535225 0.276259 0.400277 0.485862 0.165493 0.0417493 -0.405406
-0.481082 -0.607007 0.0411707 0.230035 -0.617733 0.53651 -0.344991 -0.548027 0.0933184 0.161253 -0.627738 0.463657
0.130447 0.139049 0.0582039 -0.511133 0.304757 0.142943 0.0723146 0.122828 0.0118722 -0.267002 0.317319 0.0750821
-0.800218 -0.162298 -0.0486661 -0.0930345 0.0718086 -0.764538 -0.63595 -0.0325699 -0.173013 -0.138037 0.282643 -0.641135
0.28164 0.0903171 -0.638987 0.350773 -0.140557 0.42125 0.262951 0.172254 -0.501004 0.281818 -0.145812 0.278887
0.434489 0.346027 -0.0681605 0.563397 0.15189 0.828824 0.352571 0.351328 0.0846607 0.559301 0.141578 0.734036
0.452526 -0.11386 -0.0715593 -0.00435764 0.605317 0.166491 0.410879 -0.0416587 -0.144782 0.0497286 0.455854 0.233834
0.34943 -0.0856391 -0.356068 -0.454236 0.177653 -0.370087 0.187429 -0.0114901 -0.247848 -0.428182 0.184772 -0.330528
-0.696491 -0.887149 -0.707306 0.0418627 -0.0211642 -0.499744 -0.619081 -0.789175 -0.558987 0.0128066 -0.147721 -0.501986
-0.0375721 0.462471 -0.296164 0.822031 -0.478246 -0.624379 -0.161518 0.561366 -0.150861 0.546291 -0.508218 -0.46808
0.323901 -0.348918 -0.0241908 -0.631471 -0.338596 -0.0947913 0.106031 -0.156199 -0.0612102 -0.621388 -0.259024 -0.189216
-0.494519 -0.309509 -0.176426 -0.0299071 -0.256749 -0.00166242 -0.482432 -0.291619 -0.171578 -0.0804139 -0.20371 -0.0795126
0.506031 -0.257816 0.206209 0.466511 0.255695 0.625548 0.312568 -0.184016 0.321091 0.426536 0.17061 0.461127
0.00119402 0.0263223 0.049595 0.0209135 0.0433648 0.253679 -0.00626245 0.087574 0.0738086 0.0234811 0.0331871 0.392362
-0.852855 -0.36824 -0.218112 0.307807 0.651868 0.36629 -0.436185 -0.4569 -0.19318 0.240575 0.705834 0.255218
-0.0160868 0.00476771 -0.182334 0.547786 0.871372 -0.412463 0.0513205 -0.0406962 -0.377877 0.399438 0.779418 -0.300762
0.566723 0.109444 0.306807 -0.311047 -0.0266398 -0.303642 0.611022 0.151537 0.295642 -0.276148 -0.0254343 -0.174736
-0.13197 0.00866245 0.259401 0.0537129 -0.753502 0.221235 -0.160239 -0.0305114 0.320583 0.10618 -0.721093 0.148832
-0.0766848 -0.692426 0.173554 -0.0820238 -0.772804 0.238328 -0.0499539 -0.516931 0.169383 -0.0445376 -0.684937 0.229756
0.484545 -0.230278 0.230006 -0.194065 0.37009 -0.692857 0.397602 -0.0262083 0.347271 0.0170252 0.318579 -0.515175
0.538749 0.0765649 0.532634 0.336333 -0.851931 1.10653 0.46898 0.233162 0.375853 0.251802 -0.792992 0.915048
0.360622 0.318119 0.586935 -0.224588 -0.307334 0.313098 0.220151 0.507096 0.477355 -0.255374 -0.310892 0.269201
0.0467438 0.499151 -0.183494 0.638902 0.53918 0.260023 0.165769 0.587958 -0.134202 0.642587 0.409308 0.340414
0.352673 0.29718 -0.182568 0.724112 -0.58582 0.422903 0.387864 0.266748 -0.182369 0.576365 -0.423334 0.323812
-0.354289 0.101702 -0.387559 0.160537 0.360219 -0.761869 -0.194731 0.0422391 -0.292851 0.132897 0.287054 -0.655181
0.527345 0.187935 0.216722 0.446372 -0.384268 0.520485 0.451624 0.250312 0.165202 0.409501 -0.31932 0.337757
0.906604 -0.037268 0.2565 0.609186 -0.376955 0.355382 0.792498 -0.0552955 0.138816 0.503308 -0.491254 0.241089
0.836715 2.96924 1.52215 -3.86817 -2.84817 2.004 0.116113 3.60537 1.48056 -4.0475 -2.91611 2.3633
1.87982 0.890134 3.00322 -2.09557 -0.12148 -4.30856 1.36423 0.609767 3.46321 -2.29789 0.603944 -3.16114
6.55027 5.89567 6.60054 -1.2341 -0.687949 -2.66128 6.64841 5.63149 6.13286 -1.91959 -1.2097 -2.36958
1.2377 0.515186 1.44065 3.14662 -0.626552 2.5189 1.34463 -0.0328841 1.72544 3.11721 -0.214697 2.8379
6.76091 6.83526 6.63367 -2.79465 0.400182 -2.64854 6.79109 6.90514 6.05128 -3.08983 0.37936 -2.60824
10.7056 10.9395 11.3086 -2.92364 -1.51686 -6.99701 10.2656 10.9915 11.182 -2.28594 -1.69931 -6.05749
4.6463 5.59471 6.12988 -0.50981 1.17013 -6.025 3.72636 6.37167 6.20713 -0.470945 1.68454 -5.91397
2.76611 2.05484 3.28121 -0.832412 1.45553 0.264249 2.85692 1.41377 3.60096 -0.69645 1.07908 0.415669
1.0822 1.99047 1.03737 -0.522285 0.49102 -2.48491 0.459915 2.41854 1.06554 0.0277461 0.28006 -2.88126
0.70959 1.47775 1.65309 1.66324 2.09644 -2.81852 0.322864 1.5551 1.6652 1.76552 1.87322 -2.36324
1.44513 1.02288 2.96865 0.103676 -0.624628 -1.57321 0.989987 0.443412 3.76818 0.30027 -1.08751 -2.18215
-1.3627 -2.50215 0.39783 -0.963117 1.88463 4.96219 -1.7163 -2.85906 1.0924 -1.22343 0.954733 4.46591
0.483079 2.40119 2.78769 0.134128 -1.90626 -1.347 -0.495825 2.61002 3.32802 -0.227415 -1.75465 -1.63686
-1.82797 -0.361834 -0.538103 -0.275471 -0.0917024 -0.778293 -2.38056 -0.069424 -0.316263 -0.584472 0.0778291 -0.665074
5.07952 5.15658 5.47001 0.714824 0.494482 1.1058 4.76041 5.2849 5.12203 0.223743 0.19504 1.61923
1.65977 2.5353 2.6407 1.73836 1.7779 0.214869 0.896822 2.79343 2.9565 1.9954 2.18466 -0.350911
3.18062 1.6312 0.575705 -0.154443 0.609207 -3.22056 4.12946 2.07503 -0.644043 0.0397544 0.750098 -2.72135
-1.16715 -0.373114 -1.56845 -1.46375 2.40217 -1.06972 -1.23467 0.0383831 -1.90997 -2.0721 2.14692 -0.699145
-1.87494 0.103841 0.994353 -2.40951 6.25898 -2.62295 -2.55144 0.168797 1.3513 -1.79655 5.8189 -1.78539
1.0316 -1.21508 1.43023 0.436974 0.19212 1.13815 1.46579 -2.22291 2.16405 0.551925 0.325291 1.12325
-2.26548 -1.10876 -1.57676 -3.70748 2.56912 2.19763 -2.74694 -0.878926 -1.43071 -3.66343 2.94584 2.37584
-1.03965 0.489863 2.17479 -1.84934 1.69525 2.55679 -1.91533 0.389079 2.97671 -2.12656 1.7155 2.91046
-2.46449 -2.82941 -2.40334 1.52744 4.38647 2.94186 -2.18705 -3.03807 -2.67888 2.24719 4.32067 3.158
1.10343 1.90694 0.54879 0.0414971 -1.5782 -0.948627 1.00021 2.27289 0.112684 -0.0271051 -1.9072 -1.07693
-0.537848 -1.63227 -0.228911 -1.08692 -0.96358 -1.48916 -0.509903 -2.09614 0.266606 -1.47288 -1.27629 -0.848868
5.3384 3.94211 4.80231 -3.88392 -1.67301 1.89605 5.84581 2.87259 5.0747 -3.43314 -1.72944 2.44484
0.200453 1.33072 -0.739301 -1.39257 1.63263 1.87251 0.281196 2.06568 -1.54758 -1.27954 1.4705 2.08564
0.847421 1.24105 0.886557 -0.984778 1.26949 4.0438 0.709931 1.32252 0.683549 -0.643314 0.683736 3.82434
3.14258 4.1207 0.770083 -0.0161342 0.71188 -0.472465 3.5456 4.8552 -0.836558 -0.801868 1.50954 -0.594998
-1.30301 0.966994 0.0725867 1.66456 2.80759 3.50471 -1.86607 1.37701 -0.0278409 1.05328 1.84503 3.61896
2.47286 3.28751 2.34175 4.07797 2.90273 -4.39238 2.40777 3.74944 1.62548 3.99651 3.23213 -4.40206
1.09794 0.948864 -0.579853 -0.563969 0.349403 -2.90499 1.32952 1.46135 -1.35745 -0.855065 0.510899 -2.29821
2.9097 4.90133 4.81316 -0.574824 3.12054 3.66928 1.57707 5.56216 5.15164 -1.0299 3.34282 3.79189
4.23399 2.91289 1.709 1.26185 -0.697965 -1.65043 5.00863 2.92716 0.706991 1.21101 -0.0894789 -2.11169
-3.30288 -2.82506 -1.09949 -1.18215 0.356297 2.89198 -3.8288 -3.06099 -0.231079 -0.938549 0.316191 3.02348
-0.957882 0.137585 1.24618 4.97309 -0.726648 1.15876 -1.78389 -0.30385 2.48668 4.96311 -1.27438 1.65845
-3.4327 -2.48253 -4.33415 -3.3894 1.22556 0.345214 -3.84169 -2.33305 -4.65313 -2.80107 1.16426 0.885396
6.88851 6.27459 6.59667 1.56 3.4667 4.96515 6.86003 6.30335 6.39037 2.46955 4.2204 5.06752
5.30893 4.36835 3.98024 6.3 -0.606028 -0.83159 5.57252 3.81547 3.74784 5.99961 -0.799914 -0.304671
1.02323 2.91873 2.77022 -1.70681 -0.0660564 -0.449569 0.0336714 3.40201 3.20269 -1.37716 -0.146525 -0.555908
2.66394 1.01479 3.13638 -3.36133 -5.10916 -0.43056 3.68411 -0.38222 3.40639 -3.86517 -4.62068 -1.25757
-2.82949 -2.43093 -1.16765 -1.14814 1.57701 2.37952 -3.26752 -2.60291 -0.751592 -1.59536 2.01163 2.76653
-2.11972 -2.99325 -2.67536 -3.05131 -1.1442 1.17337 -1.80506 -3.36667 -2.62377 -3.4409 -1.64072 1.46046
0.448528 3.95059 3.19882 3.01592 -1.14066 1.32818 -1.06483 4.73204 3.99578 3.15088 -0.22698 1.16231
2.21847 0.150923 0.221209 1.21627 -1.29832 -1.93027 3.14278 -0.413306 -0.199964 1.49424 -0.813126 -2.13103
-1.04054 -1.00169 -2.82826 -0.059935 -0.382 -0.0455461 -0.864908 -0.573844 -3.46403 0.274898 -1.1926 0.296587
7.03403 5.88873 5.26411 -3.15029 -2.3976 1.88087 7.37081 5.43299 4.79147 -2.27772 -2.05977 2.19228
2.84188 1.00019 3.03041 1.50536 1.89614 3.14124 3.10463 0.107773 3.34301 1.48296 1.68405 2.65812
3.88923 5.08606 4.82842 1.50635 2.12645 1.38642 3.10398 5.30315 4.93034 1.22694 2.11614 1.3673
0.528019 2.19864 0.334109 3.55451 -0.728313 1.18499 0.303184 3.05353 -0.465701 3.68544 0.175698 1.45313
0.799396 0.784968 0.795977 -0.0172336 0.284136 0.0962732 0.78056 0.763 0.778113 -0.0136102 0.231422 0.0762006
-0.13204 -0.152754 -0.121222 0.0705374 -0.190304 0.0190875 -0.0807419 -0.102814 -0.0735336 0.0628636 -0.159149 0.0101798
-0.0185611 0.00701913 -0.0228595 0.139941 -0.371671 -0.0676976 -0.00300701 0.0479946 0.00977522 0.118534 -0.307918 -0.0519982
-0.147142 -0.136531 -0.0904799 -0.116244 0.278422 0.159761 -0.106879 -0.0977442 -0.0522343 -0.0991032 0.226859 0.127283
-0.129927 -0.164787 -0.171129 -0.0608629 0.0999629 0.139771 -0.0870281 -0.113951 -0.114298 -0.0363086 0.0812232 0.115831
-0.140691 -0.101165 -0.0994154 0.0627958 -0.102085 -0.0212049 -0.13069 -0.0833142 -0.0848718 0.0579217 -0.0918154 -0.0464481
-0.0520832 -0.0559962 -0.0575742 0.00611062 0.281754 0.149727 -0.00266283 -0.0224047 -0.0204819 0.0135453 0.223812 0.124819
-0.193583 -0.202672 -0.163975 -0.0554208 0.0575829 -0.119705 -0.152286 -0.162579 -0.120395 -0.0246473 0.0530966 -0.0827143
0.20349 0.166781 0.164041 -0.00405685 0.146621 0.170413 0.212065 0.196835 0.189882 -0.0060045 0.10584 0.123927
-0.191595 -0.191849 -0.177311 0.0436688 -0.30708 -0.184583 -0.146862 -0.152127 -0.133813 0.0459149 -0.244606 -0.174372
0.807196 0.840102 0.872512 0.046331 0.403363 -0.0526484 0.767559 0.806062 0.832422 0.0577831 0.315349 -0.0454006
-0.134483 -0.136132 -0.124713 0.165962 -0.462627 0.00792421 -0.112109 -0.10477 -0.133858 0.118581 -0.366972 0.00497776
-0.158086 -0.237099 -0.141478 -0.0977138 -0.359657 0.137253 -0.155075 -0.192634 -0.137844 -0.0591524 -0.291519 0.135769
-0.0523963 -0.137314 -0.0471791 -0.0370424 0.345372 0.0609537 -0.0320066 -0.115707 -0.0375171 -0.0375037 0.308543 0.0832274
-0.198789 -0.272895 -0.32408 -0.069808 0.638416 -0.0755421 -0.154918 -0.245101 -0.290962 -0.0600729 0.569959 -0.0267595
-0.00763932 -0.0886657 -0.106248 -0.255045 -0.0411659 -0.0198876 0.0290731 -0.0728455 -0.096137 -0.205563 -0.0271724 0.00350296
-0.106324 -0.179372 -0.0931843 -0.0606542 0.448595 -0.0329692 -0.104653 -0.156118 -0.0977659 -0.0468393 0.37368 -0.0232835
0.210338 0.155101 0.267514 0.0441665 -0.366368 -0.0208305 0.17925 0.176636 0.265097 0.0937312 -0.302087 0.0295578
-0.234195 -0.225869 -0.178672 -0.3178 0.301713 0.118059 -0.166022 -0.198243 -0.15814 -0.258729 0.274936 0.115027
-0.182347 -0.272515 -0.163789 0.27821 -0.338303 0.00729602 -0.193934 -0.244596 -0.174097 0.263387 -0.295412 0.0206622
-0.0341941 -0.178437 -0.193183 -0.566151 0.494822 -0.223099 -0.0395118 -0.141437 -0.180906 -0.497138 0.41397 -0.18802
0.873694 0.960236 0.867847 -0.137047 0.533104 0.0600832 0.819755 0.906836 0.812218 -0.135682 0.440785 0.058048
-0.306279 -0.165381 -0.234156 0.510764 -0.552304 0.515531 -0.30899 -0.175444 -0.24612 0.42027 -0.443665 0.400672
-0.0847276 -0.0641381 0.00998963 0.30878 -0.53996 0.255087 -0.108494 -0.0655151 -0.00647805 0.249287 -0.450247 0.209132
0.265342 0.249437 0.246507 0.545025 -0.582023 0.500919 0.224 0.252188 0.235528 0.424898 -0.514131 0.416972
-0.136776 -0.1964 -0.168317 0.379955 -0.201146 0.0315367 -0.180436 -0.188749 -0.153644 0.285459 -0.130895 0.0650752
-0.194738 -0.216578 -0.345775 -0.592217 0.503827 -0.229139 -0.207263 -0.190219 -0.327962 -0.499413 0.386287 -0.196754
-0.250477 -0.213978 -0.255589 0.39135 -0.502086 0.106823 -0.250531 -0.200183 -0.240084 0.3453 -0.440386 0.0947035
-0.271087 -0.314536 -0.221233 -0.147819 0.434623 -0.318171 -0.26377 -0.30379 -0.239758 -0.122997 0.351261 -0.284258
-0.0220047 0.0519239 -0.101299 -0.298814 0.39327 -0.00646037 -0.0646017 0.0543843 -0.106002 -0.270101 0.303563 -0.0555464
0.279128 0.0377036 0.164676 0.458703 0.213812 0.76803 0.254529 0.0352686 0.14558 0.339697 0.189381 0.554429
-0.332227 -0.504882 -0.249101 0.0275756 0.243439 -0.540119 -0.303496 -0.488881 -0.284377 -0.0212954 0.223868 -0.469986
-0.182558 -0.344393 -0.127772 -0.72827 0.0454005 -0.690511 -0.235321 -0.301924 -0.158828 -0.640617 0.0423528 -0.616097
-0.11849 -0.171482 0.0227654 0.550853 0.293753 0.9127 -0.135828 -0.197448 -0.0433856 0.48246 0.233223 0.765826
-0.156566 -0.175275 -0.0626773 -0.803239 0.0510455 -0.676957 -0.204068 -0.160078 -0.106672 -0.680851 0.105222 -0.591549
-0.293679 -0.379583 -0.218805 -0.878441 -0.199814 0.171014 -0.346972 -0.370125 -0.239276 -0.7297 -0.110251 0.145128
-0.386024 -0.450166 -0.294106 0.272253 0.515491 -0.489584 -0.404766 -0.397332 -0.301216 0.215423 0.456598 -0.435568
-0.322026 -0.294625 -0.342036 -0.342883 -0.137737 0.732246 -0.286711 -0.272454 -0.370616 -0.269705 -0.0993646 0.6028
-0.166459 -0.255671 -0.176447 1.09742 0.00688438 0.222426 -0.156098 -0.208262 -0.20905 0.867823 0.0118199 0.163485
0.884087 1.00074 0.977075 -1.03816 -0.88854 -0.448913 0.818927 0.929431 0.906975 -0.849398 -0.708033 -0.362258
-0.0790216 -0.253675 -0.0286015 0.180855 -0.546569 -0.748623 -0.0742358 -0.248022 -0.0597966 0.157858 -0.405534 -0.644154
-0.197344 -0.364702 -0.129629 0.286403 -0.0682429 0.455446 -0.249186 -0.368893 -0.180918 0.202147 -0.0253998 0.371683
-0.226537 -0.189596 0.0820741 0.33174 -0.084071 -0.0874021 -0.185758 -0.178912 0.010558 0.292684 0.0116803 -0.0737356
0.22748 0.00170651 0.218285 -0.578625 -0.464884 0.0355352 0.240359 0.116751 0.164681 -0.530745 -0.374312 0.0138752
-0.382883 -0.64233 -0.322434 0.0827045 -0.381371 -0.378271 -0.396294 -0.596943 -0.397007 0.0813874 -0.273933 -0.371584
-0.321892 -0.384084 -0.260968 -0.179287 -0.108003 -0.621617 -0.338061 -0.376444 -0.319907 -0.152581 -0.0147397 -0.539091
-0.280823 -0.382977 -0.209623 -0.65729 0.386512 -0.226111 -0.331978 -0.323531 -0.214919 -0.524118 0.333547 -0.202546
-0.319912 -0.35847 -0.238679 -0.00663874 0.105825 0.781931 -0.307326 -0.318174 -0.322099 0.00482189 0.178122 0.639197
-0.332398 -0.361634 -0.122768 -0.172248 -0.234336 0.829118 -0.277441 -0.329754 -0.153933 -0.106828 -0.201589 0.62731
0.944964 0.947546 0.986514 0.462267 0.896491 0.434093 0.912612 0.914343 0.906302 0.382544 0.742428 0.374708
-0.367162 -0.300303 -0.334848 -0.262387 0.44423 0.383559 -0.394149 -0.254788 -0.327768 -0.185327 0.336885 0.210981
-0.281701 -0.257181 -0.426734 -0.00499835 -0.251476 -0.00635623 -0.3079 -0.277319 -0.448871 0.0681268 -0.274562 -0.0359174
-0.444116 -0.595666 -0.423533 0.197856 -0.428968 -0.0254386 -0.444155 -0.609473 -0.402253 0.100431 -0.284333 -0.102457
1.33767 0.924456 1.16693 -0.232791 0.719888 -0.536783 1.26806 0.899577 1.08384 -0.173996 0.60761 -0.495996
0.158751 0.237727 0.265954 0.662657 -0.920047 0.15167 0.166019 0.217781 0.246145 0.513612 -0.771159 0.0630445
-0.420186 -0.261868 -0.453138 -0.516751 0.143811 0.0793369 -0.40903 -0.311743 -0.428909 -0.392459 0.0558664 0.0617852
-0.356343 -0.258076 -0.446643 -0.0482448 0.0488724 -0.194717 -0.413616 -0.349745 -0.434289 -0.141288 0.0665237 -0.0777782
-0.27917 -0.415937 -0.262332 -0.215007 0.407828 -0.52619 -0.357598 -0.329403 -0.236443 -0.278362 0.362516 -0.524722
-0.231024 -0.451177 -0.485273 -0.574993 0.594892 -0.0614993 -0.222824 -0.449497 -0.418516 -0.586612 0.505874 -0.0674105
-0.447589 -0.0751848 -0.408117 -0.172967 0.255713 -0.0313324 -0.491688 -0.11108 -0.340511 -0.106881 0.190952 -0.0319403
-0.480011 -0.17504 -0.290526 0.127168 0.181736 -0.476582 -0.451021 -0.181664 -0.354623 0.0479923 0.14269 -0.431411
-0.512812 -0.638169 -0.454656 0.331146 0.632752 -0.802149 -0.556703 -0.649166 -0.388339 0.229708 0.515946 -0.627323
-0.316117 -1.02467 -0.49765 0.080814 -0.246894 0.149928 -0.358987 -0.87797 -0.538812 0.0527475 -0.22642 0.173082
-0.364042 -0.582492 -0.350179 -0.00935863 0.459524 -0.167373 -0.410507 -0.547627 -0.342828 0.0379544 0.408743 -0.137221
-0.384865 -0.605635 -0.113086 -0.0784227 -1.16914 0.444091 -0.3733 -0.583999 -0.140072 -0.0334892 -0.935714 0.422905
0.214642 0.0509672 0.13483 0.697278 -0.35757 -0.193972 0.204679 0.0484303 0.180734 0.589559 -0.298229 -0.193538
0.829615 1.06341 1.06271 -1.21459 0.0409671 -0.24296 0.830703 1.04505 1.04126 -0.919543 0.0192037 -0.164858
-0.464114 -0.486517 -0.386683 -0.984777 -0.0931439 0.201661 -0.462198 -0.49043 -0.43131 -0.715895 -0.110482 0.238139
-0.310086 -0.489586 -0.190789 0.578623 0.424311 -0.346558 -0.272978 -0.495158 -0.137645 0.466635 0.338834 -0.205649
-0.482533 -0.942716 -0.721742 0.212815 0.953016 0.00700607 -0.46455 -0.911239 -0.732403 0.120718 0.829258 -0.0197734
-0.622613 -0.592985 -0.681012 -0.938119 -0.65354 0.0593278 -0.597827 -0.604621 -0.646519 -0.754667 -0.548197 0.0768493
0.0165316 -0.317292 -0.408435 0.223369 -0.0694929 0.69793 -0.0180694 -0.296334 -0.43325 0.152486 -0.103919 0.653456
-0.53982 -0.439557 -0.292009 0.183062 0.853145 -0.268362 -0.543146 -0.467579 -0.321277 0.0775005 0.655908 -0.239602
-0.691671 -0.484304 -0.0933221 -0.28756 1.08541 -0.962573 -0.688495 -0.484751 -0.105176 -0.242247 0.901994 -0.767088
0.00872559 0.142588 0.386618 -0.518723 -0.243444 -0.776026 0.0159681 0.136271 0.405752 -0.454115 -0.21641 -0.688562
-0.639822 -0.66662 -0.36953 0.573695 0.0625267 0.348183 -0.520457 -0.649974 -0.371584 0.507494 0.0957001 0.359585
-0.379294 -0.3267 -0.481429 -0.162946 -0.0192428 0.522278 -0.390892 -0.321844 -0.50296 -0.131876 -0.035102 0.429759
-0.43194 -0.608693 -0.652256 -0.637 -0.123102 -0.206296 -0.456489 -0.6911 -0.705979 -0.554732 -0.109172 -0.15823
-0.368635 -0.203901 -0.370629 1.02605 -0.187759 -0.454606 -0.321794 -0.270895 -0.338455 0.830838 -0.226894 -0.451452
0.615 0.701274 0.639428 0.324789 0.576942 0.240743 0.748817 0.7515 0.663043 0.292041 0.535963 0.167439
-0.485407 -0.83937 -0.534303 0.33587 -0.431807 -0.336454 -0.560333 -0.786016 -0.560809 0.231084 -0.358738 -0.304381
0.188568 0.881008 0.321274 0.957161 -0.0224352 -0.408271 0.280625 1.07896 0.443805 0.875481 -0.0846476 -0.322498
-0.440593 -0.457611 -0.417964 0.228636 -1.27728 -0.346879 -0.345093 -0.473585 -0.497793 0.275781 -1.13849 -0.300623
-0.499735 -0.458661 -0.627375 -0.2571 -0.566522 -0.5689 -0.502086 -0.50204 -0.6395 -0.217317 -0.415638 -0.525354
-0.629216 -0.703829 -0.486264 -0.333842 0.661252 0.0918993 -0.486045 -0.714346 -0.550111 -0.179786 0.56384 0.0344519
-0.290118 -0.517935 -0.366298 -0.529922 -0.253881 -0.707839 -0.309505 -0.584385 -0.499359 -0.433771 -0.278163 -0.572969
-0.826658 -0.599495 -0.646204 -0.265308 0.0140587 0.729494 -0.876428 -0.487079 -0.643196 -0.25928 -0.0226744 0.468802
-0.496827 -0.608675 -0.472113 -0.503871 0.598392 0.557864 -0.502151 -0.479384 -0.578 -0.420658 0.447315 0.535165
0.473863 0.131736 0.325657 0.271213 0.0900141 0.694332 0.553411 0.19578 0.339555 0.221283 -0.0308026 0.49448
-0.598268 -0.39471 -0.699188 0.0136248 -0.00903759 0.0864244 -0.693336 -0.537704 -0.614667 0.0957452 0.00396218 0.138935
-0.196504 -0.151007 -0.232239 -1.00581 0.260915 -0.245882 -0.213514 -0.114936 -0.193676 -0.848727 0.215458 -0.234912
-0.177577 -0.629143 -0.00837684 -0.936692 -0.0164422 -0.720086 -0.379045 -0.728321 -0.0452974 -0.779267 -0.0516791 -0.413731
-0.808272 -0.269147 -0.917375 -0.341466 -0.338716 0.0766287 -0.740379 -0.262509 -0.886112 -0.341205 -0.318842 0.0406085
-0.68405 -0.983281 -1.42244 -0.0822457 0.717861 0.558864 -0.543854 -0.891224 -1.31402 -0.0398744 0.63365 0.552583
-1.07338 -1.02361 -0.9493 0.876549 0.599614 0.412236 -1.03145 -0.904551 -0.906877 0.720297 0.387278 0.442309
0.350503 0.503381 0.324629 -0.4886 -1.02874 -0.385511 0.491164 0.67988 0.42824 -0.504612 -0.865552 -0.39509
-0.417204 -0.790222 -0.368493 -0.352825 -0.377729 -0.496744 -0.475132 -0.771663 -0.448036 -0.221277 -0.165115 -0.371963
-1.04688 -1.11906 -0.81286 -0.327407 0.0829508 0.323196 -0.897622 -0.976459 -0.862928 -0.356771 -0.0291756 0.216634
-0.715385 -0.871967 -0.850305 -0.300097 -0.296891 0.334609 -0.630234 -0.753265 -0.938641 -0.269821 -0.253332 0.402721
-0.764575 -0.66655 -0.535574 -0.291742 0.737197 -0.129561 -0.917853 -0.803783 -0.620391 -0.248421 0.513487 -0.132512
-0.124963 -0.139954 -0.148621 -0.0401592 -0.0464037 -0.0337791 -0.141866 -0.140556 -0.156794 -0.0312701 -0.0370792 -0.031149
-0.175688 -0.190868 -0.163745 -0.121852 0.178005 0.0288698 -0.125329 -0.145141 -0.114914 -0.0932379 0.145086 0.0319189
-0.124592 -0.0736976 -0.108358 -0.0125579 -0.0425506 -0.00409789 -0.17639 -0.116098 -0.159758 -0.00712024 -0.0261956 -0.0107941
-0.103515 -0.110356 -0.0958828 -0.0268236 0.0285776 0.00331444 -0.140589 -0.154169 -0.136955 -0.0220027 0.0171128 0.00179961
-0.107321 -0.0788695 -0.0703401 0.0868758 -0.0141283 0.00728899 -0.171815 -0.134486 -0.130722 0.0742683 -0.00902035 -0.00506867
-0.0903729 -0.0942757 -0.0770652 -0.0171829 0.0158736 -0.0133337 -0.162711 -0.165669 -0.147397 -0.00254836 0.00393203 0.00237831
-0.0713183 -0.143238 -0.0788234 0.00150319 -0.0298803 -0.0482448 -0.12341 -0.190507 -0.145856 -0.00245169 -0.0208185 -0.0181173
-0.0887244 -0.055424 -0.127913 -0.0592016 0.0638696 0.0169136 -0.149096 -0.116907 -0.184047 -0.0371012 0.0587694 0.00598572
-0.0882592 -0.0934051 -0.104246 -0.0362711 0.0174614 -0.0645383 -0.141219 -0.147797 -0.150555 -0.0227719 0.00821865 -0.0497682
-0.101184 -0.0651735 -0.116289 -0.0156991 0.00298756 0.00664461 -0.149651 -0.120167 -0.176103 -0.00670666 0.000414732 -0.000945686
-0.0339983 -0.190853 -0.115128 0.0354458 0.173612 0.0625684 -0.230711 -0.364124 -0.230007 0.0154017 0.160837 0.0466217
-0.140676 -0.15068 -0.193357 -0.283125 -0.143216 0.157433 -0.13637 -0.126971 -0.188641 -0.239523 -0.107661 0.153463
-0.206744 -0.193295 0.0565355 -0.0897168 0.0360315 0.039083 -0.24809 -0.343059 -0.214162 -0.0696133 0.0385063 0.0320036
-0.159947 -0.127361 -0.193163 -0.0597096 -0.129164 0.0349388 -0.279758 -0.304099 -0.348564 -0.0623938 -0.119289 0.0346951
-0.0530108 -0.177409 -0.100037 -0.0510534 0.102868 -0.177228 -0.229018 -0.332366 -0.235002 -0.0491885 0.0711472 -0.145809
0.00852608 -0.0618974 -0.147397 0.0452218 -0.106859 -0.0797226 -0.192667 -0.176344 -0.341016 0.0398235 -0.114493 -0.0589593
-0.110365 -0.0917521 -0.128615 0.0968416 -0.0860656 0.0749746 -0.239382 -0.301559 -0.226498 0.0807631 -0.0854216 0.0527938
-0.118706 -0.13811 -0.00216032 -0.103933 0.0773575 -0.12995 -0.241204 -0.276228 -0.198825 -0.0707743 0.0584714 -0.109157
-0.0688004 -0.0724861 -0.203022 -0.0890707 0.00397588 -0.135515 -0.219244 -0.267234 -0.298719 -0.0683626 0.0162188 -0.129943
-0.220552 -0.011638 -0.158593 -0.0252231 0.0388549 0.0419386 -0.238212 -0.218671 -0.296 -0.0108888 0.0300662 0.024645
-0.107468 -0.153034 -0.247096 -0.190462 0.0577131 0.0533206 -0.271034 -0.325991 -0.329518 -0.129042 0.0259967 0.0368228
-0.111599 -0.116902 -0.185648 0.00641066 -0.0230852 0.223238 -0.25471 -0.256351 -0.341252 -0.0154087 -0.0111706 0.202616
-0.0696708 -0.196993 -0.0998091 0.0854914 -0.0444458 -0.186917 -0.225824 -0.291932 -0.246989 0.0628737 -0.0214038 -0.142342
-0.19657 -0.144253 -0.122229 0.275519 -0.509365 -0.299285 -0.183422 -0.133047 -0.136239 0.193165 -0.443975 -0.248436
-0.185405 -0.0629891 -0.0510908 0.18349 0.0214217 0.0441054 -0.302693 -0.229156 -0.244219 0.150651 0.0316835 0.0155674
-0.219656 -0.0653669 -0.145973 0.0569958 0.00718277 0.101617 -0.347338 -0.189348 -0.283526 0.0429937 0.0221481 0.0760693
-0.158722 -0.230262 -0.0773905 0.184911 -0.00869174 0.208585 -0.290181 -0.344075 -0.231119 0.152089 -0.0256615 0.154253
-0.0852439 -0.112217 -0.137942 -0.248443 -0.0742114 0.0907769 -0.238791 -0.258339 -0.251458 -0.227072 -0.0376103 0.0850268
-0.160965 -0.165938 -0.0508333 -0.0254508 -0.419087 -0.0938034 -0.306196 -0.295642 -0.22347 -0.0317029 -0.351887 -0.0778121
-0.202907 -0.129546 -0.0842037 -0.257033 -0.00580336 -0.00428105 -0.344473 -0.285814 -0.25941 -0.192511 -0.00530773 -0.0271657
-0.371622 -0.35205 -0.228836 -0.360408 0.378521 -0.109229 -0.449115 -0.464875 -0.375591 -0.290347 0.313852 -0.084184
-0.20842 -0.34927 -0.405042 0.0764535 0.572227 0.0598094 -0.401027 -0.464843 -0.437014 0.0639651 0.458063 0.0364033
-0.189586 -0.151045 -0.377112 -0.163252 -0.388066 0.625565 -0.290565 -0.276362 -0.383674 -0.159977 -0.292471 0.519545
-0.410259 -0.4135 -0.39968 0.0078964 -0.00535955 -0.0441344 -0.332103 -0.337885 -0.329467 0.00812581 -0.00166298 -0.0354693
-0.295894 -0.314875 -0.208165 0.523582 -0.671505 0.0616142 -0.30214 -0.355038 -0.188967 0.390949 -0.570302 0.0686259
-0.401082 -0.350697 -0.347507 -0.0343092 0.00244801 -0.0891105 -0.343268 -0.320418 -0.349589 -0.0220395 0.00329391 -0.0772146
-0.400053 -0.404599 -0.405212 -0.0191364 -0.0769309 -0.043103 -0.328452 -0.327297 -0.335897 -0.0134955 -0.0636279 -0.0361074
-0.358888 -0.281264 -0.360333 0.00899455 0.0195878 0.295725 -0.349601 -0.337697 -0.378929 0.00478756 0.00659785 0.25827
-0.403633 -0.409604 -0.409361 -0.0137457 -0.00569167 0.0390125 -0.331821 -0.331809 -0.33276 -0.0121411 -0.00844179 0.0307072
-0.393132 -0.404671 -0.409694 0.00449659 0.0698618 -0.0627704 -0.332148 -0.333441 -0.332429 0.00235596 0.0592223 -0.0530999
-0.489227 -0.481025 -0.481396 0.0677946 0.0251994 0.0230176 -0.396203 -0.391092 -0.39234 0.0569368 0.0195763 0.0191289
-0.342623 -0.221299 -0.623441 0.78918 -0.0785119 -0.840966 -0.417043 -0.196821 -0.627398 0.653428 -0.0672342 -0.701165
-0.462973 -0.478557 -0.480996 0.0279314 0.0352618 0.037213 -0.39086 -0.391948 -0.393197 0.0251342 0.0286806 0.0320112
-0.0656277 -0.0982931 -0.248182 -0.0118637 -0.525047 0.143026 -0.192463 -0.210777 -0.271188 -0.0391197 -0.466695 0.0952441
-0.39873 -0.418572 -0.453106 -0.0998513 -0.0413052 0.0175563 -0.388475 -0.398984 -0.385791 -0.0731902 -0.0371455 0.0187782
-0.473578 -0.483295 -0.485145 0.0646046 0.0726109 -0.0554465 -0.388921 -0.39782 -0.389847 0.0519836 0.0592665 -0.0459954
-0.462429 -0.459321 -0.45702 0.0693477 0.0671585 -0.00970677 -0.395065 -0.391169 -0.375865 0.0570544 0.0531839 -0.0121257
-0.49137 -0.48504 -0.486266 0.0559715 0.00416961 0.0167455 -0.395719 -0.393053 -0.395385 0.0449957 0.00162018 0.0126189
-0.489567 -0.471541 -0.481002 0.0603106 -0.0449761 0.0739514 -0.39314 -0.385542 -0.396372 0.0479312 -0.0358536 0.0586287
-0.486408 -0.11867 -0.224746 0.0164323 -0.245431 0.255079 -0.474859 -0.246487 -0.295713 -0.00215595 -0.213218 0.198816
-0.220222 -0.311629 -0.560533 -0.0497554 0.463876 0.363729 -0.2916 -0.394245 -0.57725 -0.0727254 0.439974 0.281332
-0.558724 -0.54956 -0.53954 0.125408 0.0391901 -0.025615 -0.460637 -0.461031 -0.456612 0.10554 0.0319108 -0.0186904
-0.364844 -0.6058 -0.370596 -0.0867178 -0.00163932 1.02703 -0.418158 -0.512862 -0.299208 -0.0726521 -0.0324841 0.807555
-0.426144 -0.355499 -0.444367 0.0970149 0.0459478 -0.0264394 -0.454402 -0.393762 -0.475647 0.0816608 0.0216745 -0.0174205
-0.548507 -0.544733 -0.556405 0.0615241 -0.0797873 0.00273791 -0.456281 -0.45539 -0.455808 0.0496985 -0.0659877 0.00152769
-0.52816 -0.542622 -0.528678 0.0330863 0.0781349 -0.135097 -0.457741 -0.459139 -0.454348 0.026873 0.0619497 -0.103618
-0.540179 -0.552236 -0.539623 0.00178318 0.0543226 0.0994061 -0.457374 -0.455038 -0.461357 0.00106963 0.0436074 0.0774285
-0.550099 -0.558801 -0.554754 0.0209076 -0.030614 0.01648 -0.454629 -0.459487 -0.460706 0.0162076 -0.025241 0.0111945
-0.558433 -0.553114 -0.555132 -0.00983643 0.087367 -0.00537772 -0.45772 -0.45667 -0.456855 -0.00790033 0.0694791 -0.00359383
-0.502354 -0.525137 -0.526351 0.0274173 0.0148961 -0.127536 -0.442394 -0.456353 -0.451367 0.027677 0.00976371 -0.10379
-0.601919 -0.601075 -0.612103 -0.137768 -0.0652565 -0.0536224 -0.515312 -0.513533 -0.519687 -0.108173 -0.0548608 -0.0482518
-0.614173 -0.603868 -0.603957 0.115681 0.0664925 -0.00851822 -0.512969 -0.515384 -0.512606 0.0931904 0.0550794 -0.00772519
-0.62018 -0.626301 -0.625045 0.0079092 -0.00124699 0.0509166 -0.516517 -0.518707 -0.519738 0.00709958 -0.000437028 0.0402309
-0.564121 -0.53246 -0.543384 0.0918059 -0.321131 -0.374316 -0.534457 -0.508466 -0.532457 0.0830591 -0.253493 -0.289503
-0.606808 -0.625629 -0.616869 0.0844454 -0.0295536 -0.0192761 -0.511451 -0.519278 -0.519657 0.069294 -0.0235594 -0.0186778
-0.610301 -0.613974 -0.614355 -0.0855599 -0.0176827 0.0295854 -0.51556 -0.520944 -0.514749 -0.0717746 -0.0171548 0.0243384
-0.0368988 -0.262601 -0.122777 -0.211851 0.129027 0.23598 -0.133811 -0.295773 -0.12694 -0.186615 0.0922129 0.267436
-0.614653 -0.618787 -0.625607 0.0750695 0.0453288 -0.0302347 -0.518475 -0.518979 -0.519467 0.062462 0.0378473 -0.02563
-0.41094 -0.370801 -0.556883 0.2592 -0.290308 -0.417763 -0.471721 -0.35257 -0.523176 0.173666 -0.183007 -0.412142
-0.61003 -0.572077 -0.593341 -0.102717 0.0128482 -0.0830288 -0.531765 -0.50641 -0.51334 -0.0882181 0.00898481 -0.0673161
-0.585056 -0.591894 -0.553655 0.255696 0.269137 0.145186 -0.556002 -0.566583 -0.532657 0.194889 0.215931 0.12983
-0.774909 -0.529663 -0.602182 -0.496368 0.0512443 -0.232426 -0.687532 -0.569885 -0.650059 -0.411811 0.0398165 -0.166883
-0.694228 -0.693942 -0.691016 -0.0131788 -0.0104435 -0.0200473 -0.583561 -0.580645 -0.582577 -0.0115671 -0.00701521 -0.011909
-0.68766 -0.691364 -0.68938 -0.0492641 -0.0554206 0.026044 -0.57904 -0.578225 -0.579371 -0.038389 -0.0453506 0.0221899
-0.691668 -0.68661 -0.693529 0.0840847 -0.0801324 -0.0421521 -0.581525 -0.577869 -0.578354 0.0679411 -0.0640972 -0.0348609
-0.689026 -0.678119 -0.671733 0.0968498 -0.10232 0.0606141 -0.581613 -0.580475 -0.580014 0.0743846 -0.0858173 0.0486073
-0.68142 -0.686109 -0.679933 -0.0109482 -0.0604973 0.0531232 -0.577599 -0.579433 -0.582572 -0.0102288 -0.0508644 0.0413703
-0.690289 -0.687305 -0.68552 -0.0377214 0.0197207 -0.0753337 -0.579804 -0.577568 -0.575347 -0.0323916 0.0140451 -0.0619099
-0.707919 -0.561185 -0.776074 0.315053 -0.260622 -0.00180094 -0.575618 -0.607243 -0.646073 0.167506 -0.180102 0.0149064
-0.641611 -0.658654 -0.639181 0.130447 0.0791583 0.00390889 -0.565619 -0.575845 -0.572125 0.105532 0.0636933 -0.00169192
-0.708203 -0.707794 -0.671001 0.282418 0.121476 0.196505 -0.641031 -0.662069 -0.631951 0.233452 0.0987169 0.165648
-0.75699 -0.760209 -0.749275 -0.00860409 -0.0523531 0.0258027 -0.63979 -0.642422 -0.637366 -0.00689597 -0.0416238 0.0202661
-0.763112 -0.756392 -0.754883 -0.086257 0.0428045 -0.0340427 -0.642852 -0.63832 -0.641325 -0.0698025 0.0375317 -0.0291152
-0.750604 -0.761335 -0.748841 -0.000765257 -0.0166416 -0.078908 -0.643159 -0.641891 -0.641265 -0.00388614 -0.0126102 -0.0652572
-0.732388 -0.733264 -0.725585 -0.177642 0.000427453 -0.0791027 -0.643725 -0.637334 -0.635038 -0.143698 -0.00708248 -0.0674932
-0.752907 -0.756615 -0.761819 -0.0800994 -0.0166489 -0.00517738 -0.638606 -0.637541 -0.64318 -0.0626584 -0.0140643 -0.00424603
-0.74619 -0.748332 -0.753032 -0.143179 0.000729308 0.117085 -0.645749 -0.643376 -0.640956 -0.118474 0.00160445 0.0969779
-0.821331 -0.509764 -0.380619 0.73247 0.81752 0.466236 -0.717778 -0.464563 -0.377583 0.641182 0.662681 0.470867
-0.725734 -1.07685 -0.847531 0.273994 -0.636096 -0.704447 -0.703296 -1.00627 -0.736578 0.27453 -0.586876 -0.660845
-0.749993 -0.745702 -0.740041 0.0502968 0.00741914 -0.0398912 -0.641606 -0.634675 -0.63501 0.0388751 0.00432729 -0.0382528
-0.816136 -0.826342 -0.818605 -0.0278733 0.172794 0.129825 -0.699563 -0.711799 -0.700024 -0.0196684 0.138855 0.105797
-0.815805 -0.823644 -0.82357 0.0186792 -0.0110733 0.0562464 -0.695631 -0.702036 -0.701692 0.0153765 -0.0125305 0.0460541
-0.761439 -0.72631 -0.742984 0.165813 -0.0494205 0.334191 -0.687048 -0.678545 -0.688771 0.126557 -0.0422184 0.2769
-0.55542 -0.454498 -0.49428 1.8138 0.737516 0.0638053 -0.579954 -0.543167 -0.435852 1.47102 0.554534 0.0145787
-0.702089 -0.727286 -0.241179 -0.48805 1.15596 -0.520495 -0.703304 -0.610298 -0.332667 -0.407473 0.94005 -0.540516
-0.81824 -0.811034 -0.820777 0.0359935 0.0151125 0.151044 -0.702184 -0.698155 -0.700643 0.0250119 0.0105455 0.121305
-0.784637 -0.790478 -0.78867 -0.116392 0.148239 -0.0927147 -0.692082 -0.697755 -0.687763 -0.104498 0.118335 -0.0844197
-0.832149 -0.829603 -0.829016 0.0866567 0.0204679 0.0784795 -0.703107 -0.701919 -0.700963 0.0686703 0.0161709 0.0638614
-0.824862 -0.824529 -0.826032 -0.0618703 -0.0513468 0.0315597 -0.698091 -0.699279 -0.702284 -0.0510656 -0.043146 0.0228053
-0.830698 -0.830683 -0.828176 -0.0218922 -0.0774124 -0.0502433 -0.70294 -0.703222 -0.700429 -0.0177827 -0.0645777 -0.0411516
