2025-11-10 22:23:36.557980: E external/local_xla/xla/stream_executor/cuda/cuda_fft.cc:477] Unable to register cuFFT factory: Attempting to register factory for plugin cuFFT when one has already been registered
WARNING: All log messages before absl::InitializeLog() is called are written to STDERR
E0000 00:00:1762842216.566734 3093683 cuda_dnn.cc:8310] Unable to register cuDNN factory: Attempting to register factory for plugin cuDNN when one has already been registered
E0000 00:00:1762842216.569671 3093683 cuda_blas.cc:1418] Unable to register cuBLAS factory: Attempting to register factory for plugin cuBLAS when one has already been registered
2025-11-10 22:23:36.578946: I tensorflow/core/platform/cpu_feature_guard.cc:210] This TensorFlow binary is optimized to use available CPU instructions in performance-critical operations.
To enable the following instructions: SSE4.1 SSE4.2 AVX AVX2 FMA, in other operations, rebuild TensorFlow with the appropriate compiler flags.
/home/zekun/Programs/miniconda3/envs/kaldo/lib/python3.11/site-packages/requests/__init__.py:86: RequestsDependencyWarning: Unable to find acceptable character detection dependency (chardet or charset_normalizer).
  warnings.warn(
2025-11-10 22:23:40,802 - kaldo - INFO - Trying to open POSCAR
2025-11-10 22:23:40,807 - kaldo - INFO - Charge data found in 2nd order QE file
2025-11-10 22:23:40,830 - kaldo - INFO - error sum rule: 3.493449101765268
2025-11-10 22:23:40,830 - kaldo - INFO - Trying to open POSCAR
2025-11-10 22:23:40,830 - kaldo - INFO - Important: FORCECONSTANTS_3RD must be generated by d3q without recentering. Cell indeces must be from 0 to nrep, not [-nrep/2,nrep/2]
2025-11-10 22:27:04,991 - kaldo - INFO - error with notation number < e-100, used default value=0.0. It happened 0 times
2025-11-10 22:27:04,991 - kaldo - INFO - Using unfolding.
/home/zekun/Programs/miniconda3/envs/kaldo/lib/python3.11/site-packages/seekpath/hpkot/__init__.py:172: DeprecationWarning: dict interface is deprecated. Use attribute interface instead
  conv_lattice = dataset["std_lattice"]
I0000 00:00:1762842425.137695 3093683 gpu_device.cc:2022] Created device /job:localhost/replica:0/task:0/device:GPU:0 with 10328 MB memory:  -> device: 0, name: NVIDIA GeForce RTX 3060, pci bus id: 0000:41:00.0, compute capability: 8.6
2025-11-10 22:27:33,209 - kaldo - INFO - ALD_with_NAC/15_15_15/_eigensystem not found in numpy format, calculating _eigensystem
2025-11-10 22:28:42,256 - kaldo - INFO - ALD_with_NAC/15_15_15/_eigensystem stored
2025-11-10 22:28:42,256 - kaldo - INFO - ALD_with_NAC/15_15_15/physical_mode not found in numpy format, calculating physical_mode
2025-11-10 22:28:42,279 - kaldo - INFO - ALD_with_NAC/15_15_15/frequency not found in numpy format, calculating frequency
2025-11-10 22:29:52,247 - kaldo - INFO - ALD_with_NAC/15_15_15/frequency stored
2025-11-10 22:29:52,247 - kaldo - INFO - ALD_with_NAC/15_15_15/physical_mode stored
2025-11-10 22:29:52,884 - kaldo - INFO - Loading ALD_with_NAC/15_15_15/_eigensystem
2025-11-10 22:29:52,884 - kaldo - INFO - Loading ALD_with_NAC/15_15_15/physical_mode
2025-11-10 22:29:52,970 - kaldo - INFO - Loading ALD_with_NAC/15_15_15/_eigensystem
2025-11-10 22:29:52,971 - kaldo - INFO - Loading ALD_with_NAC/15_15_15/physical_mode


2025-11-10 22:29:53,219 - kaldo - INFO - ALD_with_NAC/15_15_15/inverse/300/quantum/conductivity not found in formatted format, calculating conductivity
2025-11-10 22:29:53,219 - kaldo - INFO - ALD_with_NAC/15_15_15/inverse/300/quantum/mean_free_path not found in formatted format, calculating mean_free_path
2025-11-10 22:29:53,220 - kaldo - INFO - Loading ALD_with_NAC/15_15_15/physical_mode
2025-11-10 22:29:53,220 - kaldo - INFO - ALD_with_NAC/15_15_15/velocity not found in numpy format, calculating velocity
2025-11-10 22:35:27,150 - kaldo - INFO - ALD_with_NAC/15_15_15/velocity stored
2025-11-10 22:35:27,150 - kaldo - INFO - Loading ALD_with_NAC/15_15_15/physical_mode
2025-11-10 22:35:27,151 - kaldo - INFO - Loading ALD_with_NAC/15_15_15/frequency
2025-11-10 22:35:27,151 - kaldo - INFO - ALD_with_NAC/15_15_15/300/quantum/_ps_gamma_and_gamma_tensor not found in numpy format, calculating _ps_gamma_and_gamma_tensor
2025-11-10 22:35:27,151 - kaldo - INFO - ALD_with_NAC/15_15_15/300/quantum/population not found in numpy format, calculating population
2025-11-10 22:36:34,434 - kaldo - INFO - ALD_with_NAC/15_15_15/300/quantum/population stored
2025-11-10 22:36:34,434 - kaldo - INFO - ALD_with_NAC/15_15_15/_sparse_phase_and_potential not found in numpy format, calculating _sparse_phase_and_potential
2025-11-10 22:36:34,465 - kaldo - INFO - Loading ALD_with_NAC/15_15_15/_eigensystem
2025-11-10 22:36:34,466 - kaldo - INFO - Projection started
2025-11-10 22:36:34,466 - kaldo - INFO - Loading ALD_with_NAC/15_15_15/physical_mode
2025-11-10 22:36:34,467 - kaldo - INFO - Loading ALD_with_NAC/15_15_15/frequency
2025-11-10 22:36:34,467 - kaldo - INFO - Loading ALD_with_NAC/15_15_15/velocity
2025-11-10 22:36:34,467 - kaldo - INFO - calculating third 0: 0.00%
2025-11-10 22:37:26,179 - kaldo - INFO - calculating third 200: 0.99%
2025-11-10 22:38:18,946 - kaldo - INFO - calculating third 400: 1.98%
2025-11-10 22:39:11,154 - kaldo - INFO - calculating third 600: 2.96%
2025-11-10 22:40:02,280 - kaldo - INFO - calculating third 800: 3.95%
2025-11-10 22:40:54,537 - kaldo - INFO - calculating third 1000: 4.94%
2025-11-10 22:41:47,457 - kaldo - INFO - calculating third 1200: 5.93%
2025-11-10 22:42:39,440 - kaldo - INFO - calculating third 1400: 6.91%
2025-11-10 22:43:31,818 - kaldo - INFO - calculating third 1600: 7.90%
2025-11-10 22:44:24,696 - kaldo - INFO - calculating third 1800: 8.89%
2025-11-10 22:45:16,959 - kaldo - INFO - calculating third 2000: 9.88%
2025-11-10 22:46:08,178 - kaldo - INFO - calculating third 2200: 10.86%
2025-11-10 22:47:00,154 - kaldo - INFO - calculating third 2400: 11.85%
2025-11-10 22:47:53,139 - kaldo - INFO - calculating third 2600: 12.84%
2025-11-10 22:48:45,555 - kaldo - INFO - calculating third 2800: 13.83%
2025-11-10 22:49:37,841 - kaldo - INFO - calculating third 3000: 14.81%
2025-11-10 22:50:31,101 - kaldo - INFO - calculating third 3200: 15.80%
2025-11-10 22:51:23,710 - kaldo - INFO - calculating third 3400: 16.79%
2025-11-10 22:52:14,632 - kaldo - INFO - calculating third 3600: 17.78%
2025-11-10 22:53:07,198 - kaldo - INFO - calculating third 3800: 18.77%
2025-11-10 22:54:00,337 - kaldo - INFO - calculating third 4000: 19.75%
2025-11-10 22:54:52,899 - kaldo - INFO - calculating third 4200: 20.74%
2025-11-10 22:55:45,552 - kaldo - INFO - calculating third 4400: 21.73%
2025-11-10 22:56:38,862 - kaldo - INFO - calculating third 4600: 22.72%
2025-11-10 22:57:31,633 - kaldo - INFO - calculating third 4800: 23.70%
2025-11-10 22:58:22,012 - kaldo - INFO - calculating third 5000: 24.69%
2025-11-10 22:59:14,033 - kaldo - INFO - calculating third 5200: 25.68%
2025-11-10 23:00:06,905 - kaldo - INFO - calculating third 5400: 26.67%
2025-11-10 23:00:59,679 - kaldo - INFO - calculating third 5600: 27.65%
2025-11-10 23:01:52,868 - kaldo - INFO - calculating third 5800: 28.64%
2025-11-10 23:02:45,920 - kaldo - INFO - calculating third 6000: 29.63%
2025-11-10 23:03:38,029 - kaldo - INFO - calculating third 6200: 30.62%
2025-11-10 23:04:28,427 - kaldo - INFO - calculating third 6400: 31.60%
2025-11-10 23:05:20,946 - kaldo - INFO - calculating third 6600: 32.59%
2025-11-10 23:06:13,033 - kaldo - INFO - calculating third 6800: 33.58%
2025-11-10 23:07:05,564 - kaldo - INFO - calculating third 7000: 34.57%
2025-11-10 23:07:58,676 - kaldo - INFO - calculating third 7200: 35.56%
2025-11-10 23:08:50,758 - kaldo - INFO - calculating third 7400: 36.54%
2025-11-10 23:09:42,548 - kaldo - INFO - calculating third 7600: 37.53%
2025-11-10 23:10:31,999 - kaldo - INFO - calculating third 7800: 38.52%
2025-11-10 23:11:23,325 - kaldo - INFO - calculating third 8000: 39.51%
2025-11-10 23:12:13,989 - kaldo - INFO - calculating third 8200: 40.49%
2025-11-10 23:13:05,953 - kaldo - INFO - calculating third 8400: 41.48%
2025-11-10 23:13:58,736 - kaldo - INFO - calculating third 8600: 42.47%
2025-11-10 23:14:49,376 - kaldo - INFO - calculating third 8800: 43.46%
2025-11-10 23:15:40,414 - kaldo - INFO - calculating third 9000: 44.44%
2025-11-10 23:16:30,411 - kaldo - INFO - calculating third 9200: 45.43%
2025-11-10 23:17:20,731 - kaldo - INFO - calculating third 9400: 46.42%
2025-11-10 23:18:09,822 - kaldo - INFO - calculating third 9600: 47.41%
2025-11-10 23:19:00,304 - kaldo - INFO - calculating third 9800: 48.40%
2025-11-10 23:19:51,549 - kaldo - INFO - calculating third 10000: 49.38%
2025-11-10 23:20:41,884 - kaldo - INFO - calculating third 10200: 50.37%
2025-11-10 23:21:32,083 - kaldo - INFO - calculating third 10400: 51.36%
2025-11-10 23:22:23,030 - kaldo - INFO - calculating third 10600: 52.35%
2025-11-10 23:23:13,827 - kaldo - INFO - calculating third 10800: 53.33%
2025-11-10 23:24:03,371 - kaldo - INFO - calculating third 11000: 54.32%
2025-11-10 23:24:54,324 - kaldo - INFO - calculating third 11200: 55.31%
2025-11-10 23:25:45,007 - kaldo - INFO - calculating third 11400: 56.30%
2025-11-10 23:26:35,229 - kaldo - INFO - calculating third 11600: 57.28%
2025-11-10 23:27:26,236 - kaldo - INFO - calculating third 11800: 58.27%
2025-11-10 23:28:17,693 - kaldo - INFO - calculating third 12000: 59.26%
2025-11-10 23:29:07,316 - kaldo - INFO - calculating third 12200: 60.25%
2025-11-10 23:29:57,892 - kaldo - INFO - calculating third 12400: 61.23%
2025-11-10 23:30:47,011 - kaldo - INFO - calculating third 12600: 62.22%
2025-11-10 23:31:38,027 - kaldo - INFO - calculating third 12800: 63.21%
2025-11-10 23:32:28,772 - kaldo - INFO - calculating third 13000: 64.20%
2025-11-10 23:33:20,522 - kaldo - INFO - calculating third 13200: 65.19%
2025-11-10 23:34:13,123 - kaldo - INFO - calculating third 13400: 66.17%
2025-11-10 23:35:04,444 - kaldo - INFO - calculating third 13600: 67.16%
2025-11-10 23:35:55,888 - kaldo - INFO - calculating third 13800: 68.15%
2025-11-10 23:36:45,657 - kaldo - INFO - calculating third 14000: 69.14%
2025-11-10 23:37:36,298 - kaldo - INFO - calculating third 14200: 70.12%
2025-11-10 23:38:28,075 - kaldo - INFO - calculating third 14400: 71.11%
2025-11-10 23:39:20,809 - kaldo - INFO - calculating third 14600: 72.10%
2025-11-10 23:40:14,227 - kaldo - INFO - calculating third 14800: 73.09%
2025-11-10 23:41:06,538 - kaldo - INFO - calculating third 15000: 74.07%
2025-11-10 23:41:58,806 - kaldo - INFO - calculating third 15200: 75.06%
2025-11-10 23:42:49,909 - kaldo - INFO - calculating third 15400: 76.05%
2025-11-10 23:43:41,036 - kaldo - INFO - calculating third 15600: 77.04%
2025-11-10 23:44:33,829 - kaldo - INFO - calculating third 15800: 78.02%
2025-11-10 23:45:27,284 - kaldo - INFO - calculating third 16000: 79.01%
2025-11-10 23:46:20,603 - kaldo - INFO - calculating third 16200: 80.00%
2025-11-10 23:47:13,241 - kaldo - INFO - calculating third 16400: 80.99%
2025-11-10 23:48:05,890 - kaldo - INFO - calculating third 16600: 81.98%
2025-11-10 23:48:56,521 - kaldo - INFO - calculating third 16800: 82.96%
2025-11-10 23:49:48,122 - kaldo - INFO - calculating third 17000: 83.95%
2025-11-10 23:50:41,393 - kaldo - INFO - calculating third 17200: 84.94%
2025-11-10 23:51:34,134 - kaldo - INFO - calculating third 17400: 85.93%
2025-11-10 23:52:26,662 - kaldo - INFO - calculating third 17600: 86.91%
2025-11-10 23:53:19,438 - kaldo - INFO - calculating third 17800: 87.90%
2025-11-10 23:54:12,690 - kaldo - INFO - calculating third 18000: 88.89%
2025-11-10 23:55:03,733 - kaldo - INFO - calculating third 18200: 89.88%
2025-11-10 23:55:55,721 - kaldo - INFO - calculating third 18400: 90.86%
2025-11-10 23:56:48,901 - kaldo - INFO - calculating third 18600: 91.85%
2025-11-10 23:57:41,671 - kaldo - INFO - calculating third 18800: 92.84%
2025-11-10 23:58:33,824 - kaldo - INFO - calculating third 19000: 93.83%
2025-11-10 23:59:26,714 - kaldo - INFO - calculating third 19200: 94.81%
2025-11-11 00:00:19,596 - kaldo - INFO - calculating third 19400: 95.80%
2025-11-11 00:01:10,816 - kaldo - INFO - calculating third 19600: 96.79%
2025-11-11 00:02:02,272 - kaldo - INFO - calculating third 19800: 97.78%
2025-11-11 00:02:55,186 - kaldo - INFO - calculating third 20000: 98.77%
2025-11-11 00:03:47,929 - kaldo - INFO - calculating third 20200: 99.75%
2025-11-11 00:04:00,648 - kaldo - INFO - '_project_crystal'  5246.21 s
2025-11-11 00:04:06,544 - kaldo - INFO - ALD_with_NAC/15_15_15/_sparse_phase_and_potential stored as 20247 per-mu arrays
2025-11-11 00:04:31,610 - kaldo - INFO - Loading ALD_with_NAC/15_15_15/_sparse_phase_and_potential
2025-11-11 00:04:31,950 - kaldo - INFO - scattering_tensor: [20250 20252] * <class 'float'>
2025-11-11 00:04:31,953 - kaldo - INFO - Memory needed: 3280 MB, available: 249563 / 270132 MB
2025-11-11 00:13:23,350 - kaldo - INFO - ALD_with_NAC/15_15_15/300/quantum/_ps_gamma_and_gamma_tensor stored
2025-11-11 00:13:24,954 - kaldo - INFO - _scattering_matrix: [20247 20247] * <class 'float'>
2025-11-11 00:13:24,954 - kaldo - INFO - Memory needed: 3279 MB, available: 246243 / 270132 MB
2025-11-11 00:13:25,228 - kaldo - INFO - ALD_with_NAC/15_15_15/300/quantum/bandwidth not found in numpy format, calculating bandwidth
2025-11-11 00:13:25,230 - kaldo - INFO - ALD_with_NAC/15_15_15/300/quantum/anharmonic_bandwidth not found in numpy format, calculating anharmonic_bandwidth
2025-11-11 00:13:25,230 - kaldo - INFO - ALD_with_NAC/15_15_15/300/quantum/_ps_and_gamma not found in numpy format, calculating _ps_and_gamma
2025-11-11 00:13:26,002 - kaldo - INFO - Loading ALD_with_NAC/15_15_15/300/quantum/_ps_gamma_and_gamma_tensor
2025-11-11 00:13:26,004 - kaldo - INFO - ALD_with_NAC/15_15_15/300/quantum/_ps_and_gamma stored
2025-11-11 00:13:26,004 - kaldo - INFO - ALD_with_NAC/15_15_15/300/quantum/anharmonic_bandwidth stored
2025-11-11 00:13:26,005 - kaldo - INFO - ALD_with_NAC/15_15_15/300/quantum/bandwidth stored
2025-11-11 00:14:15,914 - kaldo - INFO - Loading ALD_with_NAC/15_15_15/physical_mode
2025-11-11 00:14:15,915 - kaldo - INFO - Loading ALD_with_NAC/15_15_15/frequency
2025-11-11 00:14:16,291 - kaldo - INFO - Loading ALD_with_NAC/15_15_15/300/quantum/_ps_gamma_and_gamma_tensor
2025-11-11 00:14:17,592 - kaldo - INFO - _scattering_matrix: [20247 20247] * <class 'float'>
2025-11-11 00:14:17,592 - kaldo - INFO - Memory needed: 3279 MB, available: 242864 / 270132 MB
2025-11-11 00:14:17,867 - kaldo - INFO - Loading ALD_with_NAC/15_15_15/300/quantum/bandwidth
2025-11-11 00:15:08,249 - kaldo - INFO - Loading ALD_with_NAC/15_15_15/physical_mode
2025-11-11 00:15:08,249 - kaldo - INFO - Loading ALD_with_NAC/15_15_15/frequency
2025-11-11 00:15:08,702 - kaldo - INFO - Loading ALD_with_NAC/15_15_15/300/quantum/_ps_gamma_and_gamma_tensor
2025-11-11 00:15:09,915 - kaldo - INFO - _scattering_matrix: [20247 20247] * <class 'float'>
2025-11-11 00:15:09,915 - kaldo - INFO - Memory needed: 3279 MB, available: 242865 / 270132 MB
2025-11-11 00:15:10,190 - kaldo - INFO - Loading ALD_with_NAC/15_15_15/300/quantum/bandwidth
2025-11-11 00:16:00,641 - kaldo - INFO - ALD_with_NAC/15_15_15/300/quantum/heat_capacity not found in numpy format, calculating heat_capacity
2025-11-11 00:17:17,610 - kaldo - INFO - ALD_with_NAC/15_15_15/300/quantum/heat_capacity stored
2025-11-11 00:17:17,611 - kaldo - INFO - Loading ALD_with_NAC/15_15_15/velocity
2025-11-11 00:17:17,611 - kaldo - INFO - Loading ALD_with_NAC/15_15_15/physical_mode
2025-11-11 00:17:17,614 - kaldo - INFO - Conductivity calculated
Bulk thermal conductivity (W/m/K):  46.90923930097285


Thermal condutivity tensor: 

[[48.28274669  0.1679327   0.17511998]
 [ 0.1578457  46.26243035 -0.83665715]
 [ 0.16267352 -0.83625624 46.18254086]]
2025-11-11 00:17:17,821 - kaldo - INFO - ALD_with_NAC/15_15_15/inverse/300/quantum/isotopes/conductivity not found in formatted format, calculating conductivity
2025-11-11 00:17:17,821 - kaldo - INFO - ALD_with_NAC/15_15_15/inverse/300/quantum/isotopes/mean_free_path not found in formatted format, calculating mean_free_path
2025-11-11 00:17:17,821 - kaldo - INFO - Loading ALD_with_NAC/15_15_15/physical_mode
2025-11-11 00:17:17,821 - kaldo - INFO - Loading ALD_with_NAC/15_15_15/velocity
2025-11-11 00:17:17,822 - kaldo - INFO - Loading ALD_with_NAC/15_15_15/physical_mode
2025-11-11 00:17:17,822 - kaldo - INFO - Loading ALD_with_NAC/15_15_15/frequency
2025-11-11 00:17:18,209 - kaldo - INFO - Loading ALD_with_NAC/15_15_15/300/quantum/_ps_gamma_and_gamma_tensor
2025-11-11 00:17:19,426 - kaldo - INFO - _scattering_matrix: [20247 20247] * <class 'float'>
2025-11-11 00:17:19,426 - kaldo - INFO - Memory needed: 3279 MB, available: 242884 / 270132 MB
2025-11-11 00:17:19,701 - kaldo - INFO - ALD_with_NAC/15_15_15/300/quantum/isotopes/bandwidth not found in numpy format, calculating bandwidth
2025-11-11 00:17:19,702 - kaldo - INFO - Loading ALD_with_NAC/15_15_15/300/quantum/anharmonic_bandwidth
2025-11-11 00:17:19,702 - kaldo - INFO - ALD_with_NAC/15_15_15/isotopic_bandwidth not found in numpy format, calculating isotopic_bandwidth
2025-11-11 00:17:19,702 - kaldo - WARNING - input isotopic gfactors are missing, using isotopic concentrations from ase database (NIST)
2025-11-11 00:17:20,366 - kaldo - INFO - downloading isotopic data from NIST database, using ase.data.isotopes.
2025-11-11 00:17:20,366 - kaldo - INFO - g factors=[7.39882711e-04 3.35880251e-05]
2025-11-11 00:17:20,366 - kaldo - INFO - Loading ALD_with_NAC/15_15_15/frequency
2025-11-11 00:17:20,367 - kaldo - INFO - Loading ALD_with_NAC/15_15_15/physical_mode
2025-11-11 00:17:20,367 - kaldo - INFO - Loading ALD_with_NAC/15_15_15/_eigensystem
2025-11-11 00:17:20,367 - kaldo - INFO - Loading ALD_with_NAC/15_15_15/velocity
2025-11-11 00:17:20,369 - kaldo - INFO - per25,per50,per75,mean sigma=0.05802567627607914 0.11983967024438996 0.1967025704546232 0.2240953652892854
2025-11-11 00:17:20,369 - kaldo - INFO - Using Gaussian diffusivity_shape
2025-11-11 00:17:20,369 - kaldo - INFO - Calculating isotopic bandwidth  0, 0.0%
2025-11-11 00:17:20,838 - kaldo - INFO - Calculating isotopic bandwidth  1000, 5.0%
2025-11-11 00:17:21,300 - kaldo - INFO - Calculating isotopic bandwidth  2000, 10.0%
2025-11-11 00:17:21,781 - kaldo - INFO - Calculating isotopic bandwidth  3000, 15.0%
2025-11-11 00:17:22,299 - kaldo - INFO - Calculating isotopic bandwidth  4000, 20.0%
2025-11-11 00:17:22,828 - kaldo - INFO - Calculating isotopic bandwidth  5000, 25.0%
2025-11-11 00:17:23,342 - kaldo - INFO - Calculating isotopic bandwidth  6000, 30.0%
2025-11-11 00:17:23,861 - kaldo - INFO - Calculating isotopic bandwidth  7000, 35.0%
2025-11-11 00:17:24,405 - kaldo - INFO - Calculating isotopic bandwidth  8000, 40.0%
2025-11-11 00:17:24,939 - kaldo - INFO - Calculating isotopic bandwidth  9000, 44.0%
2025-11-11 00:17:25,469 - kaldo - INFO - Calculating isotopic bandwidth  10000, 49.0%
2025-11-11 00:17:25,995 - kaldo - INFO - Calculating isotopic bandwidth  11000, 54.0%
2025-11-11 00:17:26,528 - kaldo - INFO - Calculating isotopic bandwidth  12000, 59.0%
2025-11-11 00:17:27,049 - kaldo - INFO - Calculating isotopic bandwidth  13000, 64.0%
2025-11-11 00:17:27,590 - kaldo - INFO - Calculating isotopic bandwidth  14000, 69.0%
2025-11-11 00:17:28,120 - kaldo - INFO - Calculating isotopic bandwidth  15000, 74.0%
2025-11-11 00:17:28,657 - kaldo - INFO - Calculating isotopic bandwidth  16000, 79.0%
2025-11-11 00:17:29,163 - kaldo - INFO - Calculating isotopic bandwidth  17000, 84.0%
2025-11-11 00:17:29,665 - kaldo - INFO - Calculating isotopic bandwidth  18000, 89.0%
2025-11-11 00:17:30,180 - kaldo - INFO - Calculating isotopic bandwidth  19000, 94.0%
2025-11-11 00:17:30,670 - kaldo - INFO - Calculating isotopic bandwidth  20000, 99.0%
2025-11-11 00:17:30,786 - kaldo - INFO - 'compute_isotopic_bw'  10.42 s
2025-11-11 00:17:30,786 - kaldo - INFO - ALD_with_NAC/15_15_15/isotopic_bandwidth stored
2025-11-11 00:17:30,786 - kaldo - INFO - ALD_with_NAC/15_15_15/300/quantum/isotopes/bandwidth stored
2025-11-11 00:18:21,230 - kaldo - INFO - Loading ALD_with_NAC/15_15_15/physical_mode
2025-11-11 00:18:21,230 - kaldo - INFO - Loading ALD_with_NAC/15_15_15/frequency
2025-11-11 00:18:21,687 - kaldo - INFO - Loading ALD_with_NAC/15_15_15/300/quantum/_ps_gamma_and_gamma_tensor
2025-11-11 00:18:22,899 - kaldo - INFO - _scattering_matrix: [20247 20247] * <class 'float'>
2025-11-11 00:18:22,899 - kaldo - INFO - Memory needed: 3279 MB, available: 242884 / 270132 MB
2025-11-11 00:18:23,175 - kaldo - INFO - Loading ALD_with_NAC/15_15_15/300/quantum/isotopes/bandwidth
2025-11-11 00:19:13,574 - kaldo - INFO - Loading ALD_with_NAC/15_15_15/physical_mode
2025-11-11 00:19:13,575 - kaldo - INFO - Loading ALD_with_NAC/15_15_15/frequency
2025-11-11 00:19:14,032 - kaldo - INFO - Loading ALD_with_NAC/15_15_15/300/quantum/_ps_gamma_and_gamma_tensor
2025-11-11 00:19:15,247 - kaldo - INFO - _scattering_matrix: [20247 20247] * <class 'float'>
2025-11-11 00:19:15,247 - kaldo - INFO - Memory needed: 3279 MB, available: 244890 / 270132 MB
2025-11-11 00:19:15,523 - kaldo - INFO - Loading ALD_with_NAC/15_15_15/300/quantum/isotopes/bandwidth
2025-11-11 00:20:06,067 - kaldo - INFO - Loading ALD_with_NAC/15_15_15/300/quantum/heat_capacity
2025-11-11 00:20:06,068 - kaldo - INFO - Loading ALD_with_NAC/15_15_15/velocity
2025-11-11 00:20:06,068 - kaldo - INFO - Loading ALD_with_NAC/15_15_15/physical_mode
2025-11-11 00:20:06,073 - kaldo - INFO - Conductivity calculated
Bulk thermal conductivity with iso(W/m/K):  36.79974557681516


Thermal condutivity tensor wit iso: 

[[38.12713695  0.0793628   0.08470112]
 [ 0.07066029 36.17260656 -0.14838362]
 [ 0.072568   -0.14867456 36.09949322]]


